Archive member included to satisfy reference by file (symbol)

c:/program files (x86)/gnu tools arm embedded/9 2019-q4-major/bin/../lib/gcc/arm-none-eabi/9.2.1/../../../../arm-none-eabi/lib/thumb/v7e-m+fp/hard\libc_nano.a(lib_a-ctype_.o)
                              _build/nrf52840_xxaa/nrf_log_str_formatter.c.o (_ctype_)
c:/program files (x86)/gnu tools arm embedded/9 2019-q4-major/bin/../lib/gcc/arm-none-eabi/9.2.1/../../../../arm-none-eabi/lib/thumb/v7e-m+fp/hard\libc_nano.a(lib_a-exit.o)
                              c:/program files (x86)/gnu tools arm embedded/9 2019-q4-major/bin/../lib/gcc/arm-none-eabi/9.2.1/../../../../arm-none-eabi/lib/thumb/v7e-m+fp/hard/crt0.o (exit)
c:/program files (x86)/gnu tools arm embedded/9 2019-q4-major/bin/../lib/gcc/arm-none-eabi/9.2.1/../../../../arm-none-eabi/lib/thumb/v7e-m+fp/hard\libc_nano.a(lib_a-impure.o)
                              c:/program files (x86)/gnu tools arm embedded/9 2019-q4-major/bin/../lib/gcc/arm-none-eabi/9.2.1/../../../../arm-none-eabi/lib/thumb/v7e-m+fp/hard\libc_nano.a(lib_a-exit.o) (_global_impure_ptr)
c:/program files (x86)/gnu tools arm embedded/9 2019-q4-major/bin/../lib/gcc/arm-none-eabi/9.2.1/../../../../arm-none-eabi/lib/thumb/v7e-m+fp/hard\libc_nano.a(lib_a-init.o)
                              c:/program files (x86)/gnu tools arm embedded/9 2019-q4-major/bin/../lib/gcc/arm-none-eabi/9.2.1/../../../../arm-none-eabi/lib/thumb/v7e-m+fp/hard/crt0.o (__libc_init_array)
c:/program files (x86)/gnu tools arm embedded/9 2019-q4-major/bin/../lib/gcc/arm-none-eabi/9.2.1/../../../../arm-none-eabi/lib/thumb/v7e-m+fp/hard\libc_nano.a(lib_a-memcmp.o)
                              _build/nrf52840_xxaa/ble_advdata.c.o (memcmp)
c:/program files (x86)/gnu tools arm embedded/9 2019-q4-major/bin/../lib/gcc/arm-none-eabi/9.2.1/../../../../arm-none-eabi/lib/thumb/v7e-m+fp/hard\libc_nano.a(lib_a-memcpy-stub.o)
                              _build/nrf52840_xxaa/nrf_log_frontend.c.o (memcpy)
c:/program files (x86)/gnu tools arm embedded/9 2019-q4-major/bin/../lib/gcc/arm-none-eabi/9.2.1/../../../../arm-none-eabi/lib/thumb/v7e-m+fp/hard\libc_nano.a(lib_a-memset.o)
                              c:/program files (x86)/gnu tools arm embedded/9 2019-q4-major/bin/../lib/gcc/arm-none-eabi/9.2.1/../../../../arm-none-eabi/lib/thumb/v7e-m+fp/hard/crt0.o (memset)
c:/program files (x86)/gnu tools arm embedded/9 2019-q4-major/bin/../lib/gcc/arm-none-eabi/9.2.1/../../../../arm-none-eabi/lib/thumb/v7e-m+fp/hard\libc_nano.a(lib_a-printf.o)
                              _build/nrf52840_xxaa/main.c.o (printf)
c:/program files (x86)/gnu tools arm embedded/9 2019-q4-major/bin/../lib/gcc/arm-none-eabi/9.2.1/../../../../arm-none-eabi/lib/thumb/v7e-m+fp/hard\libc_nano.a(lib_a-strcpy.o)
                              _build/nrf52840_xxaa/SEGGER_RTT.c.o (strcpy)
c:/program files (x86)/gnu tools arm embedded/9 2019-q4-major/bin/../lib/gcc/arm-none-eabi/9.2.1/../../../../arm-none-eabi/lib/thumb/v7e-m+fp/hard\libc_nano.a(lib_a-strlen.o)
                              _build/nrf52840_xxaa/nrf_log_frontend.c.o (strlen)
c:/program files (x86)/gnu tools arm embedded/9 2019-q4-major/bin/../lib/gcc/arm-none-eabi/9.2.1/../../../../arm-none-eabi/lib/thumb/v7e-m+fp/hard\libc_nano.a(lib_a-findfp.o)
                              c:/program files (x86)/gnu tools arm embedded/9 2019-q4-major/bin/../lib/gcc/arm-none-eabi/9.2.1/../../../../arm-none-eabi/lib/thumb/v7e-m+fp/hard\libc_nano.a(lib_a-printf.o) (__sinit)
c:/program files (x86)/gnu tools arm embedded/9 2019-q4-major/bin/../lib/gcc/arm-none-eabi/9.2.1/../../../../arm-none-eabi/lib/thumb/v7e-m+fp/hard\libc_nano.a(lib_a-fwalk.o)
                              c:/program files (x86)/gnu tools arm embedded/9 2019-q4-major/bin/../lib/gcc/arm-none-eabi/9.2.1/../../../../arm-none-eabi/lib/thumb/v7e-m+fp/hard\libc_nano.a(lib_a-findfp.o) (_fwalk)
c:/program files (x86)/gnu tools arm embedded/9 2019-q4-major/bin/../lib/gcc/arm-none-eabi/9.2.1/../../../../arm-none-eabi/lib/thumb/v7e-m+fp/hard\libc_nano.a(lib_a-lock.o)
                              c:/program files (x86)/gnu tools arm embedded/9 2019-q4-major/bin/../lib/gcc/arm-none-eabi/9.2.1/../../../../arm-none-eabi/lib/thumb/v7e-m+fp/hard\libc_nano.a(lib_a-findfp.o) (__retarget_lock_init_recursive)
c:/program files (x86)/gnu tools arm embedded/9 2019-q4-major/bin/../lib/gcc/arm-none-eabi/9.2.1/../../../../arm-none-eabi/lib/thumb/v7e-m+fp/hard\libc_nano.a(lib_a-nano-mallocr.o)
                              c:/program files (x86)/gnu tools arm embedded/9 2019-q4-major/bin/../lib/gcc/arm-none-eabi/9.2.1/../../../../arm-none-eabi/lib/thumb/v7e-m+fp/hard\libc_nano.a(lib_a-findfp.o) (_malloc_r)
c:/program files (x86)/gnu tools arm embedded/9 2019-q4-major/bin/../lib/gcc/arm-none-eabi/9.2.1/../../../../arm-none-eabi/lib/thumb/v7e-m+fp/hard\libc_nano.a(lib_a-nano-vfprintf.o)
[...]
Memory Configuration

Name             Origin             Length             Attributes
FLASH            0x00026000         0x000ce000         xr
RAM              0x20002300         0x0003dd00         xrw
*default*        0x00000000         0xffffffff

Linker script and memory map


.text           0x00026000     0x7c64
 *(.isr_vector)
 .isr_vector    0x00026000      0x200 _build/nrf52840_xxaa/gcc_startup_nrf52840.S.o
                0x00026000                __isr_vector
 *(.text*)
 .text          0x00026200       0x40 c:/program files (x86)/gnu tools arm embedded/9 2019-q4-major/bin/../lib/gcc/arm-none-eabi/9.2.1/thumb/v7e-m+fp/hard/crtbegin.o
 .text          0x00026240       0x74 c:/program files (x86)/gnu tools arm embedded/9 2019-q4-major/bin/../lib/gcc/arm-none-eabi/9.2.1/../../../../arm-none-eabi/lib/thumb/v7e-m+fp/hard/crt0.o
                0x00026240                _start
                0x00026240                _mainCRTStartup
 .text          0x000262b4       0x3c _build/nrf52840_xxaa/gcc_startup_nrf52840.S.o
                0x000262b4                Reset_Handler
                0x000262dc                NMI_Handler
                0x000262de                HardFault_Handler
                0x000262e0                MemoryManagement_Handler
                0x000262e2                BusFault_Handler
                0x000262e4                UsageFault_Handler
                0x000262e6                SVC_Handler
                0x000262e8                DebugMon_Handler
                0x000262ea                PendSV_Handler
                0x000262ec                SysTick_Handler
                0x000262ee                PDM_IRQHandler
                0x000262ee                TEMP_IRQHandler
                0x000262ee                QDEC_IRQHandler
                0x000262ee                TIMER3_IRQHandler
                0x000262ee                PWM3_IRQHandler
                0x000262ee                RTC0_IRQHandler
                0x000262ee                USBD_IRQHandler
                0x000262ee                SPIM0_SPIS0_TWIM0_TWIS0_SPI0_TWI0_IRQHandler
                0x000262ee                PWM1_IRQHandler
                0x000262ee                TIMER4_IRQHandler
                0x000262ee                RADIO_IRQHandler
                0x000262ee                I2S_IRQHandler
                0x000262ee                SWI4_EGU4_IRQHandler
                0x000262ee                FPU_IRQHandler
                0x000262ee                TIMER2_IRQHandler
                0x000262ee                UARTE1_IRQHandler
                0x000262ee                TIMER1_IRQHandler
                0x000262ee                SPIM3_IRQHandler
                0x000262ee                PWM2_IRQHandler
                0x000262ee                ECB_IRQHandler
                0x000262ee                SPIM1_SPIS1_TWIM1_TWIS1_SPI1_TWI1_IRQHandler
                0x000262ee                Default_Handler
                0x000262ee                SAADC_IRQHandler
                0x000262ee                CCM_AAR_IRQHandler
                0x000262ee                WDT_IRQHandler
                0x000262ee                CRYPTOCELL_IRQHandler
                0x000262ee                SWI5_EGU5_IRQHandler
                0x000262ee                RNG_IRQHandler
                0x000262ee                RTC2_IRQHandler
                0x000262ee                PWM0_IRQHandler
                0x000262ee                SWI3_EGU3_IRQHandler
                0x000262ee                SWI1_EGU1_IRQHandler
                0x000262ee                SPIM2_SPIS2_SPI2_IRQHandler
                0x000262ee                NFCT_IRQHandler
                0x000262ee                SWI0_EGU0_IRQHandler
                0x000262ee                MWU_IRQHandler
                0x000262ee                TIMER0_IRQHandler
                0x000262ee                QSPI_IRQHandler
                0x000262ee                COMP_LPCOMP_IRQHandler
 .text.nrf_log_backend_serial_put
                0x000262f0       0xd8 _build/nrf52840_xxaa/nrf_log_backend_serial.c.o
                0x000262f0                nrf_log_backend_serial_put
 .text.uart_evt_handler
                0x000263c8        0xc _build/nrf52840_xxaa/nrf_log_backend_uart.c.o
 .text.nrf_log_backend_uart_flush
                0x000263d4        0x4 _build/nrf52840_xxaa/nrf_log_backend_uart.c.o
 .text.nrf_log_backend_uart_put
                0x000263d8       0x20 _build/nrf52840_xxaa/nrf_log_backend_uart.c.o
 .text.serial_tx
                0x000263f8       0x4c _build/nrf52840_xxaa/nrf_log_backend_uart.c.o
 .text.nrf_log_backend_uart_panic_set
                0x00026444       0x7c _build/nrf52840_xxaa/nrf_log_backend_uart.c.o
 .text.nrf_log_backend_uart_init
                0x000264c0       0x68 _build/nrf52840_xxaa/nrf_log_backend_uart.c.o
                0x000264c0                nrf_log_backend_uart_init
 .text.nrf_log_default_backends_init
                0x00026528       0x20 _build/nrf52840_xxaa/nrf_log_default_backends.c.o
                0x00026528                nrf_log_default_backends_init
 .text.nrf_log_init
                0x00026548       0x40 _build/nrf52840_xxaa/nrf_log_frontend.c.o
                0x00026548                nrf_log_init
 .text.nrf_log_module_name_get
                0x00026588       0x48 _build/nrf52840_xxaa/nrf_log_frontend.c.o
                0x00026588                nrf_log_module_name_get
 .text.nrf_log_color_id_get
                0x000265d0       0x2c _build/nrf52840_xxaa/nrf_log_frontend.c.o
                0x000265d0                nrf_log_color_id_get
 .text.nrf_log_frontend_dequeue
                0x000265fc      0x274 _build/nrf52840_xxaa/nrf_log_frontend.c.o
                0x000265fc                nrf_log_frontend_dequeue
 .text.nrf_log_frontend_std_0
                0x00026870      0x1a0 _build/nrf52840_xxaa/nrf_log_frontend.c.o
                0x00026870                nrf_log_frontend_std_0
 .text.nrf_log_frontend_std_1
                0x00026a10      0x1b0 _build/nrf52840_xxaa/nrf_log_frontend.c.o
                0x00026a10                nrf_log_frontend_std_1
 .text.nrf_log_frontend_std_2
                0x00026bc0      0x1c0 _build/nrf52840_xxaa/nrf_log_frontend.c.o
                0x00026bc0                nrf_log_frontend_std_2
 .text.nrf_log_backend_add
                0x00026d80       0x5c _build/nrf52840_xxaa/nrf_log_frontend.c.o
                0x00026d80                nrf_log_backend_add
 .text.nrf_log_panic
                0x00026ddc       0x2c _build/nrf52840_xxaa/nrf_log_frontend.c.o
                0x00026ddc                nrf_log_panic
 .text.prefix_process
                0x00026e08       0x80 _build/nrf52840_xxaa/nrf_log_str_formatter.c.o
 .text.nrf_log_std_entry_process
                0x00026e88       0xf0 _build/nrf52840_xxaa/nrf_log_str_formatter.c.o
                0x00026e88                nrf_log_std_entry_process
 .text.nrf_log_hexdump_entry_process
                0x00026f78       0xfc _build/nrf52840_xxaa/nrf_log_str_formatter.c.o
                0x00026f78                nrf_log_hexdump_entry_process
 .text.gpiote_event_handler
                0x00027074       0x74 _build/nrf52840_xxaa/app_button.c.o
 .text.detection_delay_timeout_handler
                0x000270e8      0x264 _build/nrf52840_xxaa/app_button.c.o
 .text.app_button_init
                0x0002734c       0xc0 _build/nrf52840_xxaa/app_button.c.o
                0x0002734c                app_button_init
 .text.app_button_enable
                0x0002740c       0x2c _build/nrf52840_xxaa/app_button.c.o
                0x0002740c                app_button_enable
 .text.app_button_disable
                0x00027438       0x5c _build/nrf52840_xxaa/app_button.c.o
                0x00027438                app_button_disable
 .text.app_error_handler_bare
                0x00027494       0x20 _build/nrf52840_xxaa/app_error.c.o
                0x00027494                app_error_handler_bare
 .text.app_error_fault_handler
                0x000274b4       0x70 _build/nrf52840_xxaa/app_error_weak.c.o
                0x000274b4                app_error_fault_handler
 .text.compare_func
                0x00027524       0x18 _build/nrf52840_xxaa/app_timer2.c.o
 .text.rtc_irq  0x0002753c      0x318 _build/nrf52840_xxaa/app_timer2.c.o
 .text.app_timer_init
                0x00027854       0x6c _build/nrf52840_xxaa/app_timer2.c.o
                0x00027854                app_timer_init
 .text.app_timer_create
                0x000278c0       0x1c _build/nrf52840_xxaa/app_timer2.c.o
                0x000278c0                app_timer_create
 .text.app_timer_start
                0x000278dc       0x8c _build/nrf52840_xxaa/app_timer2.c.o
                0x000278dc                app_timer_start
 .text.app_timer_stop
                0x00027968       0x44 _build/nrf52840_xxaa/app_timer2.c.o
                0x00027968                app_timer_stop
 .text.app_util_critical_region_enter
                0x000279ac       0x4c _build/nrf52840_xxaa/app_util_platform.c.o
                0x000279ac                app_util_critical_region_enter
 .text.app_util_critical_region_exit
                0x000279f8       0x30 _build/nrf52840_xxaa/app_util_platform.c.o
                0x000279f8                app_util_critical_region_exit
 .text.drv_rtc_init
                0x00027a28       0xbc _build/nrf52840_xxaa/drv_rtc.c.o
                0x00027a28                drv_rtc_init
 .text.drv_rtc_start
                0x00027ae4        0x8 _build/nrf52840_xxaa/drv_rtc.c.o
                0x00027ae4                drv_rtc_start
 .text.drv_rtc_stop
                0x00027aec        0x8 _build/nrf52840_xxaa/drv_rtc.c.o
                0x00027aec                drv_rtc_stop
 .text.drv_rtc_compare_set
                0x00027af4       0x4c _build/nrf52840_xxaa/drv_rtc.c.o
                0x00027af4                drv_rtc_compare_set
 .text.drv_rtc_windowed_compare_set
                0x00027b40       0xf8 _build/nrf52840_xxaa/drv_rtc.c.o
                0x00027b40                drv_rtc_windowed_compare_set
 .text.drv_rtc_overflow_enable
                0x00027c38       0x14 _build/nrf52840_xxaa/drv_rtc.c.o
                0x00027c38                drv_rtc_overflow_enable
 .text.drv_rtc_overflow_pending
                0x00027c4c       0x20 _build/nrf52840_xxaa/drv_rtc.c.o
                0x00027c4c                drv_rtc_overflow_pending
 .text.drv_rtc_compare_disable
                0x00027c6c       0x18 _build/nrf52840_xxaa/drv_rtc.c.o
                0x00027c6c                drv_rtc_compare_disable
 .text.drv_rtc_compare_pending
                0x00027c84       0x20 _build/nrf52840_xxaa/drv_rtc.c.o
                0x00027c84                drv_rtc_compare_pending
 .text.drv_rtc_counter_get
                0x00027ca4        0x8 _build/nrf52840_xxaa/drv_rtc.c.o
                0x00027ca4                drv_rtc_counter_get
 .text.drv_rtc_irq_trigger
                0x00027cac       0x20 _build/nrf52840_xxaa/drv_rtc.c.o
                0x00027cac                drv_rtc_irq_trigger
 .text.RTC1_IRQHandler
                0x00027ccc       0x14 _build/nrf52840_xxaa/drv_rtc.c.o
                0x00027ccc                RTC1_IRQHandler
 .text.nrf_atfifo_init
                0x00027ce0       0x30 _build/nrf52840_xxaa/nrf_atfifo.c.o
                0x00027ce0                nrf_atfifo_init
 .text.nrf_atfifo_item_alloc
                0x00027d10       0x5c _build/nrf52840_xxaa/nrf_atfifo.c.o
                0x00027d10                nrf_atfifo_item_alloc
 .text.nrf_atfifo_item_put
                0x00027d6c       0x20 _build/nrf52840_xxaa/nrf_atfifo.c.o
                0x00027d6c                nrf_atfifo_item_put
 .text.nrf_atfifo_item_get
                0x00027d8c       0x60 _build/nrf52840_xxaa/nrf_atfifo.c.o
                0x00027d8c                nrf_atfifo_item_get
 .text.nrf_atfifo_item_free
                0x00027dec       0x20 _build/nrf52840_xxaa/nrf_atfifo.c.o
                0x00027dec                nrf_atfifo_item_free
 .text.nrf_atflags_set
                0x00027e0c       0x14 _build/nrf52840_xxaa/nrf_atflags.c.o
                0x00027e0c                nrf_atflags_set
 .text.nrf_atflags_clear
                0x00027e20       0x14 _build/nrf52840_xxaa/nrf_atflags.c.o
                0x00027e20                nrf_atflags_clear
 .text.nrf_atflags_get
                0x00027e34       0x14 _build/nrf52840_xxaa/nrf_atflags.c.o
                0x00027e34                nrf_atflags_get
 .text.nrf_atomic_u32_fetch_store
                0x00027e48       0x1c _build/nrf52840_xxaa/nrf_atomic.c.o
                0x00027e48                nrf_atomic_u32_fetch_store
 .text.nrf_atomic_u32_or
                0x00027e64       0x1c _build/nrf52840_xxaa/nrf_atomic.c.o
                0x00027e64                nrf_atomic_u32_or
 .text.nrf_atomic_u32_and
                0x00027e80       0x1c _build/nrf52840_xxaa/nrf_atomic.c.o
                0x00027e80                nrf_atomic_u32_and
 .text.nrf_atomic_u32_add
                0x00027e9c       0x1c _build/nrf52840_xxaa/nrf_atomic.c.o
                0x00027e9c                nrf_atomic_u32_add
 .text.nrf_atomic_u32_sub
                0x00027eb8       0x1c _build/nrf52840_xxaa/nrf_atomic.c.o
                0x00027eb8                nrf_atomic_u32_sub
 .text.nrf_atomic_flag_set
                0x00027ed4       0x20 _build/nrf52840_xxaa/nrf_atomic.c.o
                0x00027ed4                nrf_atomic_flag_set
 .text.nrf_atomic_flag_clear_fetch
                0x00027ef4       0x20 _build/nrf52840_xxaa/nrf_atomic.c.o
                0x00027ef4                nrf_atomic_flag_clear_fetch
 .text.nrf_balloc_init
                0x00027f14       0x38 _build/nrf52840_xxaa/nrf_balloc.c.o
                0x00027f14                nrf_balloc_init
 .text.nrf_balloc_alloc
                0x00027f4c       0x50 _build/nrf52840_xxaa/nrf_balloc.c.o
                0x00027f4c                nrf_balloc_alloc
 .text.nrf_balloc_free
                0x00027f9c       0x38 _build/nrf52840_xxaa/nrf_balloc.c.o
                0x00027f9c                nrf_balloc_free
 .text.nrf_fprintf_buffer_flush
                0x00027fd4       0x18 _build/nrf52840_xxaa/nrf_fprintf.c.o
                0x00027fd4                nrf_fprintf_buffer_flush
 .text.nrf_fprintf
                0x00027fec       0x20 _build/nrf52840_xxaa/nrf_fprintf.c.o
                0x00027fec                nrf_fprintf
 .text.unsigned_print
                0x0002800c      0x14c _build/nrf52840_xxaa/nrf_fprintf_format.c.o
 .text.nrf_fprintf_fmt
                0x00028158      0x5cc _build/nrf52840_xxaa/nrf_fprintf_format.c.o
                0x00028158                nrf_fprintf_fmt
 .text.nrf_memobj_pool_init
                0x00028724        0x4 _build/nrf52840_xxaa/nrf_memobj.c.o
                0x00028724                nrf_memobj_pool_init
 .text.nrf_memobj_alloc
                0x00028728       0x94 _build/nrf52840_xxaa/nrf_memobj.c.o
                0x00028728                nrf_memobj_alloc
 .text.nrf_memobj_get
                0x000287bc        0x8 _build/nrf52840_xxaa/nrf_memobj.c.o
                0x000287bc                nrf_memobj_get
 .text.nrf_memobj_put
                0x000287c4       0x58 _build/nrf52840_xxaa/nrf_memobj.c.o
                0x000287c4                nrf_memobj_put
 .text.nrf_memobj_write
                0x0002881c       0x68 _build/nrf52840_xxaa/nrf_memobj.c.o
                0x0002881c                nrf_memobj_write
 .text.nrf_memobj_read
                0x00028884       0x68 _build/nrf52840_xxaa/nrf_memobj.c.o
                0x00028884                nrf_memobj_read
 .text.sd_app_evt_wait
                0x000288ec        0x4 _build/nrf52840_xxaa/nrf_pwr_mgmt.c.o
 .text.nrf_pwr_mgmt_init
                0x000288f0       0x2c _build/nrf52840_xxaa/nrf_pwr_mgmt.c.o
                0x000288f0                nrf_pwr_mgmt_init
 .text.nrf_pwr_mgmt_run
                0x0002891c       0x54 _build/nrf52840_xxaa/nrf_pwr_mgmt.c.o
                0x0002891c                nrf_pwr_mgmt_run
 .text.nrf_ringbuf_init
                0x00028970       0x1c _build/nrf52840_xxaa/nrf_ringbuf.c.o
                0x00028970                nrf_ringbuf_init
 .text.nrf_section_iter_init
                0x0002898c       0x14 _build/nrf52840_xxaa/nrf_section_iter.c.o
                0x0002898c                nrf_section_iter_init
 .text.nrf_section_iter_next
                0x000289a0       0x18 _build/nrf52840_xxaa/nrf_section_iter.c.o
                0x000289a0                nrf_section_iter_next
 .text.nrf_sortlist_add
                0x000289b8       0x28 _build/nrf52840_xxaa/nrf_sortlist.c.o
                0x000289b8                nrf_sortlist_add
 .text.nrf_sortlist_pop
                0x000289e0        0xc _build/nrf52840_xxaa/nrf_sortlist.c.o
                0x000289e0                nrf_sortlist_pop
 .text.nrf_sortlist_peek
                0x000289ec        0x8 _build/nrf52840_xxaa/nrf_sortlist.c.o
                0x000289ec                nrf_sortlist_peek
 .text.nrf_sortlist_remove
                0x000289f4       0x1c _build/nrf52840_xxaa/nrf_sortlist.c.o
                0x000289f4                nrf_sortlist_remove
 .text.nrf_strerror_get
                0x00028a10       0x50 _build/nrf52840_xxaa/nrf_strerror.c.o
                0x00028a10                nrf_strerror_get
 .text.NVIC_SystemReset
                0x00028a60       0x24 _build/nrf52840_xxaa/system_nrf52840.c.o
 .text.SystemInit
                0x00028a84      0x1e8 _build/nrf52840_xxaa/system_nrf52840.c.o
                0x00028a84                SystemInit
 .text.bsp_board_led_on
                0x00028c6c       0x24 _build/nrf52840_xxaa/boards.c.o
                0x00028c6c                bsp_board_led_on
 .text.bsp_board_led_off
                0x00028c90       0x24 _build/nrf52840_xxaa/boards.c.o
                0x00028c90                bsp_board_led_off
 .text.bsp_board_init
                0x00028cb4       0x48 _build/nrf52840_xxaa/boards.c.o
                0x00028cb4                bsp_board_init
 .text.clock_irq_handler
                0x00028cfc       0x44 _build/nrf52840_xxaa/nrf_drv_clock.c.o
 .text.soc_evt_handler
                0x00028d40       0x28 _build/nrf52840_xxaa/nrf_drv_clock.c.o
 .text.sd_state_evt_handler
                0x00028d68       0xa8 _build/nrf52840_xxaa/nrf_drv_clock.c.o
 .text.uarte_evt_handler
                0x00028e10       0x34 _build/nrf52840_xxaa/nrf_drv_uart.c.o
 .text.uart_evt_handler
                0x00028e44       0x34 _build/nrf52840_xxaa/nrf_drv_uart.c.o
 .text.nrf_drv_uart_init
                0x00028e78       0x88 _build/nrf52840_xxaa/nrf_drv_uart.c.o
                0x00028e78                nrf_drv_uart_init
 .text.nrfx_clock_init
                0x00028f00       0x18 _build/nrf52840_xxaa/nrfx_clock.c.o
                0x00028f00                nrfx_clock_init
 .text.nrfx_clock_enable
                0x00028f18       0x24 _build/nrf52840_xxaa/nrfx_clock.c.o
                0x00028f18                nrfx_clock_enable
 .text.nrfx_clock_lfclk_stop
                0x00028f3c       0x18 _build/nrf52840_xxaa/nrfx_clock.c.o
                0x00028f3c                nrfx_clock_lfclk_stop
 .text.POWER_CLOCK_IRQHandler
                0x00028f54       0x6c _build/nrf52840_xxaa/nrfx_clock.c.o
                0x00028f54                POWER_CLOCK_IRQHandler
 .text.nrfx_gpiote_init
                0x00028fc0       0x9c _build/nrf52840_xxaa/nrfx_gpiote.c.o
                0x00028fc0                nrfx_gpiote_init
 .text.nrfx_gpiote_is_init
                0x0002905c       0x14 _build/nrf52840_xxaa/nrfx_gpiote.c.o
                0x0002905c                nrfx_gpiote_is_init
 .text.nrfx_gpiote_in_init
                0x00029070      0x1e4 _build/nrf52840_xxaa/nrfx_gpiote.c.o
                0x00029070                nrfx_gpiote_in_init
 .text.nrfx_gpiote_in_event_enable
                0x00029254       0xd8 _build/nrf52840_xxaa/nrfx_gpiote.c.o
                0x00029254                nrfx_gpiote_in_event_enable
 .text.nrfx_gpiote_in_event_disable
                0x0002932c       0x74 _build/nrf52840_xxaa/nrfx_gpiote.c.o
                0x0002932c                nrfx_gpiote_in_event_disable
 .text.nrfx_gpiote_in_is_set
                0x000293a0       0x20 _build/nrf52840_xxaa/nrfx_gpiote.c.o
                0x000293a0                nrfx_gpiote_in_is_set
 .text.GPIOTE_IRQHandler
                0x000293c0      0x5a0 _build/nrf52840_xxaa/nrfx_gpiote.c.o
                0x000293c0                GPIOTE_IRQHandler
 .text.UARTE0_UART0_IRQHandler
                0x00029960        0xc _build/nrf52840_xxaa/nrfx_prs.c.o
                0x00029960                UARTE0_UART0_IRQHandler
 .text.nrfx_prs_acquire
                0x0002996c       0x50 _build/nrf52840_xxaa/nrfx_prs.c.o
                0x0002996c                nrfx_prs_acquire
 .text.nrfx_prs_release
                0x000299bc       0x18 _build/nrf52840_xxaa/nrfx_prs.c.o
                0x000299bc                nrfx_prs_release
 .text.nrfx_uart_0_irq_handler
                0x000299d4      0x1c4 _build/nrf52840_xxaa/nrfx_uart.c.o
                0x000299d4                nrfx_uart_0_irq_handler
 .text.nrfx_uart_init
                0x00029b98      0x1e8 _build/nrf52840_xxaa/nrfx_uart.c.o
                0x00029b98                nrfx_uart_init
 .text.nrfx_uart_uninit
                0x00029d80       0xfc _build/nrf52840_xxaa/nrfx_uart.c.o
                0x00029d80                nrfx_uart_uninit
 .text.nrfx_uart_tx
                0x00029e7c       0xd0 _build/nrf52840_xxaa/nrfx_uart.c.o
                0x00029e7c                nrfx_uart_tx
 .text.nrfx_uarte_0_irq_handler
                0x00029f4c      0x168 _build/nrf52840_xxaa/nrfx_uarte.c.o
                0x00029f4c                nrfx_uarte_0_irq_handler
 .text.nrfx_uarte_init
                0x0002a0b4      0x220 _build/nrf52840_xxaa/nrfx_uarte.c.o
                0x0002a0b4                nrfx_uarte_init
 .text.nrfx_uarte_uninit
                0x0002a2d4      0x138 _build/nrf52840_xxaa/nrfx_uarte.c.o
                0x0002a2d4                nrfx_uarte_uninit
 .text.nrfx_uarte_tx
                0x0002a40c       0xb4 _build/nrf52840_xxaa/nrfx_uarte.c.o
                0x0002a40c                nrfx_uarte_tx
 .text.sd_ble_gap_adv_set_configure
                0x0002a4c0        0x4 _build/nrf52840_xxaa/main.c.o
 .text.sd_ble_gap_adv_start
                0x0002a4c4        0x4 _build/nrf52840_xxaa/main.c.o
 .text.sd_ble_gap_disconnect
                0x0002a4c8        0x4 _build/nrf52840_xxaa/main.c.o
 .text.sd_ble_gap_ppcp_set
                0x0002a4cc        0x4 _build/nrf52840_xxaa/main.c.o
 .text.sd_ble_gap_device_name_set
                0x0002a4d0        0x4 _build/nrf52840_xxaa/main.c.o
 .text.sd_ble_gap_sec_params_reply
                0x0002a4d4        0x4 _build/nrf52840_xxaa/main.c.o
 .text.sd_ble_gap_phy_update
                0x0002a4d8        0x4 _build/nrf52840_xxaa/main.c.o
 .text.sd_ble_gatts_sys_attr_set
                0x0002a4dc        0x4 _build/nrf52840_xxaa/main.c.o
 .text.nrf_qwr_error_handler
                0x0002a4e0        0x4 _build/nrf52840_xxaa/main.c.o
 .text.button_event_handler
                0x0002a4e4       0x54 _build/nrf52840_xxaa/main.c.o
 .text.on_conn_params_evt
                0x0002a538       0x24 _build/nrf52840_xxaa/main.c.o
 .text.led_write_handler
                0x0002a55c       0x40 _build/nrf52840_xxaa/main.c.o
 .text.conn_params_error_handler
                0x0002a59c        0x4 _build/nrf52840_xxaa/main.c.o
 .text.ble_evt_handler
                0x0002a5a0      0x134 _build/nrf52840_xxaa/main.c.o
 .text.startup.main
                0x0002a6d4      0x294 _build/nrf52840_xxaa/main.c.o
                0x0002a6d4                main
 .text.sd_ble_gap_addr_get
                0x0002a968        0x4 _build/nrf52840_xxaa/ble_advdata.c.o
 .text.sd_ble_gap_appearance_get
                0x0002a96c        0x4 _build/nrf52840_xxaa/ble_advdata.c.o
 .text.sd_ble_gap_device_name_get
                0x0002a970        0x4 _build/nrf52840_xxaa/ble_advdata.c.o
 .text.sd_ble_uuid_encode
                0x0002a974        0x4 _build/nrf52840_xxaa/ble_advdata.c.o
 .text.uuid_list_sized_encode.isra.0
                0x0002a978       0xf0 _build/nrf52840_xxaa/ble_advdata.c.o
 .text.ble_advdata_encode
                0x0002aa68      0x40c _build/nrf52840_xxaa/ble_advdata.c.o
                0x0002aa68                ble_advdata_encode
 .text.sd_ble_gap_conn_param_update
                0x0002ae74        0x4 _build/nrf52840_xxaa/ble_conn_params.c.o
 .text.sd_ble_gap_disconnect
                0x0002ae78        0x4 _build/nrf52840_xxaa/ble_conn_params.c.o
 .text.sd_ble_gap_ppcp_set
                0x0002ae7c        0x4 _build/nrf52840_xxaa/ble_conn_params.c.o
 .text.sd_ble_gap_ppcp_get
                0x0002ae80        0x4 _build/nrf52840_xxaa/ble_conn_params.c.o
 .text.update_timeout_handler
                0x0002ae84       0x78 _build/nrf52840_xxaa/ble_conn_params.c.o
 .text.ble_evt_handler
                0x0002aefc      0x1d4 _build/nrf52840_xxaa/ble_conn_params.c.o
 .text.ble_conn_params_init
                0x0002b0d0       0x78 _build/nrf52840_xxaa/ble_conn_params.c.o
                0x0002b0d0                ble_conn_params_init
 .text.ble_evt_handler
                0x0002b148      0x160 _build/nrf52840_xxaa/ble_conn_state.c.o
 .text.sd_ble_gatts_characteristic_add
                0x0002b2a8        0x4 _build/nrf52840_xxaa/ble_srv_common.c.o
 .text.ble_srv_is_notification_enabled
                0x0002b2ac        0x8 _build/nrf52840_xxaa/ble_srv_common.c.o
                0x0002b2ac                ble_srv_is_notification_enabled
 .text.characteristic_add
                0x0002b2b4      0x278 _build/nrf52840_xxaa/ble_srv_common.c.o
                0x0002b2b4                characteristic_add
 .text.sd_ble_gap_data_length_update
                0x0002b52c        0x4 _build/nrf52840_xxaa/nrf_ble_gatt.c.o
 .text.sd_ble_gattc_exchange_mtu_request
                0x0002b530        0x4 _build/nrf52840_xxaa/nrf_ble_gatt.c.o
 .text.sd_ble_gatts_exchange_mtu_reply
                0x0002b534        0x4 _build/nrf52840_xxaa/nrf_ble_gatt.c.o
 .text.data_length_update.constprop.0
                0x0002b538       0x8c _build/nrf52840_xxaa/nrf_ble_gatt.c.o
 .text.nrf_ble_gatt_init
                0x0002b5c4       0x28 _build/nrf52840_xxaa/nrf_ble_gatt.c.o
                0x0002b5c4                nrf_ble_gatt_init
 .text.nrf_ble_gatt_on_ble_evt
                0x0002b5ec      0x1c8 _build/nrf52840_xxaa/nrf_ble_gatt.c.o
                0x0002b5ec                nrf_ble_gatt_on_ble_evt
 .text.sd_ble_gatts_rw_authorize_reply
                0x0002b7b4        0x4 _build/nrf52840_xxaa/nrf_ble_qwr.c.o
 .text.sd_ble_user_mem_reply
                0x0002b7b8        0x4 _build/nrf52840_xxaa/nrf_ble_qwr.c.o
 .text.nrf_ble_qwr_init
                0x0002b7bc       0x24 _build/nrf52840_xxaa/nrf_ble_qwr.c.o
                0x0002b7bc                nrf_ble_qwr_init
 .text.nrf_ble_qwr_conn_handle_assign
                0x0002b7e0       0x18 _build/nrf52840_xxaa/nrf_ble_qwr.c.o
                0x0002b7e0                nrf_ble_qwr_conn_handle_assign
 .text.nrf_ble_qwr_on_ble_evt
                0x0002b7f8       0xf4 _build/nrf52840_xxaa/nrf_ble_qwr.c.o
                0x0002b7f8                nrf_ble_qwr_on_ble_evt
 .text.sd_ble_gatts_service_add
                0x0002b8ec        0x4 _build/nrf52840_xxaa/ble_lbs.c.o
 .text.sd_ble_gatts_hvx
                0x0002b8f0        0x4 _build/nrf52840_xxaa/ble_lbs.c.o
 .text.sd_ble_uuid_vs_add
                0x0002b8f4        0x4 _build/nrf52840_xxaa/ble_lbs.c.o
 .text.ble_lbs_on_ble_evt
                0x0002b8f8       0x30 _build/nrf52840_xxaa/ble_lbs.c.o
                0x0002b8f8                ble_lbs_on_ble_evt
 .text.ble_lbs_init
                0x0002b928       0xd0 _build/nrf52840_xxaa/ble_lbs.c.o
                0x0002b928                ble_lbs_init
 .text.ble_lbs_on_button_change
                0x0002b9f8       0x40 _build/nrf52840_xxaa/ble_lbs.c.o
                0x0002b9f8                ble_lbs_on_button_change
 .text.sd_softdevice_enable
                0x0002ba38        0x4 _build/nrf52840_xxaa/nrf_sdh.c.o
 .text.nrf_sdh_enable_request
                0x0002ba3c      0x118 _build/nrf52840_xxaa/nrf_sdh.c.o
                0x0002ba3c                nrf_sdh_enable_request
 .text.nrf_sdh_is_enabled
                0x0002bb54        0xc _build/nrf52840_xxaa/nrf_sdh.c.o
                0x0002bb54                nrf_sdh_is_enabled
 .text.SWI2_EGU2_IRQHandler
                0x0002bb60       0x2c _build/nrf52840_xxaa/nrf_sdh.c.o
                0x0002bb60                SWI2_EGU2_IRQHandler
 .text.sd_ble_enable
                0x0002bb8c        0x4 _build/nrf52840_xxaa/nrf_sdh_ble.c.o
 .text.sd_ble_cfg_set
                0x0002bb90        0x4 _build/nrf52840_xxaa/nrf_sdh_ble.c.o
 .text.sd_ble_evt_get
                0x0002bb94        0x4 _build/nrf52840_xxaa/nrf_sdh_ble.c.o
 .text.nrf_sdh_ble_evts_poll
                0x0002bb98       0x5c _build/nrf52840_xxaa/nrf_sdh_ble.c.o
 .text.nrf_sdh_ble_default_cfg_set
                0x0002bbf4      0x17c _build/nrf52840_xxaa/nrf_sdh_ble.c.o
                0x0002bbf4                nrf_sdh_ble_default_cfg_set
 .text.nrf_sdh_ble_enable
                0x0002bd70       0xa0 _build/nrf52840_xxaa/nrf_sdh_ble.c.o
                0x0002bd70                nrf_sdh_ble_enable
 .text.sd_evt_get
                0x0002be10        0x4 _build/nrf52840_xxaa/nrf_sdh_soc.c.o
 .text.nrf_sdh_soc_evts_poll
                0x0002be14       0x4c _build/nrf52840_xxaa/nrf_sdh_soc.c.o
 .text.exit     0x0002be60       0x28 c:/program files (x86)/gnu tools arm embedded/9 2019-q4-major/bin/../lib/gcc/arm-none-eabi/9.2.1/../../../../arm-none-eabi/lib/thumb/v7e-m+fp/hard\libc_nano.a(lib_a-exit.o)
                0x0002be60                exit
 .text.__libc_init_array
                0x0002be88       0x48 c:/program files (x86)/gnu tools arm embedded/9 2019-q4-major/bin/../lib/gcc/arm-none-eabi/9.2.1/../../../../arm-none-eabi/lib/thumb/v7e-m+fp/hard\libc_nano.a(lib_a-init.o)
                0x0002be88                __libc_init_array
 .text.memcpy   0x0002bed0       0x1c c:/program files (x86)/gnu tools arm embedded/9 2019-q4-major/bin/../lib/gcc/arm-none-eabi/9.2.1/../../../../arm-none-eabi/lib/thumb/v7e-m+fp/hard\libc_nano.a(lib_a-memcpy-stub.o)
                0x0002bed0                memcpy
 .text.memset   0x0002beec       0x10 c:/program files (x86)/gnu tools arm embedded/9 2019-q4-major/bin/../lib/gcc/arm-none-eabi/9.2.1/../../../../arm-none-eabi/lib/thumb/v7e-m+fp/hard\libc_nano.a(lib_a-memset.o)
                0x0002beec                memset
 .text.printf   0x0002befc       0x30 c:/program files (x86)/gnu tools arm embedded/9 2019-q4-major/bin/../lib/gcc/arm-none-eabi/9.2.1/../../../../arm-none-eabi/lib/thumb/v7e-m+fp/hard\libc_nano.a(lib_a-printf.o)
                0x0002befc                iprintf
                0x0002befc                printf
 .text          0x0002bf2c       0x10 c:/program files (x86)/gnu tools arm embedded/9 2019-q4-major/bin/../lib/gcc/arm-none-eabi/9.2.1/../../../../arm-none-eabi/lib/thumb/v7e-m+fp/hard\libc_nano.a(lib_a-strlen.o)
                0x0002bf2c                strlen
 .text.std      0x0002bf3c       0x48 c:/program files (x86)/gnu tools arm embedded/9 2019-q4-major/bin/../lib/gcc/arm-none-eabi/9.2.1/../../../../arm-none-eabi/lib/thumb/v7e-m+fp/hard\libc_nano.a(lib_a-findfp.o)
 .text._cleanup_r
                0x0002bf84        0xc c:/program files (x86)/gnu tools arm embedded/9 2019-q4-major/bin/../lib/gcc/arm-none-eabi/9.2.1/../../../../arm-none-eabi/lib/thumb/v7e-m+fp/hard\libc_nano.a(lib_a-findfp.o)
                0x0002bf84                _cleanup_r
 .text.__sfmoreglue
                0x0002bf90       0x2c c:/program files (x86)/gnu tools arm embedded/9 2019-q4-major/bin/../lib/gcc/arm-none-eabi/9.2.1/../../../../arm-none-eabi/lib/thumb/v7e-m+fp/hard\libc_nano.a(lib_a-findfp.o)
                0x0002bf90                __sfmoreglue
 .text.__sfp_lock_acquire
                0x0002bfbc        0xc c:/program files (x86)/gnu tools arm embedded/9 2019-q4-major/bin/../lib/gcc/arm-none-eabi/9.2.1/../../../../arm-none-eabi/lib/thumb/v7e-m+fp/hard\libc_nano.a(lib_a-findfp.o)
                0x0002bfbc                __sfp_lock_acquire
 .text.__sfp_lock_release
                0x0002bfc8        0xc c:/program files (x86)/gnu tools arm embedded/9 2019-q4-major/bin/../lib/gcc/arm-none-eabi/9.2.1/../../../../arm-none-eabi/lib/thumb/v7e-m+fp/hard\libc_nano.a(lib_a-findfp.o)
                0x0002bfc8                __sfp_lock_release
 .text.__sinit_lock_acquire
                0x0002bfd4        0xc c:/program files (x86)/gnu tools arm embedded/9 2019-q4-major/bin/../lib/gcc/arm-none-eabi/9.2.1/../../../../arm-none-eabi/lib/thumb/v7e-m+fp/hard\libc_nano.a(lib_a-findfp.o)
                0x0002bfd4                __sinit_lock_acquire
 .text.__sinit_lock_release
                0x0002bfe0        0xc c:/program files (x86)/gnu tools arm embedded/9 2019-q4-major/bin/../lib/gcc/arm-none-eabi/9.2.1/../../../../arm-none-eabi/lib/thumb/v7e-m+fp/hard\libc_nano.a(lib_a-findfp.o)
                0x0002bfe0                __sinit_lock_release
 .text.__sinit  0x0002bfec       0x70 c:/program files (x86)/gnu tools arm embedded/9 2019-q4-major/bin/../lib/gcc/arm-none-eabi/9.2.1/../../../../arm-none-eabi/lib/thumb/v7e-m+fp/hard\libc_nano.a(lib_a-findfp.o)
                0x0002bfec                __sinit
 .text.__sfp    0x0002c05c       0x8c c:/program files (x86)/gnu tools arm embedded/9 2019-q4-major/bin/../lib/gcc/arm-none-eabi/9.2.1/../../../../arm-none-eabi/lib/thumb/v7e-m+fp/hard\libc_nano.a(lib_a-findfp.o)
                0x0002c05c                __sfp
 .text._fwalk_reent
                0x0002c0e8       0x3e c:/program files (x86)/gnu tools arm embedded/9 2019-q4-major/bin/../lib/gcc/arm-none-eabi/9.2.1/../../../../arm-none-eabi/lib/thumb/v7e-m+fp/hard\libc_nano.a(lib_a-fwalk.o)
                0x0002c0e8                _fwalk_reent
 .text.__retarget_lock_init_recursive
                0x0002c126        0x2 c:/program files (x86)/gnu tools arm embedded/9 2019-q4-major/bin/../lib/gcc/arm-none-eabi/9.2.1/../../../../arm-none-eabi/lib/thumb/v7e-m+fp/hard\libc_nano.a(lib_a-lock.o)
                0x0002c126                __retarget_lock_init_recursive
 .text.__retarget_lock_acquire_recursive
                0x0002c128        0x2 c:/program files (x86)/gnu tools arm embedded/9 2019-q4-major/bin/../lib/gcc/arm-none-eabi/9.2.1/../../../../arm-none-eabi/lib/thumb/v7e-m+fp/hard\libc_nano.a(lib_a-lock.o)
                0x0002c128                __retarget_lock_acquire_recursive
 .text.__retarget_lock_release_recursive
                0x0002c12a        0x2 c:/program files (x86)/gnu tools arm embedded/9 2019-q4-major/bin/../lib/gcc/arm-none-eabi/9.2.1/../../../../arm-none-eabi/lib/thumb/v7e-m+fp/hard\libc_nano.a(lib_a-lock.o)
                0x0002c12a                __retarget_lock_release_recursive
 .text._malloc_r
                0x0002c12c       0xb4 c:/program files (x86)/gnu tools arm embedded/9 2019-q4-major/bin/../lib/gcc/arm-none-eabi/9.2.1/../../../../arm-none-eabi/lib/thumb/v7e-m+fp/hard\libc_nano.a(lib_a-nano-mallocr.o)
                0x0002c12c                _malloc_r
 .text.__sfputc_r
                0x0002c1e0       0x2e c:/program files (x86)/gnu tools arm embedded/9 2019-q4-major/bin/../lib/gcc/arm-none-eabi/9.2.1/../../../../arm-none-eabi/lib/thumb/v7e-m+fp/hard\libc_nano.a(lib_a-nano-vfprintf.o)
 .text.__sfputs_r
                0x0002c20e       0x24 c:/program files (x86)/gnu tools arm embedded/9 2019-q4-major/bin/../lib/gcc/arm-none-eabi/9.2.1/../../../../arm-none-eabi/lib/thumb/v7e-m+fp/hard\libc_nano.a(lib_a-nano-vfprintf.o)
                0x0002c20e                __sfputs_r
 *fill*         0x0002c232        0x2 
 .text._vfprintf_r
                0x0002c234      0x260 c:/program files (x86)/gnu tools arm embedded/9 2019-q4-major/bin/../lib/gcc/arm-none-eabi/9.2.1/../../../../arm-none-eabi/lib/thumb/v7e-m+fp/hard\libc_nano.a(lib_a-nano-vfprintf.o)
                0x0002c234                _vfprintf_r
                0x0002c234                _vfiprintf_r
 .text._printf_common
                0x0002c494       0xda c:/program files (x86)/gnu tools arm embedded/9 2019-q4-major/bin/../lib/gcc/arm-none-eabi/9.2.1/../../../../arm-none-eabi/lib/thumb/v7e-m+fp/hard\libc_nano.a(lib_a-nano-vfprintf_i.o)
                0x0002c494                _printf_common
 *fill*         0x0002c56e        0x2 
 .text._printf_i
                0x0002c570      0x24c c:/program files (x86)/gnu tools arm embedded/9 2019-q4-major/bin/../lib/gcc/arm-none-eabi/9.2.1/../../../../arm-none-eabi/lib/thumb/v7e-m+fp/hard\libc_nano.a(lib_a-nano-vfprintf_i.o)
                0x0002c570                _printf_i
 .text._sbrk_r  0x0002c7bc       0x20 c:/program files (x86)/gnu tools arm embedded/9 2019-q4-major/bin/../lib/gcc/arm-none-eabi/9.2.1/../../../../arm-none-eabi/lib/thumb/v7e-m+fp/hard\libc_nano.a(lib_a-sbrkr.o)
                0x0002c7bc                _sbrk_r
 .text.__sread  0x0002c7dc       0x22 c:/program files (x86)/gnu tools arm embedded/9 2019-q4-major/bin/../lib/gcc/arm-none-eabi/9.2.1/../../../../arm-none-eabi/lib/thumb/v7e-m+fp/hard\libc_nano.a(lib_a-stdio.o)
                0x0002c7dc                __sread
 .text.__swrite
                0x0002c7fe       0x38 c:/program files (x86)/gnu tools arm embedded/9 2019-q4-major/bin/../lib/gcc/arm-none-eabi/9.2.1/../../../../arm-none-eabi/lib/thumb/v7e-m+fp/hard\libc_nano.a(lib_a-stdio.o)
                0x0002c7fe                __swrite
 .text.__sseek  0x0002c836       0x24 c:/program files (x86)/gnu tools arm embedded/9 2019-q4-major/bin/../lib/gcc/arm-none-eabi/9.2.1/../../../../arm-none-eabi/lib/thumb/v7e-m+fp/hard\libc_nano.a(lib_a-stdio.o)
                0x0002c836                __sseek
 .text.__sclose
                0x0002c85a        0x8 c:/program files (x86)/gnu tools arm embedded/9 2019-q4-major/bin/../lib/gcc/arm-none-eabi/9.2.1/../../../../arm-none-eabi/lib/thumb/v7e-m+fp/hard\libc_nano.a(lib_a-stdio.o)
                0x0002c85a                __sclose
 *fill*         0x0002c862        0x2 
 .text.__swbuf_r
                0x0002c864       0xa4 c:/program files (x86)/gnu tools arm embedded/9 2019-q4-major/bin/../lib/gcc/arm-none-eabi/9.2.1/../../../../arm-none-eabi/lib/thumb/v7e-m+fp/hard\libc_nano.a(lib_a-wbuf.o)
                0x0002c864                __swbuf_r
 .text._write_r
                0x0002c908       0x24 c:/program files (x86)/gnu tools arm embedded/9 2019-q4-major/bin/../lib/gcc/arm-none-eabi/9.2.1/../../../../arm-none-eabi/lib/thumb/v7e-m+fp/hard\libc_nano.a(lib_a-writer.o)
                0x0002c908                _write_r
 .text.__swsetup_r
                0x0002c92c       0xdc c:/program files (x86)/gnu tools arm embedded/9 2019-q4-major/bin/../lib/gcc/arm-none-eabi/9.2.1/../../../../arm-none-eabi/lib/thumb/v7e-m+fp/hard\libc_nano.a(lib_a-wsetup.o)
                0x0002c92c                __swsetup_r
 .text._close_r
                0x0002ca08       0x20 c:/program files (x86)/gnu tools arm embedded/9 2019-q4-major/bin/../lib/gcc/arm-none-eabi/9.2.1/../../../../arm-none-eabi/lib/thumb/v7e-m+fp/hard\libc_nano.a(lib_a-closer.o)
                0x0002ca08                _close_r
 .text.__sflush_r
                0x0002ca28      0x10c c:/program files (x86)/gnu tools arm embedded/9 2019-q4-major/bin/../lib/gcc/arm-none-eabi/9.2.1/../../../../arm-none-eabi/lib/thumb/v7e-m+fp/hard\libc_nano.a(lib_a-fflush.o)
                0x0002ca28                __sflush_r
 .text._fflush_r
                0x0002cb34       0x78 c:/program files (x86)/gnu tools arm embedded/9 2019-q4-major/bin/../lib/gcc/arm-none-eabi/9.2.1/../../../../arm-none-eabi/lib/thumb/v7e-m+fp/hard\libc_nano.a(lib_a-fflush.o)
                0x0002cb34                _fflush_r
 .text._lseek_r
                0x0002cbac       0x24 c:/program files (x86)/gnu tools arm embedded/9 2019-q4-major/bin/../lib/gcc/arm-none-eabi/9.2.1/../../../../arm-none-eabi/lib/thumb/v7e-m+fp/hard\libc_nano.a(lib_a-lseekr.o)
                0x0002cbac                _lseek_r
 .text.__swhatbuf_r
                0x0002cbd0       0x48 c:/program files (x86)/gnu tools arm embedded/9 2019-q4-major/bin/../lib/gcc/arm-none-eabi/9.2.1/../../../../arm-none-eabi/lib/thumb/v7e-m+fp/hard\libc_nano.a(lib_a-makebuf.o)
                0x0002cbd0                __swhatbuf_r
 .text.__smakebuf_r
                0x0002cc18       0x80 c:/program files (x86)/gnu tools arm embedded/9 2019-q4-major/bin/../lib/gcc/arm-none-eabi/9.2.1/../../../../arm-none-eabi/lib/thumb/v7e-m+fp/hard\libc_nano.a(lib_a-makebuf.o)
                0x0002cc18                __smakebuf_r
 *fill*         0x0002cc98        0x8 
 .text          0x0002cca0       0xa0 c:/program files (x86)/gnu tools arm embedded/9 2019-q4-major/bin/../lib/gcc/arm-none-eabi/9.2.1/../../../../arm-none-eabi/lib/thumb/v7e-m+fp/hard\libc_nano.a(lib_a-memchr.o)
                0x0002cca0                memchr
 .text.__malloc_lock
                0x0002cd40        0xc c:/program files (x86)/gnu tools arm embedded/9 2019-q4-major/bin/../lib/gcc/arm-none-eabi/9.2.1/../../../../arm-none-eabi/lib/thumb/v7e-m+fp/hard\libc_nano.a(lib_a-mlock.o)
                0x0002cd40                __malloc_lock
 .text.__malloc_unlock
                0x0002cd4c        0xc c:/program files (x86)/gnu tools arm embedded/9 2019-q4-major/bin/../lib/gcc/arm-none-eabi/9.2.1/../../../../arm-none-eabi/lib/thumb/v7e-m+fp/hard\libc_nano.a(lib_a-mlock.o)
                0x0002cd4c                __malloc_unlock
 .text._free_r  0x0002cd58       0xa0 c:/program files (x86)/gnu tools arm embedded/9 2019-q4-major/bin/../lib/gcc/arm-none-eabi/9.2.1/../../../../arm-none-eabi/lib/thumb/v7e-m+fp/hard\libc_nano.a(lib_a-nano-freer.o)
                0x0002cd58                _free_r
 .text._read_r  0x0002cdf8       0x24 c:/program files (x86)/gnu tools arm embedded/9 2019-q4-major/bin/../lib/gcc/arm-none-eabi/9.2.1/../../../../arm-none-eabi/lib/thumb/v7e-m+fp/hard\libc_nano.a(lib_a-readr.o)
                0x0002cdf8                _read_r
 .text._fstat_r
                0x0002ce1c       0x24 c:/program files (x86)/gnu tools arm embedded/9 2019-q4-major/bin/../lib/gcc/arm-none-eabi/9.2.1/../../../../arm-none-eabi/lib/thumb/v7e-m+fp/hard\libc_nano.a(lib_a-fstatr.o)
                0x0002ce1c                _fstat_r
 .text._isatty_r
                0x0002ce40       0x20 c:/program files (x86)/gnu tools arm embedded/9 2019-q4-major/bin/../lib/gcc/arm-none-eabi/9.2.1/../../../../arm-none-eabi/lib/thumb/v7e-m+fp/hard\libc_nano.a(lib_a-isattyr.o)
                0x0002ce40                _isatty_r
 .text._close   0x0002ce60       0x10 c:/program files (x86)/gnu tools arm embedded/9 2019-q4-major/bin/../lib/gcc/arm-none-eabi/9.2.1/../../../../arm-none-eabi/lib/thumb/v7e-m+fp/hard\libnosys.a(close.o)
                0x0002ce60                _close
 .text._fstat   0x0002ce70       0x10 c:/program files (x86)/gnu tools arm embedded/9 2019-q4-major/bin/../lib/gcc/arm-none-eabi/9.2.1/../../../../arm-none-eabi/lib/thumb/v7e-m+fp/hard\libnosys.a(fstat.o)
                0x0002ce70                _fstat
 .text._isatty  0x0002ce80       0x10 c:/program files (x86)/gnu tools arm embedded/9 2019-q4-major/bin/../lib/gcc/arm-none-eabi/9.2.1/../../../../arm-none-eabi/lib/thumb/v7e-m+fp/hard\libnosys.a(isatty.o)
                0x0002ce80                _isatty
 .text._lseek   0x0002ce90       0x10 c:/program files (x86)/gnu tools arm embedded/9 2019-q4-major/bin/../lib/gcc/arm-none-eabi/9.2.1/../../../../arm-none-eabi/lib/thumb/v7e-m+fp/hard\libnosys.a(lseek.o)
                0x0002ce90                _lseek
 .text._read    0x0002cea0       0x10 c:/program files (x86)/gnu tools arm embedded/9 2019-q4-major/bin/../lib/gcc/arm-none-eabi/9.2.1/../../../../arm-none-eabi/lib/thumb/v7e-m+fp/hard\libnosys.a(read.o)
                0x0002cea0                _read
 .text._sbrk    0x0002ceb0       0x1c c:/program files (x86)/gnu tools arm embedded/9 2019-q4-major/bin/../lib/gcc/arm-none-eabi/9.2.1/../../../../arm-none-eabi/lib/thumb/v7e-m+fp/hard\libnosys.a(sbrk.o)
                0x0002ceb0                _sbrk
 .text._write   0x0002cecc       0x10 c:/program files (x86)/gnu tools arm embedded/9 2019-q4-major/bin/../lib/gcc/arm-none-eabi/9.2.1/../../../../arm-none-eabi/lib/thumb/v7e-m+fp/hard\libnosys.a(write.o)
                0x0002cecc                _write
 .text._exit    0x0002cedc        0x4 c:/program files (x86)/gnu tools arm embedded/9 2019-q4-major/bin/../lib/gcc/arm-none-eabi/9.2.1/../../../../arm-none-eabi/lib/thumb/v7e-m+fp/hard\libnosys.a(_exit.o)
                0x0002cedc                _exit
 *(.init)
 .init          0x0002cee0        0x4 c:/program files (x86)/gnu tools arm embedded/9 2019-q4-major/bin/../lib/gcc/arm-none-eabi/9.2.1/thumb/v7e-m+fp/hard/crti.o
                0x0002cee0                _init
 .init          0x0002cee4        0x8 c:/program files (x86)/gnu tools arm embedded/9 2019-q4-major/bin/../lib/gcc/arm-none-eabi/9.2.1/thumb/v7e-m+fp/hard/crtn.o
 *(.fini)
 .fini          0x0002ceec        0x4 c:/program files (x86)/gnu tools arm embedded/9 2019-q4-major/bin/../lib/gcc/arm-none-eabi/9.2.1/thumb/v7e-m+fp/hard/crti.o
                0x0002ceec                _fini
 .fini          0x0002cef0        0x8 c:/program files (x86)/gnu tools arm embedded/9 2019-q4-major/bin/../lib/gcc/arm-none-eabi/9.2.1/thumb/v7e-m+fp/hard/crtn.o
 *crtbegin.o(.ctors)
 *crtbegin?.o(.ctors)
 *(EXCLUDE_FILE(*crtend.o *crtend?.o) .ctors)
 *(SORT_BY_NAME(.ctors.*))
 *(.ctors)
 *crtbegin.o(.dtors)
 *crtbegin?.o(.dtors)
 *(EXCLUDE_FILE(*crtend.o *crtend?.o) .dtors)
 *(SORT_BY_NAME(.dtors.*))
 *(.dtors)
 *(.rodata*)
 .rodata        0x0002cef8       0x20 _build/nrf52840_xxaa/nrf_log_backend_uart.c.o
 .rodata.nrf_log_backend_uart_api
                0x0002cf18        0xc _build/nrf52840_xxaa/nrf_log_backend_uart.c.o
                0x0002cf18                nrf_log_backend_uart_api
 .rodata.str1.4
                0x0002cf24       0x11 _build/nrf52840_xxaa/nrf_log_default_backends.c.o
 *fill*         0x0002cf35        0x3 
 .rodata.nrf_log_frontend_dequeue.str1.4
                0x0002cf38       0x11 _build/nrf52840_xxaa/nrf_log_frontend.c.o
 *fill*         0x0002cf49        0x3 
 .rodata.str1.4
                0x0002cf4c        0x4 _build/nrf52840_xxaa/nrf_log_frontend.c.o
 .rodata.m_log_push_ringbuf
                0x0002cf50        0xc _build/nrf52840_xxaa/nrf_log_frontend.c.o
 .rodata.prefix_process.str1.4
                0x0002cf5c       0x36 _build/nrf52840_xxaa/nrf_log_str_formatter.c.o
 *fill*         0x0002cf92        0x2 
 .rodata.nrf_log_std_entry_process.str1.4
                0x0002cf94        0x3 _build/nrf52840_xxaa/nrf_log_str_formatter.c.o
 *fill*         0x0002cf97        0x1 
 .rodata.nrf_log_hexdump_entry_process.str1.4
                0x0002cf98       0x13 _build/nrf52840_xxaa/nrf_log_str_formatter.c.o
                                 0x16 (size before relaxing)
 *fill*         0x0002cfab        0x1 
 .rodata.str1.4
                0x0002cfac       0x56 _build/nrf52840_xxaa/nrf_log_str_formatter.c.o
 *fill*         0x0002d002        0x2 
 .rodata.m_colors
                0x0002d004       0x24 _build/nrf52840_xxaa/nrf_log_str_formatter.c.o
 .rodata.severity_names
                0x0002d028       0x14 _build/nrf52840_xxaa/nrf_log_str_formatter.c.o
 .rodata.str1.4
                0x0002d03c        0xb _build/nrf52840_xxaa/app_button.c.o
 *fill*         0x0002d047        0x1 
 .rodata.m_detection_delay_timer_id
                0x0002d048        0x4 _build/nrf52840_xxaa/app_button.c.o
 .rodata.app_error_fault_handler.str1.4
                0x0002d04c       0x19 _build/nrf52840_xxaa/app_error_weak.c.o
 *fill*         0x0002d065        0x3 
 .rodata.str1.4
                0x0002d068        0xa _build/nrf52840_xxaa/app_timer2.c.o
 *fill*         0x0002d072        0x2 
 .rodata        0x0002d074        0x4 _build/nrf52840_xxaa/app_timer2.c.o
 .rodata.m_app_timer_sortlist
                0x0002d078        0xc _build/nrf52840_xxaa/app_timer2.c.o
 .rodata.drv_rtc_init.str1.4
                0x0002d084       0x36 _build/nrf52840_xxaa/drv_rtc.c.o
 *fill*         0x0002d0ba        0x6 
 .rodata.delay_machine_code.8746
                0x0002d0c0        0x6 _build/nrf52840_xxaa/drv_rtc.c.o
 *fill*         0x0002d0c6        0x2 
 .rodata._aV2C.7806
                0x0002d0c8       0x10 _build/nrf52840_xxaa/nrf_fprintf_format.c.o
 .rodata.str1.4
                0x0002d0d8        0x9 _build/nrf52840_xxaa/nrf_pwr_mgmt.c.o
 *fill*         0x0002d0e1        0x3 
 .rodata.pwr_mgmt_data
                0x0002d0e4        0xc _build/nrf52840_xxaa/nrf_pwr_mgmt.c.o
 .rodata.str1.4
                0x0002d0f0        0x9 _build/nrf52840_xxaa/nrf_sortlist.c.o
 *fill*         0x0002d0f9        0x3 
 .rodata.str1.4
                0x0002d0fc      0x3e9 _build/nrf52840_xxaa/nrf_strerror.c.o
 *fill*         0x0002d4e5        0x3 
 .rodata.m_unknown_str
                0x0002d4e8       0x13 _build/nrf52840_xxaa/nrf_strerror.c.o
 *fill*         0x0002d4fb        0x1 
 .rodata.nrf_strerror_array
                0x0002d4fc      0x128 _build/nrf52840_xxaa/nrf_strerror.c.o
 .rodata.m_board_led_list
                0x0002d624        0x2 _build/nrf52840_xxaa/boards.c.o
 *fill*         0x0002d626        0x2 
 .rodata.str1.4
                0x0002d628        0x6 _build/nrf52840_xxaa/nrf_drv_clock.c.o
 *fill*         0x0002d62e        0x2 
 .rodata.str1.4
                0x0002d630        0x6 _build/nrf52840_xxaa/nrfx_clock.c.o
 *fill*         0x0002d636        0x2 
 .rodata.str1.4
                0x0002d638        0x7 _build/nrf52840_xxaa/nrfx_gpiote.c.o
 *fill*         0x0002d63f        0x1 
 .rodata.str1.4
                0x0002d640        0x4 _build/nrf52840_xxaa/nrfx_prs.c.o
 .rodata.str1.4
                0x0002d644        0x5 _build/nrf52840_xxaa/nrfx_uart.c.o
 *fill*         0x0002d649        0x3 
 .rodata.str1.4
                0x0002d64c        0x6 _build/nrf52840_xxaa/nrfx_uarte.c.o
 *fill*         0x0002d652        0x2 
 .rodata.led_write_handler.str1.4
                0x0002d654       0x26 _build/nrf52840_xxaa/main.c.o
 *fill*         0x0002d67a        0x2 
 .rodata.ble_evt_handler.str1.4
                0x0002d67c       0x19 _build/nrf52840_xxaa/main.c.o
 *fill*         0x0002d695        0x3 
 .rodata.main.str1.4
                0x0002d698       0x2c _build/nrf52840_xxaa/main.c.o
 .rodata.data_length_update.constprop.0.str1.4
                0x0002d6c4       0xe2 _build/nrf52840_xxaa/nrf_ble_gatt.c.o
 *fill*         0x0002d7a6        0x2 
 .rodata.nrf_ble_gatt_on_ble_evt.str1.4
                0x0002d7a8       0x63 _build/nrf52840_xxaa/nrf_ble_gatt.c.o
 *fill*         0x0002d80b        0x1 
 .rodata.str1.4
                0x0002d80c        0xd _build/nrf52840_xxaa/nrf_ble_gatt.c.o
 *fill*         0x0002d819        0x3 
 .rodata        0x0002d81c       0x10 _build/nrf52840_xxaa/ble_lbs.c.o
 .rodata.str1.4
                0x0002d82c        0x8 _build/nrf52840_xxaa/nrf_sdh.c.o
 .rodata        0x0002d834        0x4 _build/nrf52840_xxaa/nrf_sdh.c.o
 .rodata.sdh_req_observers
                0x0002d838        0xc _build/nrf52840_xxaa/nrf_sdh.c.o
 .rodata.sdh_stack_observers
                0x0002d844        0xc _build/nrf52840_xxaa/nrf_sdh.c.o
 .rodata.sdh_state_observers
                0x0002d850        0xc _build/nrf52840_xxaa/nrf_sdh.c.o
 .rodata.nrf_sdh_ble_default_cfg_set.str1.4
                0x0002d85c      0x187 _build/nrf52840_xxaa/nrf_sdh_ble.c.o
 *fill*         0x0002d9e3        0x1 
 .rodata.nrf_sdh_ble_enable.str1.4
                0x0002d9e4       0xad _build/nrf52840_xxaa/nrf_sdh_ble.c.o
 *fill*         0x0002da91        0x3 
 .rodata.str1.4
                0x0002da94        0xc _build/nrf52840_xxaa/nrf_sdh_ble.c.o
 .rodata.sdh_ble_observers
                0x0002daa0        0xc _build/nrf52840_xxaa/nrf_sdh_ble.c.o
 .rodata.str1.4
                0x0002daac        0xc _build/nrf52840_xxaa/nrf_sdh_soc.c.o
 .rodata.sdh_soc_observers
                0x0002dab8        0xc _build/nrf52840_xxaa/nrf_sdh_soc.c.o
 .rodata._ctype_
                0x0002dac4      0x101 c:/program files (x86)/gnu tools arm embedded/9 2019-q4-major/bin/../lib/gcc/arm-none-eabi/9.2.1/../../../../arm-none-eabi/lib/thumb/v7e-m+fp/hard\libc_nano.a(lib_a-ctype_.o)
                0x0002dac4                _ctype_
 *fill*         0x0002dbc5        0x3 
 .rodata._global_impure_ptr
                0x0002dbc8        0x4 c:/program files (x86)/gnu tools arm embedded/9 2019-q4-major/bin/../lib/gcc/arm-none-eabi/9.2.1/../../../../arm-none-eabi/lib/thumb/v7e-m+fp/hard\libc_nano.a(lib_a-impure.o)
                0x0002dbc8                _global_impure_ptr
 .rodata.__sf_fake_stderr
                0x0002dbcc       0x20 c:/program files (x86)/gnu tools arm embedded/9 2019-q4-major/bin/../lib/gcc/arm-none-eabi/9.2.1/../../../../arm-none-eabi/lib/thumb/v7e-m+fp/hard\libc_nano.a(lib_a-findfp.o)
                0x0002dbcc                __sf_fake_stderr
 .rodata.__sf_fake_stdin
                0x0002dbec       0x20 c:/program files (x86)/gnu tools arm embedded/9 2019-q4-major/bin/../lib/gcc/arm-none-eabi/9.2.1/../../../../arm-none-eabi/lib/thumb/v7e-m+fp/hard\libc_nano.a(lib_a-findfp.o)
                0x0002dbec                __sf_fake_stdin
 .rodata.__sf_fake_stdout
                0x0002dc0c       0x20 c:/program files (x86)/gnu tools arm embedded/9 2019-q4-major/bin/../lib/gcc/arm-none-eabi/9.2.1/../../../../arm-none-eabi/lib/thumb/v7e-m+fp/hard\libc_nano.a(lib_a-findfp.o)
                0x0002dc0c                __sf_fake_stdout
 .rodata._vfprintf_r.str1.1
                0x0002dc2c       0x11 c:/program files (x86)/gnu tools arm embedded/9 2019-q4-major/bin/../lib/gcc/arm-none-eabi/9.2.1/../../../../arm-none-eabi/lib/thumb/v7e-m+fp/hard\libc_nano.a(lib_a-nano-vfprintf.o)
 .rodata._printf_i.str1.1
                0x0002dc3d       0x22 c:/program files (x86)/gnu tools arm embedded/9 2019-q4-major/bin/../lib/gcc/arm-none-eabi/9.2.1/../../../../arm-none-eabi/lib/thumb/v7e-m+fp/hard\libc_nano.a(lib_a-nano-vfprintf_i.o)
 *(.eh_frame*)
 *fill*         0x0002dc5f        0x1 
 .eh_frame      0x0002dc60        0x0 c:/program files (x86)/gnu tools arm embedded/9 2019-q4-major/bin/../lib/gcc/arm-none-eabi/9.2.1/thumb/v7e-m+fp/hard/crtbegin.o
 .eh_frame      0x0002dc60        0x4 c:/program files (x86)/gnu tools arm embedded/9 2019-q4-major/bin/../lib/gcc/arm-none-eabi/9.2.1/thumb/v7e-m+fp/hard/crtend.o

.glue_7         0x0002dc64        0x0
 .glue_7        0x0002dc64        0x0 linker stubs

.glue_7t        0x0002dc64        0x0
 .glue_7t       0x0002dc64        0x0 linker stubs

.vfp11_veneer   0x0002dc64        0x0
 .vfp11_veneer  0x0002dc64        0x0 linker stubs

.v4_bx          0x0002dc64        0x0
 .v4_bx         0x0002dc64        0x0 linker stubs

.iplt           0x0002dc64        0x0
 .iplt          0x0002dc64        0x0 c:/program files (x86)/gnu tools arm embedded/9 2019-q4-major/bin/../lib/gcc/arm-none-eabi/9.2.1/thumb/v7e-m+fp/hard/crtbegin.o

.mem_section_dummy_rom

.sdh_soc_observers
                0x0002dc64        0x8
                0x0002dc64                PROVIDE (__start_sdh_soc_observers = .)
 *(SORT_BY_NAME(.sdh_soc_observers*))
 .sdh_soc_observers0
                0x0002dc64        0x8 _build/nrf52840_xxaa/nrf_drv_clock.c.o
                0x0002dc6c                PROVIDE (__stop_sdh_soc_observers = .)

.pwr_mgmt_data  0x0002dc6c        0x0
                0x0002dc6c                PROVIDE (__start_pwr_mgmt_data = .)
 *(SORT_BY_NAME(.pwr_mgmt_data*))
                0x0002dc6c                PROVIDE (__stop_pwr_mgmt_data = .)

.sdh_ble_observers
                0x0002dc6c       0x30
                0x0002dc6c                PROVIDE (__start_sdh_ble_observers = .)
 *(SORT_BY_NAME(.sdh_ble_observers*))
 .sdh_ble_observers0
                0x0002dc6c        0x8 _build/nrf52840_xxaa/ble_conn_state.c.o
 .sdh_ble_observers1
                0x0002dc74        0x8 _build/nrf52840_xxaa/main.c.o
 .sdh_ble_observers1
                0x0002dc7c        0x8 _build/nrf52840_xxaa/ble_conn_params.c.o
 .sdh_ble_observers2
                0x0002dc84       0x10 _build/nrf52840_xxaa/main.c.o
 .sdh_ble_observers3
                0x0002dc94        0x8 _build/nrf52840_xxaa/main.c.o
                0x0002dc9c                PROVIDE (__stop_sdh_ble_observers = .)

.sdh_state_observers
                0x0002dc9c        0x8
                0x0002dc9c                PROVIDE (__start_sdh_state_observers = .)
 *(SORT_BY_NAME(.sdh_state_observers*))
 .sdh_state_observers0
                0x0002dc9c        0x8 _build/nrf52840_xxaa/nrf_drv_clock.c.o
                0x0002dca4                PROVIDE (__stop_sdh_state_observers = .)

.sdh_stack_observers
                0x0002dca4       0x10
                0x0002dca4                PROVIDE (__start_sdh_stack_observers = .)
 *(SORT_BY_NAME(.sdh_stack_observers*))
 .sdh_stack_observers0
                0x0002dca4        0x8 _build/nrf52840_xxaa/nrf_sdh_ble.c.o
 .sdh_stack_observers0
                0x0002dcac        0x8 _build/nrf52840_xxaa/nrf_sdh_soc.c.o
                0x0002dcb4                PROVIDE (__stop_sdh_stack_observers = .)

.sdh_req_observers
                0x0002dcb4        0x0
                0x0002dcb4                PROVIDE (__start_sdh_req_observers = .)
 *(SORT_BY_NAME(.sdh_req_observers*))
                0x0002dcb4                PROVIDE (__stop_sdh_req_observers = .)

.nrf_queue      0x0002dcb4        0x0
                [!provide]                PROVIDE (__start_nrf_queue = .)
 *(.nrf_queue)
                [!provide]                PROVIDE (__stop_nrf_queue = .)

.nrf_balloc     0x0002dcb4       0x14
                [!provide]                PROVIDE (__start_nrf_balloc = .)
 *(.nrf_balloc)
 .nrf_balloc    0x0002dcb4       0x14 _build/nrf52840_xxaa/nrf_log_frontend.c.o
                0x0002dcb4                log_mempool
                [!provide]                PROVIDE (__stop_nrf_balloc = .)

.cli_command    0x0002dcc8        0x0
                [!provide]                PROVIDE (__start_cli_command = .)
 *(.cli_command)
                [!provide]                PROVIDE (__stop_cli_command = .)

.crypto_data    0x0002dcc8        0x0
                [!provide]                PROVIDE (__start_crypto_data = .)
 *(SORT_BY_NAME(.crypto_data*))
                [!provide]                PROVIDE (__stop_crypto_data = .)

.log_const_data
                0x0002dcc8       0x78
                0x0002dcc8                PROVIDE (__start_log_const_data = .)
 *(SORT_BY_NAME(.log_const_data*))
 .log_const_data_CLOCK
                0x0002dcc8        0x8 _build/nrf52840_xxaa/nrfx_clock.c.o
                0x0002dcc8                m_nrf_log_CLOCK_logs_data_const
 .log_const_data_GPIOTE
                0x0002dcd0        0x8 _build/nrf52840_xxaa/nrfx_gpiote.c.o
                0x0002dcd0                m_nrf_log_GPIOTE_logs_data_const
 .log_const_data_PRS
                0x0002dcd8        0x8 _build/nrf52840_xxaa/nrfx_prs.c.o
                0x0002dcd8                m_nrf_log_PRS_logs_data_const
 .log_const_data_UART
                0x0002dce0        0x8 _build/nrf52840_xxaa/nrfx_uart.c.o
                0x0002dce0                m_nrf_log_UART_logs_data_const
 .log_const_data_UARTE
                0x0002dce8        0x8 _build/nrf52840_xxaa/nrfx_uarte.c.o
                0x0002dce8                m_nrf_log_UARTE_logs_data_const
 .log_const_data_app
                0x0002dcf0        0x8 _build/nrf52840_xxaa/nrf_log_frontend.c.o
                0x0002dcf0                m_nrf_log_app_logs_data_const
 .log_const_data_app_button
                0x0002dcf8        0x8 _build/nrf52840_xxaa/app_button.c.o
                0x0002dcf8                m_nrf_log_app_button_logs_data_const
 .log_const_data_app_timer
                0x0002dd00        0x8 _build/nrf52840_xxaa/app_timer2.c.o
                0x0002dd00                m_nrf_log_app_timer_logs_data_const
 .log_const_data_clock
                0x0002dd08        0x8 _build/nrf52840_xxaa/nrf_drv_clock.c.o
                0x0002dd08                m_nrf_log_clock_logs_data_const
 .log_const_data_nrf_ble_gatt
                0x0002dd10        0x8 _build/nrf52840_xxaa/nrf_ble_gatt.c.o
                0x0002dd10                m_nrf_log_nrf_ble_gatt_logs_data_const
 .log_const_data_nrf_sdh
                0x0002dd18        0x8 _build/nrf52840_xxaa/nrf_sdh.c.o
                0x0002dd18                m_nrf_log_nrf_sdh_logs_data_const
 .log_const_data_nrf_sdh_ble
                0x0002dd20        0x8 _build/nrf52840_xxaa/nrf_sdh_ble.c.o
                0x0002dd20                m_nrf_log_nrf_sdh_ble_logs_data_const
 .log_const_data_nrf_sdh_soc
                0x0002dd28        0x8 _build/nrf52840_xxaa/nrf_sdh_soc.c.o
                0x0002dd28                m_nrf_log_nrf_sdh_soc_logs_data_const
 .log_const_data_pwr_mgmt
                0x0002dd30        0x8 _build/nrf52840_xxaa/nrf_pwr_mgmt.c.o
                0x0002dd30                m_nrf_log_pwr_mgmt_logs_data_const
 .log_const_data_sortlist
                0x0002dd38        0x8 _build/nrf52840_xxaa/nrf_sortlist.c.o
                0x0002dd38                m_nrf_log_sortlist_logs_data_const
                0x0002dd40                PROVIDE (__stop_log_const_data = .)

.log_backends   0x0002dd40       0x10
                [!provide]                PROVIDE (__start_log_backends = .)
 *(SORT_BY_NAME(.log_backends*))
 .log_backends  0x0002dd40       0x10 _build/nrf52840_xxaa/nrf_log_default_backends.c.o
                [!provide]                PROVIDE (__stop_log_backends = .)

.ARM.extab
 *(.ARM.extab* .gnu.linkonce.armextab.*)
                0x0002dd50                __exidx_start = .

.ARM.exidx      0x0002dd50        0x8
 *(.ARM.exidx* .gnu.linkonce.armexidx.*)
 .ARM.exidx     0x0002dd50        0x8 c:/program files (x86)/gnu tools arm embedded/9 2019-q4-major/bin/../lib/gcc/arm-none-eabi/9.2.1/../../../../arm-none-eabi/lib/thumb/v7e-m+fp/hard/crt0.o
                0x0002dd58                __exidx_end = .
                0x0002dd58                __etext = .

.rel.dyn        0x0002dd58        0x0
 .rel.iplt      0x0002dd58        0x0 c:/program files (x86)/gnu tools arm embedded/9 2019-q4-major/bin/../lib/gcc/arm-none-eabi/9.2.1/thumb/v7e-m+fp/hard/crtbegin.o

.data           0x20002300       0xc8 load address 0x0002dd58
                0x20002300                __data_start__ = .
 *(vtable)
 *(.data*)
 .data.m_uart   0x20002300       0x14 _build/nrf52840_xxaa/nrf_log_backend_uart.c.o
                0x20002300                m_uart
 .data.log_backend_cb_uart_log_backend
                0x20002314        0x8 _build/nrf52840_xxaa/nrf_log_default_backends.c.o
 .data.m_rtc_inst
                0x2000231c        0x8 _build/nrf52840_xxaa/app_timer2.c.o
 .data.SystemCoreClock
                0x20002324        0x4 _build/nrf52840_xxaa/system_nrf52840.c.o
                0x20002324                SystemCoreClock
 .data.buttons.11750
                0x20002328       0x20 _build/nrf52840_xxaa/main.c.o
 .data.m_adv_data
                0x20002348       0x10 _build/nrf52840_xxaa/main.c.o
 .data.m_adv_handle
                0x20002358        0x1 _build/nrf52840_xxaa/main.c.o
 *fill*         0x20002359        0x1 
 .data.m_conn_handle
                0x2000235a        0x2 _build/nrf52840_xxaa/main.c.o
 .data._impure_ptr
                0x2000235c        0x4 c:/program files (x86)/gnu tools arm embedded/9 2019-q4-major/bin/../lib/gcc/arm-none-eabi/9.2.1/../../../../arm-none-eabi/lib/thumb/v7e-m+fp/hard\libc_nano.a(lib_a-impure.o)
                0x2000235c                _impure_ptr
 .data.impure_data
                0x20002360       0x60 c:/program files (x86)/gnu tools arm embedded/9 2019-q4-major/bin/../lib/gcc/arm-none-eabi/9.2.1/../../../../arm-none-eabi/lib/thumb/v7e-m+fp/hard\libc_nano.a(lib_a-impure.o)
                0x200023c0                . = ALIGN (0x4)
                0x200023c0                PROVIDE (__preinit_array_start = .)
 *(.preinit_array)
                0x200023c0                PROVIDE (__preinit_array_end = .)
                0x200023c0                . = ALIGN (0x4)
                0x200023c0                PROVIDE (__init_array_start = .)
 *(SORT_BY_NAME(.init_array.*))
 *(.init_array)
 .init_array    0x200023c0        0x4 c:/program files (x86)/gnu tools arm embedded/9 2019-q4-major/bin/../lib/gcc/arm-none-eabi/9.2.1/thumb/v7e-m+fp/hard/crtbegin.o
                0x200023c4                PROVIDE (__init_array_end = .)
                0x200023c4                . = ALIGN (0x4)
                [!provide]                PROVIDE (__fini_array_start = .)
 *(SORT_BY_NAME(.fini_array.*))
 *(.fini_array)
 .fini_array    0x200023c4        0x4 c:/program files (x86)/gnu tools arm embedded/9 2019-q4-major/bin/../lib/gcc/arm-none-eabi/9.2.1/thumb/v7e-m+fp/hard/crtbegin.o
                [!provide]                PROVIDE (__fini_array_end = .)
 *(.jcr*)
                0x200023c8                . = ALIGN (0x4)
                0x200023c8                __data_end__ = .
LOAD c:/program files (x86)/gnu tools arm embedded/9 2019-q4-major/bin/../lib/gcc/arm-none-eabi/9.2.1/thumb/v7e-m+fp/hard/crti.o
LOAD c:/program files (x86)/gnu tools arm embedded/9 2019-q4-major/bin/../lib/gcc/arm-none-eabi/9.2.1/thumb/v7e-m+fp/hard/crtbegin.o
LOAD c:/program files (x86)/gnu tools arm embedded/9 2019-q4-major/bin/../lib/gcc/arm-none-eabi/9.2.1/../../../../arm-none-eabi/lib/thumb/v7e-m+fp/hard/crt0.o
LOAD _build/nrf52840_xxaa/gcc_startup_nrf52840.S.o
LOAD _build/nrf52840_xxaa/nrf_log_backend_rtt.c.o
LOAD _build/nrf52840_xxaa/nrf_log_backend_serial.c.o
LOAD _build/nrf52840_xxaa/nrf_log_backend_uart.c.o
LOAD _build/nrf52840_xxaa/nrf_log_default_backends.c.o
LOAD _build/nrf52840_xxaa/nrf_log_frontend.c.o
LOAD _build/nrf52840_xxaa/nrf_log_str_formatter.c.o
LOAD _build/nrf52840_xxaa/app_button.c.o
LOAD _build/nrf52840_xxaa/app_error.c.o
LOAD _build/nrf52840_xxaa/app_error_handler_gcc.c.o
LOAD _build/nrf52840_xxaa/app_error_weak.c.o
LOAD _build/nrf52840_xxaa/app_scheduler.c.o
LOAD _build/nrf52840_xxaa/app_timer2.c.o
LOAD _build/nrf52840_xxaa/app_util_platform.c.o
LOAD _build/nrf52840_xxaa/drv_rtc.c.o
LOAD _build/nrf52840_xxaa/hardfault_implementation.c.o
LOAD _build/nrf52840_xxaa/nrf_assert.c.o
LOAD _build/nrf52840_xxaa/nrf_atfifo.c.o
LOAD _build/nrf52840_xxaa/nrf_atflags.c.o
LOAD _build/nrf52840_xxaa/nrf_atomic.c.o
LOAD _build/nrf52840_xxaa/nrf_balloc.c.o
LOAD _build/nrf52840_xxaa/nrf_fprintf.c.o
LOAD _build/nrf52840_xxaa/nrf_fprintf_format.c.o
LOAD _build/nrf52840_xxaa/nrf_memobj.c.o
LOAD _build/nrf52840_xxaa/nrf_pwr_mgmt.c.o
LOAD _build/nrf52840_xxaa/nrf_ringbuf.c.o
LOAD _build/nrf52840_xxaa/nrf_section_iter.c.o
LOAD _build/nrf52840_xxaa/nrf_sortlist.c.o
LOAD _build/nrf52840_xxaa/nrf_strerror.c.o
LOAD _build/nrf52840_xxaa/system_nrf52840.c.o
LOAD _build/nrf52840_xxaa/boards.c.o
LOAD _build/nrf52840_xxaa/nrf_drv_clock.c.o
LOAD _build/nrf52840_xxaa/nrf_drv_uart.c.o
LOAD _build/nrf52840_xxaa/nrfx_atomic.c.o
LOAD _build/nrf52840_xxaa/nrfx_clock.c.o
LOAD _build/nrf52840_xxaa/nrfx_gpiote.c.o
LOAD _build/nrf52840_xxaa/nrfx_prs.c.o
LOAD _build/nrf52840_xxaa/nrfx_uart.c.o
LOAD _build/nrf52840_xxaa/nrfx_uarte.c.o
LOAD _build/nrf52840_xxaa/main.c.o
LOAD _build/nrf52840_xxaa/SEGGER_RTT.c.o
LOAD _build/nrf52840_xxaa/SEGGER_RTT_Syscalls_GCC.c.o
LOAD _build/nrf52840_xxaa/SEGGER_RTT_printf.c.o
LOAD _build/nrf52840_xxaa/ble_advdata.c.o
LOAD _build/nrf52840_xxaa/ble_conn_params.c.o
LOAD _build/nrf52840_xxaa/ble_conn_state.c.o
LOAD _build/nrf52840_xxaa/ble_srv_common.c.o
LOAD _build/nrf52840_xxaa/nrf_ble_gatt.c.o
LOAD _build/nrf52840_xxaa/nrf_ble_qwr.c.o
LOAD _build/nrf52840_xxaa/utf.c.o
LOAD _build/nrf52840_xxaa/ble_lbs.c.o
LOAD _build/nrf52840_xxaa/nrf_sdh.c.o
LOAD _build/nrf52840_xxaa/nrf_sdh_ble.c.o
LOAD _build/nrf52840_xxaa/nrf_sdh_soc.c.o
LOAD c:/program files (x86)/gnu tools arm embedded/9 2019-q4-major/bin/../lib/gcc/arm-none-eabi/9.2.1/../../../../arm-none-eabi/lib/thumb/v7e-m+fp/hard\libc_nano.a
LOAD c:/program files (x86)/gnu tools arm embedded/9 2019-q4-major/bin/../lib/gcc/arm-none-eabi/9.2.1/../../../../arm-none-eabi/lib/thumb/v7e-m+fp/hard\libnosys.a
LOAD c:/program files (x86)/gnu tools arm embedded/9 2019-q4-major/bin/../lib/gcc/arm-none-eabi/9.2.1/../../../../arm-none-eabi/lib/thumb/v7e-m+fp/hard\libm.a
START GROUP
LOAD c:/program files (x86)/gnu tools arm embedded/9 2019-q4-major/bin/../lib/gcc/arm-none-eabi/9.2.1/thumb/v7e-m+fp/hard\libgcc.a
LOAD c:/program files (x86)/gnu tools arm embedded/9 2019-q4-major/bin/../lib/gcc/arm-none-eabi/9.2.1/../../../../arm-none-eabi/lib/thumb/v7e-m+fp/hard\libg_nano.a
LOAD c:/program files (x86)/gnu tools arm embedded/9 2019-q4-major/bin/../lib/gcc/arm-none-eabi/9.2.1/../../../../arm-none-eabi/lib/thumb/v7e-m+fp/hard\libc_nano.a
END GROUP
START GROUP
LOAD c:/program files (x86)/gnu tools arm embedded/9 2019-q4-major/bin/../lib/gcc/arm-none-eabi/9.2.1/thumb/v7e-m+fp/hard\libgcc.a
LOAD c:/program files (x86)/gnu tools arm embedded/9 2019-q4-major/bin/../lib/gcc/arm-none-eabi/9.2.1/../../../../arm-none-eabi/lib/thumb/v7e-m+fp/hard\libc_nano.a
END GROUP
LOAD c:/program files (x86)/gnu tools arm embedded/9 2019-q4-major/bin/../lib/gcc/arm-none-eabi/9.2.1/thumb/v7e-m+fp/hard/crtend.o
LOAD c:/program files (x86)/gnu tools arm embedded/9 2019-q4-major/bin/../lib/gcc/arm-none-eabi/9.2.1/thumb/v7e-m+fp/hard/crtn.o
START GROUP
LOAD c:/program files (x86)/gnu tools arm embedded/9 2019-q4-major/bin/../lib/gcc/arm-none-eabi/9.2.1/thumb/v7e-m+fp/hard\libgcc.a
LOAD c:/program files (x86)/gnu tools arm embedded/9 2019-q4-major/bin/../lib/gcc/arm-none-eabi/9.2.1/../../../../arm-none-eabi/lib/thumb/v7e-m+fp/hard\libc.a
LOAD c:/program files (x86)/gnu tools arm embedded/9 2019-q4-major/bin/../lib/gcc/arm-none-eabi/9.2.1/../../../../arm-none-eabi/lib/thumb/v7e-m+fp/hard\libnosys.a
END GROUP

.igot.plt       0x200023c8        0x0 load address 0x0002de20
 .igot.plt      0x200023c8        0x0 c:/program files (x86)/gnu tools arm embedded/9 2019-q4-major/bin/../lib/gcc/arm-none-eabi/9.2.1/thumb/v7e-m+fp/hard/crtbegin.o
                0x200023c8                . = ALIGN (0x4)

.mem_section_dummy_ram

.cli_sorted_cmd_ptrs
                0x200023c8        0x0
                [!provide]                PROVIDE (__start_cli_sorted_cmd_ptrs = .)
 *(.cli_sorted_cmd_ptrs)
                [!provide]                PROVIDE (__stop_cli_sorted_cmd_ptrs = .)

.fs_data        0x200023c8        0x0
                [!provide]                PROVIDE (__start_fs_data = .)
 *(.fs_data)
                [!provide]                PROVIDE (__stop_fs_data = .)

.log_dynamic_data
                0x200023c8        0x0
                0x200023c8                PROVIDE (__start_log_dynamic_data = .)
 *(SORT_BY_NAME(.log_dynamic_data*))
                [!provide]                PROVIDE (__stop_log_dynamic_data = .)

.log_filter_data
                0x200023c8        0x0
                [!provide]                PROVIDE (__start_log_filter_data = .)
 *(SORT_BY_NAME(.log_filter_data*))
                [!provide]                PROVIDE (__stop_log_filter_data = .)

.bss            0x200023c8      0x968 load address 0x0002de20
                0x200023c8                . = ALIGN (0x4)
                0x200023c8                __bss_start__ = .
 *(.bss*)
 .bss           0x200023c8       0x1c c:/program files (x86)/gnu tools arm embedded/9 2019-q4-major/bin/../lib/gcc/arm-none-eabi/9.2.1/thumb/v7e-m+fp/hard/crtbegin.o
 .bss.m_async_mode
                0x200023e4        0x1 _build/nrf52840_xxaa/nrf_log_backend_uart.c.o
 *fill*         0x200023e5        0x3 
 .bss.m_string_buff
                0x200023e8       0x40 _build/nrf52840_xxaa/nrf_log_backend_uart.c.o
 .bss.m_xfer_done
                0x20002428        0x1 _build/nrf52840_xxaa/nrf_log_backend_uart.c.o
 *fill*         0x20002429        0x3 
 .bss.log_mempool_nrf_balloc_cb
                0x2000242c        0x8 _build/nrf52840_xxaa/nrf_log_frontend.c.o
 .bss.log_mempool_nrf_balloc_pool_mem
                0x20002434       0xc0 _build/nrf52840_xxaa/nrf_log_frontend.c.o
 .bss.log_mempool_nrf_balloc_pool_stack
                0x200024f4        0x8 _build/nrf52840_xxaa/nrf_log_frontend.c.o
 *fill*         0x200024fc        0x4 
 .bss.m_log_data
                0x20002500      0x424 _build/nrf52840_xxaa/nrf_log_frontend.c.o
 .bss.m_log_push_ringbuf_buf
                0x20002924       0x80 _build/nrf52840_xxaa/nrf_log_frontend.c.o
 .bss.m_log_push_ringbuf_cb
                0x200029a4       0x18 _build/nrf52840_xxaa/nrf_log_frontend.c.o
 .bss.m_button_count
                0x200029bc        0x1 _build/nrf52840_xxaa/app_button.c.o
 *fill*         0x200029bd        0x3 
 .bss.m_detection_delay
                0x200029c0        0x4 _build/nrf52840_xxaa/app_button.c.o
 *fill*         0x200029c4        0x4 
 .bss.m_detection_delay_timer_id_data
                0x200029c8       0x20 _build/nrf52840_xxaa/app_button.c.o
 .bss.m_pin_active
                0x200029e8        0x8 _build/nrf52840_xxaa/app_button.c.o
 .bss.m_pin_states
                0x200029f0       0x20 _build/nrf52840_xxaa/app_button.c.o
 .bss.mp_buttons
                0x20002a10        0x4 _build/nrf52840_xxaa/app_button.c.o
 .bss.m_app_timer_sortlist_sortlist_cb
                0x20002a14        0x4 _build/nrf52840_xxaa/app_timer2.c.o
 .bss.m_base_counter
                0x20002a18        0x8 _build/nrf52840_xxaa/app_timer2.c.o
 .bss.m_global_active
                0x20002a20        0x1 _build/nrf52840_xxaa/app_timer2.c.o
 *fill*         0x20002a21        0x3 
 .bss.m_req_fifo_data
                0x20002a24       0x58 _build/nrf52840_xxaa/app_timer2.c.o
 .bss.m_req_fifo_inst
                0x20002a7c       0x10 _build/nrf52840_xxaa/app_timer2.c.o
 *fill*         0x20002a8c        0x4 
 .bss.m_stamp64
                0x20002a90        0x8 _build/nrf52840_xxaa/app_timer2.c.o
 .bss.mp_active_timer
                0x20002a98        0x4 _build/nrf52840_xxaa/app_timer2.c.o
 .bss.m_cb      0x20002a9c        0x8 _build/nrf52840_xxaa/drv_rtc.c.o
 .bss.m_handlers
                0x20002aa4        0x4 _build/nrf52840_xxaa/drv_rtc.c.o
 .bss.m_handlers_iter
                0x20002aa8        0x8 _build/nrf52840_xxaa/nrf_pwr_mgmt.c.o
 .bss.m_shutdown_started
                0x20002ab0        0x1 _build/nrf52840_xxaa/nrf_pwr_mgmt.c.o
 *fill*         0x20002ab1        0x3 
 .bss.m_sysoff_mtx
                0x20002ab4        0x4 _build/nrf52840_xxaa/nrf_pwr_mgmt.c.o
 .bss.m_clock_cb
                0x20002ab8       0x14 _build/nrf52840_xxaa/nrf_drv_clock.c.o
 .bss.m_contexts
                0x20002acc        0x8 _build/nrf52840_xxaa/nrf_drv_uart.c.o
 .bss.m_handlers
                0x20002ad4        0x8 _build/nrf52840_xxaa/nrf_drv_uart.c.o
 .bss.m_clock_cb
                0x20002adc        0x8 _build/nrf52840_xxaa/nrfx_clock.c.o
 *fill*         0x20002ae4        0x4 
 .bss.m_cb      0x20002ae8       0x6c _build/nrf52840_xxaa/nrfx_gpiote.c.o
 .bss.m_prs_box_4
                0x20002b54        0x8 _build/nrf52840_xxaa/nrfx_prs.c.o
 *fill*         0x20002b5c        0x4 
 .bss.m_cb      0x20002b60       0x2c _build/nrf52840_xxaa/nrfx_uart.c.o
 *fill*         0x20002b8c        0x4 
 .bss.m_cb      0x20002b90       0x24 _build/nrf52840_xxaa/nrfx_uarte.c.o
 .bss.m_enc_advdata
                0x20002bb4       0x1f _build/nrf52840_xxaa/main.c.o
 *fill*         0x20002bd3        0x1 
 .bss.m_enc_scan_response_data
                0x20002bd4       0x1f _build/nrf52840_xxaa/main.c.o
 *fill*         0x20002bf3        0x1 
 .bss.m_gatt    0x20002bf4       0x14 _build/nrf52840_xxaa/main.c.o
 .bss.m_lbs     0x20002c08       0x18 _build/nrf52840_xxaa/main.c.o
 .bss.m_qwr     0x20002c20        0xc _build/nrf52840_xxaa/main.c.o
 .bss.m_conn_params_config
                0x20002c2c       0x1c _build/nrf52840_xxaa/ble_conn_params.c.o
 .bss.m_conn_params_instances
                0x20002c48       0x14 _build/nrf52840_xxaa/ble_conn_params.c.o
 .bss.m_preferred_conn_params
                0x20002c5c        0x8 _build/nrf52840_xxaa/ble_conn_params.c.o
 *fill*         0x20002c64        0x4 
 .bss.m_timer_data
                0x20002c68       0x20 _build/nrf52840_xxaa/ble_conn_params.c.o
 .bss.m_bcs     0x20002c88       0x7c _build/nrf52840_xxaa/ble_conn_state.c.o
 .bss.m_nrf_sdh_continue
                0x20002d04        0x1 _build/nrf52840_xxaa/nrf_sdh.c.o
 .bss.m_nrf_sdh_enabled
                0x20002d05        0x1 _build/nrf52840_xxaa/nrf_sdh.c.o
 .bss.m_nrf_sdh_suspended
                0x20002d06        0x1 _build/nrf52840_xxaa/nrf_sdh.c.o
 .bss.m_stack_is_enabled
                0x20002d07        0x1 _build/nrf52840_xxaa/nrf_sdh_ble.c.o
 .bss.__malloc_free_list
                0x20002d08        0x4 c:/program files (x86)/gnu tools arm embedded/9 2019-q4-major/bin/../lib/gcc/arm-none-eabi/9.2.1/../../../../arm-none-eabi/lib/thumb/v7e-m+fp/hard\libc_nano.a(lib_a-nano-mallocr.o)
                0x20002d08                __malloc_free_list
 .bss.__malloc_sbrk_start
                0x20002d0c        0x4 c:/program files (x86)/gnu tools arm embedded/9 2019-q4-major/bin/../lib/gcc/arm-none-eabi/9.2.1/../../../../arm-none-eabi/lib/thumb/v7e-m+fp/hard\libc_nano.a(lib_a-nano-mallocr.o)
                0x20002d0c                __malloc_sbrk_start
 .bss.heap_end.5507
                0x20002d10        0x4 c:/program files (x86)/gnu tools arm embedded/9 2019-q4-major/bin/../lib/gcc/arm-none-eabi/9.2.1/../../../../arm-none-eabi/lib/thumb/v7e-m+fp/hard\libnosys.a(sbrk.o)
 *(COMMON)
 COMMON         0x20002d14        0xc _build/nrf52840_xxaa/app_util_platform.c.o
                0x20002d14                nrf_nvic_state
 COMMON         0x20002d20        0x2 _build/nrf52840_xxaa/nrf_drv_uart.c.o
                0x20002d20                nrf_drv_uart_use_easy_dma
 COMMON         0x20002d22        0x9 c:/program files (x86)/gnu tools arm embedded/9 2019-q4-major/bin/../lib/gcc/arm-none-eabi/9.2.1/../../../../arm-none-eabi/lib/thumb/v7e-m+fp/hard\libc_nano.a(lib_a-lock.o)
                0x20002d22                __lock___atexit_recursive_mutex
                0x20002d23                __lock___arc4random_mutex
                0x20002d24                __lock___env_recursive_mutex
                0x20002d25                __lock___sinit_recursive_mutex
                0x20002d26                __lock___malloc_recursive_mutex
                0x20002d27                __lock___at_quick_exit_mutex
                0x20002d28                __lock___dd_hash_mutex
                0x20002d29                __lock___tz_mutex
                0x20002d2a                __lock___sfp_recursive_mutex
 *fill*         0x20002d2b        0x1 
 COMMON         0x20002d2c        0x4 c:/program files (x86)/gnu tools arm embedded/9 2019-q4-major/bin/../lib/gcc/arm-none-eabi/9.2.1/../../../../arm-none-eabi/lib/thumb/v7e-m+fp/hard\libc_nano.a(lib_a-reent.o)
                0x20002d2c                errno
                0x20002d30                . = ALIGN (0x4)
                0x20002d30                __bss_end__ = .

.heap           0x20002d30     0x2000
                0x20002d30                __HeapBase = .
                0x20002d30                __end__ = .
                0x20002d30                PROVIDE (end = .)
 *(.heap*)
 .heap          0x20002d30     0x2000 _build/nrf52840_xxaa/gcc_startup_nrf52840.S.o
                0x20004d30                __HeapLimit = .

.stack_dummy    0x20002d30     0x2000
 *(.stack*)
 .stack         0x20002d30     0x2000 _build/nrf52840_xxaa/gcc_startup_nrf52840.S.o
                0x20040000                __StackTop = (ORIGIN (RAM) + LENGTH (RAM))
                0x2003e000                __StackLimit = (__StackTop - SIZEOF (.stack_dummy))
                0x20040000                PROVIDE (__stack = __StackTop)
                0x00000001                ASSERT ((__StackLimit >= __HeapLimit), region RAM overflowed with stack)
                0x000000c8                DataInitFlashUsed = (__bss_start__ - __data_start__)
                0x00007d58                CodeFlashUsed = (__etext - ORIGIN (FLASH))
                0x00007e20                TotalFlashUsed = (CodeFlashUsed + DataInitFlashUsed)
                0x00000001                ASSERT ((TotalFlashUsed <= LENGTH (FLASH)), region FLASH overflowed with .data and user data)
OUTPUT(_build/nrf52840_xxaa.out elf32-littlearm)

.ARM.attributes
                0x00000000       0x30
 .ARM.attributes
                0x00000000       0x1e c:/program files (x86)/gnu tools arm embedded/9 2019-q4-major/bin/../lib/gcc/arm-none-eabi/9.2.1/thumb/v7e-m+fp/hard/crti.o
 .ARM.attributes
                0x0000001e       0x34 c:/program files (x86)/gnu tools arm embedded/9 2019-q4-major/bin/../lib/gcc/arm-none-eabi/9.2.1/thumb/v7e-m+fp/hard/crtbegin.o
 .ARM.attributes
                0x00000052       0x1c c:/program files (x86)/gnu tools arm embedded/9 2019-q4-major/bin/../lib/gcc/arm-none-eabi/9.2.1/../../../../arm-none-eabi/lib/thumb/v7e-m+fp/hard/crt0.o
 .ARM.attributes
                0x0000006e       0x20 _build/nrf52840_xxaa/gcc_startup_nrf52840.S.o
 .ARM.attributes
                0x0000008e       0x34 _build/nrf52840_xxaa/nrf_log_backend_serial.c.o
 .ARM.attributes
                0x000000c2       0x34 _build/nrf52840_xxaa/nrf_log_backend_uart.c.o
 .ARM.attributes
                0x000000f6       0x34 _build/nrf52840_xxaa/nrf_log_default_backends.c.o
 .ARM.attributes
                0x0000012a       0x34 _build/nrf52840_xxaa/nrf_log_frontend.c.o
 .ARM.attributes
                0x0000015e       0x34 _build/nrf52840_xxaa/nrf_log_str_formatter.c.o
 .ARM.attributes
                0x00000192       0x34 _build/nrf52840_xxaa/app_button.c.o
 .ARM.attributes
                0x000001c6       0x34 _build/nrf52840_xxaa/app_error.c.o
 .ARM.attributes
                0x000001fa       0x34 _build/nrf52840_xxaa/app_error_weak.c.o
 .ARM.attributes
                0x0000022e       0x34 _build/nrf52840_xxaa/app_timer2.c.o
 .ARM.attributes
                0x00000262       0x34 _build/nrf52840_xxaa/app_util_platform.c.o
 .ARM.attributes
                0x00000296       0x34 _build/nrf52840_xxaa/drv_rtc.c.o
 .ARM.attributes
                0x000002ca       0x34 _build/nrf52840_xxaa/nrf_atfifo.c.o
 .ARM.attributes
                0x000002fe       0x34 _build/nrf52840_xxaa/nrf_atflags.c.o
 .ARM.attributes
                0x00000332       0x34 _build/nrf52840_xxaa/nrf_atomic.c.o
 .ARM.attributes
                0x00000366       0x34 _build/nrf52840_xxaa/nrf_balloc.c.o
 .ARM.attributes
                0x0000039a       0x34 _build/nrf52840_xxaa/nrf_fprintf.c.o
 .ARM.attributes
                0x000003ce       0x34 _build/nrf52840_xxaa/nrf_fprintf_format.c.o
 .ARM.attributes
                0x00000402       0x34 _build/nrf52840_xxaa/nrf_memobj.c.o
 .ARM.attributes
                0x00000436       0x34 _build/nrf52840_xxaa/nrf_pwr_mgmt.c.o
 .ARM.attributes
                0x0000046a       0x34 _build/nrf52840_xxaa/nrf_ringbuf.c.o
 .ARM.attributes
                0x0000049e       0x34 _build/nrf52840_xxaa/nrf_section_iter.c.o
 .ARM.attributes
                0x000004d2       0x34 _build/nrf52840_xxaa/nrf_sortlist.c.o
 .ARM.attributes
                0x00000506       0x34 _build/nrf52840_xxaa/nrf_strerror.c.o
 .ARM.attributes
                0x0000053a       0x34 _build/nrf52840_xxaa/system_nrf52840.c.o
 .ARM.attributes
                0x0000056e       0x34 _build/nrf52840_xxaa/boards.c.o
 .ARM.attributes
                0x000005a2       0x34 _build/nrf52840_xxaa/nrf_drv_clock.c.o
 .ARM.attributes
                0x000005d6       0x34 _build/nrf52840_xxaa/nrf_drv_uart.c.o
 .ARM.attributes
                0x0000060a       0x34 _build/nrf52840_xxaa/nrfx_clock.c.o
 .ARM.attributes
                0x0000063e       0x34 _build/nrf52840_xxaa/nrfx_gpiote.c.o
 .ARM.attributes
                0x00000672       0x34 _build/nrf52840_xxaa/nrfx_prs.c.o
 .ARM.attributes
                0x000006a6       0x34 _build/nrf52840_xxaa/nrfx_uart.c.o
 .ARM.attributes
                0x000006da       0x34 _build/nrf52840_xxaa/nrfx_uarte.c.o
 .ARM.attributes
                0x0000070e       0x34 _build/nrf52840_xxaa/main.c.o
 .ARM.attributes
                0x00000742       0x34 _build/nrf52840_xxaa/ble_advdata.c.o
 .ARM.attributes
                0x00000776       0x34 _build/nrf52840_xxaa/ble_conn_params.c.o
 .ARM.attributes
                0x000007aa       0x34 _build/nrf52840_xxaa/ble_conn_state.c.o
 .ARM.attributes
                0x000007de       0x34 _build/nrf52840_xxaa/ble_srv_common.c.o
 .ARM.attributes
                0x00000812       0x34 _build/nrf52840_xxaa/nrf_ble_gatt.c.o
 .ARM.attributes
                0x00000846       0x34 _build/nrf52840_xxaa/nrf_ble_qwr.c.o
 .ARM.attributes
                0x0000087a       0x34 _build/nrf52840_xxaa/ble_lbs.c.o
 .ARM.attributes
                0x000008ae       0x34 _build/nrf52840_xxaa/nrf_sdh.c.o
 .ARM.attributes
                0x000008e2       0x34 _build/nrf52840_xxaa/nrf_sdh_ble.c.o
 .ARM.attributes
                0x00000916       0x34 _build/nrf52840_xxaa/nrf_sdh_soc.c.o
 .ARM.attributes
                0x0000094a       0x32 c:/program files (x86)/gnu tools arm embedded/9 2019-q4-major/bin/../lib/gcc/arm-none-eabi/9.2.1/../../../../arm-none-eabi/lib/thumb/v7e-m+fp/hard\libc_nano.a(lib_a-ctype_.o)
 .ARM.attributes
                0x0000097c       0x34 c:/program files (x86)/gnu tools arm embedded/9 2019-q4-major/bin/../lib/gcc/arm-none-eabi/9.2.1/../../../../arm-none-eabi/lib/thumb/v7e-m+fp/hard\libc_nano.a(lib_a-exit.o)
 .ARM.attributes
                0x000009b0       0x32 c:/program files (x86)/gnu tools arm embedded/9 2019-q4-major/bin/../lib/gcc/arm-none-eabi/9.2.1/../../../../arm-none-eabi/lib/thumb/v7e-m+fp/hard\libc_nano.a(lib_a-impure.o)
 .ARM.attributes
                0x000009e2       0x34 c:/program files (x86)/gnu tools arm embedded/9 2019-q4-major/bin/../lib/gcc/arm-none-eabi/9.2.1/../../../../arm-none-eabi/lib/thumb/v7e-m+fp/hard\libc_nano.a(lib_a-init.o)
 .ARM.attributes
                0x00000a16       0x34 c:/program files (x86)/gnu tools arm embedded/9 2019-q4-major/bin/../lib/gcc/arm-none-eabi/9.2.1/../../../../arm-none-eabi/lib/thumb/v7e-m+fp/hard\libc_nano.a(lib_a-memcpy-stub.o)
 .ARM.attributes
                0x00000a4a       0x34 c:/program files (x86)/gnu tools arm embedded/9 2019-q4-major/bin/../lib/gcc/arm-none-eabi/9.2.1/../../../../arm-none-eabi/lib/thumb/v7e-m+fp/hard\libc_nano.a(lib_a-memset.o)
 .ARM.attributes
                0x00000a7e       0x34 c:/program files (x86)/gnu tools arm embedded/9 2019-q4-major/bin/../lib/gcc/arm-none-eabi/9.2.1/../../../../arm-none-eabi/lib/thumb/v7e-m+fp/hard\libc_nano.a(lib_a-printf.o)
 .ARM.attributes
                0x00000ab2       0x17 c:/program files (x86)/gnu tools arm embedded/9 2019-q4-major/bin/../lib/gcc/arm-none-eabi/9.2.1/../../../../arm-none-eabi/lib/thumb/v7e-m+fp/hard\libc_nano.a(lib_a-strlen.o)
 .ARM.attributes
                0x00000ac9       0x34 c:/program files (x86)/gnu tools arm embedded/9 2019-q4-major/bin/../lib/gcc/arm-none-eabi/9.2.1/../../../../arm-none-eabi/lib/thumb/v7e-m+fp/hard\libc_nano.a(lib_a-findfp.o)
 .ARM.attributes
                0x00000afd       0x34 c:/program files (x86)/gnu tools arm embedded/9 2019-q4-major/bin/../lib/gcc/arm-none-eabi/9.2.1/../../../../arm-none-eabi/lib/thumb/v7e-m+fp/hard\libc_nano.a(lib_a-fwalk.o)
 .ARM.attributes
                0x00000b31       0x34 c:/program files (x86)/gnu tools arm embedded/9 2019-q4-major/bin/../lib/gcc/arm-none-eabi/9.2.1/../../../../arm-none-eabi/lib/thumb/v7e-m+fp/hard\libc_nano.a(lib_a-lock.o)
 .ARM.attributes
                0x00000b65       0x34 c:/program files (x86)/gnu tools arm embedded/9 2019-q4-major/bin/../lib/gcc/arm-none-eabi/9.2.1/../../../../arm-none-eabi/lib/thumb/v7e-m+fp/hard\libc_nano.a(lib_a-nano-mallocr.o)
 .ARM.attributes
                0x00000b99       0x34 c:/program files (x86)/gnu tools arm embedded/9 2019-q4-major/bin/../lib/gcc/arm-none-eabi/9.2.1/../../../../arm-none-eabi/lib/thumb/v7e-m+fp/hard\libc_nano.a(lib_a-nano-vfprintf.o)
 .ARM.attributes
                0x00000bcd       0x34 c:/program files (x86)/gnu tools arm embedded/9 2019-q4-major/bin/../lib/gcc/arm-none-eabi/9.2.1/../../../../arm-none-eabi/lib/thumb/v7e-m+fp/hard\libc_nano.a(lib_a-nano-vfprintf_i.o)
 .ARM.attributes
                0x00000c01       0x34 c:/program files (x86)/gnu tools arm embedded/9 2019-q4-major/bin/../lib/gcc/arm-none-eabi/9.2.1/../../../../arm-none-eabi/lib/thumb/v7e-m+fp/hard\libc_nano.a(lib_a-sbrkr.o)
 .ARM.attributes
                0x00000c35       0x34 c:/program files (x86)/gnu tools arm embedded/9 2019-q4-major/bin/../lib/gcc/arm-none-eabi/9.2.1/../../../../arm-none-eabi/lib/thumb/v7e-m+fp/hard\libc_nano.a(lib_a-stdio.o)
 .ARM.attributes
                0x00000c69       0x34 c:/program files (x86)/gnu tools arm embedded/9 2019-q4-major/bin/../lib/gcc/arm-none-eabi/9.2.1/../../../../arm-none-eabi/lib/thumb/v7e-m+fp/hard\libc_nano.a(lib_a-wbuf.o)
 .ARM.attributes
                0x00000c9d       0x34 c:/program files (x86)/gnu tools arm embedded/9 2019-q4-major/bin/../lib/gcc/arm-none-eabi/9.2.1/../../../../arm-none-eabi/lib/thumb/v7e-m+fp/hard\libc_nano.a(lib_a-writer.o)
 .ARM.attributes
                0x00000cd1       0x34 c:/program files (x86)/gnu tools arm embedded/9 2019-q4-major/bin/../lib/gcc/arm-none-eabi/9.2.1/../../../../arm-none-eabi/lib/thumb/v7e-m+fp/hard\libc_nano.a(lib_a-wsetup.o)
 .ARM.attributes
                0x00000d05       0x34 c:/program files (x86)/gnu tools arm embedded/9 2019-q4-major/bin/../lib/gcc/arm-none-eabi/9.2.1/../../../../arm-none-eabi/lib/thumb/v7e-m+fp/hard\libc_nano.a(lib_a-closer.o)
 .ARM.attributes
                0x00000d39       0x34 c:/program files (x86)/gnu tools arm embedded/9 2019-q4-major/bin/../lib/gcc/arm-none-eabi/9.2.1/../../../../arm-none-eabi/lib/thumb/v7e-m+fp/hard\libc_nano.a(lib_a-fflush.o)
 .ARM.attributes
                0x00000d6d       0x34 c:/program files (x86)/gnu tools arm embedded/9 2019-q4-major/bin/../lib/gcc/arm-none-eabi/9.2.1/../../../../arm-none-eabi/lib/thumb/v7e-m+fp/hard\libc_nano.a(lib_a-lseekr.o)
 .ARM.attributes
                0x00000da1       0x34 c:/program files (x86)/gnu tools arm embedded/9 2019-q4-major/bin/../lib/gcc/arm-none-eabi/9.2.1/../../../../arm-none-eabi/lib/thumb/v7e-m+fp/hard\libc_nano.a(lib_a-makebuf.o)
 .ARM.attributes
                0x00000dd5       0x1c c:/program files (x86)/gnu tools arm embedded/9 2019-q4-major/bin/../lib/gcc/arm-none-eabi/9.2.1/../../../../arm-none-eabi/lib/thumb/v7e-m+fp/hard\libc_nano.a(lib_a-memchr.o)
 .ARM.attributes
                0x00000df1       0x34 c:/program files (x86)/gnu tools arm embedded/9 2019-q4-major/bin/../lib/gcc/arm-none-eabi/9.2.1/../../../../arm-none-eabi/lib/thumb/v7e-m+fp/hard\libc_nano.a(lib_a-mlock.o)
 .ARM.attributes
                0x00000e25       0x34 c:/program files (x86)/gnu tools arm embedded/9 2019-q4-major/bin/../lib/gcc/arm-none-eabi/9.2.1/../../../../arm-none-eabi/lib/thumb/v7e-m+fp/hard\libc_nano.a(lib_a-nano-freer.o)
 .ARM.attributes
                0x00000e59       0x34 c:/program files (x86)/gnu tools arm embedded/9 2019-q4-major/bin/../lib/gcc/arm-none-eabi/9.2.1/../../../../arm-none-eabi/lib/thumb/v7e-m+fp/hard\libc_nano.a(lib_a-readr.o)
 .ARM.attributes
                0x00000e8d       0x34 c:/program files (x86)/gnu tools arm embedded/9 2019-q4-major/bin/../lib/gcc/arm-none-eabi/9.2.1/../../../../arm-none-eabi/lib/thumb/v7e-m+fp/hard\libc_nano.a(lib_a-reent.o)
 .ARM.attributes
                0x00000ec1       0x34 c:/program files (x86)/gnu tools arm embedded/9 2019-q4-major/bin/../lib/gcc/arm-none-eabi/9.2.1/../../../../arm-none-eabi/lib/thumb/v7e-m+fp/hard\libc_nano.a(lib_a-fstatr.o)
 .ARM.attributes
                0x00000ef5       0x34 c:/program files (x86)/gnu tools arm embedded/9 2019-q4-major/bin/../lib/gcc/arm-none-eabi/9.2.1/../../../../arm-none-eabi/lib/thumb/v7e-m+fp/hard\libc_nano.a(lib_a-isattyr.o)
 .ARM.attributes
                0x00000f29       0x34 c:/program files (x86)/gnu tools arm embedded/9 2019-q4-major/bin/../lib/gcc/arm-none-eabi/9.2.1/../../../../arm-none-eabi/lib/thumb/v7e-m+fp/hard\libnosys.a(close.o)
 .ARM.attributes
                0x00000f5d       0x34 c:/program files (x86)/gnu tools arm embedded/9 2019-q4-major/bin/../lib/gcc/arm-none-eabi/9.2.1/../../../../arm-none-eabi/lib/thumb/v7e-m+fp/hard\libnosys.a(fstat.o)
 .ARM.attributes
                0x00000f91       0x34 c:/program files (x86)/gnu tools arm embedded/9 2019-q4-major/bin/../lib/gcc/arm-none-eabi/9.2.1/../../../../arm-none-eabi/lib/thumb/v7e-m+fp/hard\libnosys.a(isatty.o)
 .ARM.attributes
                0x00000fc5       0x34 c:/program files (x86)/gnu tools arm embedded/9 2019-q4-major/bin/../lib/gcc/arm-none-eabi/9.2.1/../../../../arm-none-eabi/lib/thumb/v7e-m+fp/hard\libnosys.a(lseek.o)
 .ARM.attributes
                0x00000ff9       0x34 c:/program files (x86)/gnu tools arm embedded/9 2019-q4-major/bin/../lib/gcc/arm-none-eabi/9.2.1/../../../../arm-none-eabi/lib/thumb/v7e-m+fp/hard\libnosys.a(read.o)
 .ARM.attributes
                0x0000102d       0x34 c:/program files (x86)/gnu tools arm embedded/9 2019-q4-major/bin/../lib/gcc/arm-none-eabi/9.2.1/../../../../arm-none-eabi/lib/thumb/v7e-m+fp/hard\libnosys.a(sbrk.o)
 .ARM.attributes
                0x00001061       0x34 c:/program files (x86)/gnu tools arm embedded/9 2019-q4-major/bin/../lib/gcc/arm-none-eabi/9.2.1/../../../../arm-none-eabi/lib/thumb/v7e-m+fp/hard\libnosys.a(write.o)
 .ARM.attributes
                0x00001095       0x34 c:/program files (x86)/gnu tools arm embedded/9 2019-q4-major/bin/../lib/gcc/arm-none-eabi/9.2.1/../../../../arm-none-eabi/lib/thumb/v7e-m+fp/hard\libnosys.a(_exit.o)
 .ARM.attributes
                0x000010c9       0x32 c:/program files (x86)/gnu tools arm embedded/9 2019-q4-major/bin/../lib/gcc/arm-none-eabi/9.2.1/thumb/v7e-m+fp/hard/crtend.o
 .ARM.attributes
                0x000010fb       0x1e c:/program files (x86)/gnu tools arm embedded/9 2019-q4-major/bin/../lib/gcc/arm-none-eabi/9.2.1/thumb/v7e-m+fp/hard/crtn.o

.comment        0x00000000       0x79
 .comment       0x00000000       0x79 _build/nrf52840_xxaa/nrf_log_backend_serial.c.o
                                 0x7a (size before relaxing)
 .comment       0x00000079       0x7a _build/nrf52840_xxaa/nrf_log_backend_uart.c.o
 .comment       0x00000079       0x7a _build/nrf52840_xxaa/nrf_log_default_backends.c.o