Archive member included to satisfy reference by file (symbol)

c:/program files (x86)/gnu tools arm embedded/9 2019-q4-major/bin/../lib/gcc/arm-none-eabi/9.2.1/../../../../arm-none-eabi/lib/thumb/v7e-m+fp/hard\libc_nano.a(lib_a-ctype_.o)
                              _build/nrf52840_xxaa/nrf_log_str_formatter.c.o (_ctype_)
c:/program files (x86)/gnu tools arm embedded/9 2019-q4-major/bin/../lib/gcc/arm-none-eabi/9.2.1/../../../../arm-none-eabi/lib/thumb/v7e-m+fp/hard\libc_nano.a(lib_a-exit.o)
                              c:/program files (x86)/gnu tools arm embedded/9 2019-q4-major/bin/../lib/gcc/arm-none-eabi/9.2.1/../../../../arm-none-eabi/lib/thumb/v7e-m+fp/hard/crt0.o (exit)
c:/program files (x86)/gnu tools arm embedded/9 2019-q4-major/bin/../lib/gcc/arm-none-eabi/9.2.1/../../../../arm-none-eabi/lib/thumb/v7e-m+fp/hard\libc_nano.a(lib_a-impure.o)
                              c:/program files (x86)/gnu tools arm embedded/9 2019-q4-major/bin/../lib/gcc/arm-none-eabi/9.2.1/../../../../arm-none-eabi/lib/thumb/v7e-m+fp/hard\libc_nano.a(lib_a-exit.o) (_global_impure_ptr)
c:/program files (x86)/gnu tools arm embedded/9 2019-q4-major/bin/../lib/gcc/arm-none-eabi/9.2.1/../../../../arm-none-eabi/lib/thumb/v7e-m+fp/hard\libc_nano.a(lib_a-init.o)
                              c:/program files (x86)/gnu tools arm embedded/9 2019-q4-major/bin/../lib/gcc/arm-none-eabi/9.2.1/../../../../arm-none-eabi/lib/thumb/v7e-m+fp/hard/crt0.o (__libc_init_array)
c:/program files (x86)/gnu tools arm embedded/9 2019-q4-major/bin/../lib/gcc/arm-none-eabi/9.2.1/../../../../arm-none-eabi/lib/thumb/v7e-m+fp/hard\libc_nano.a(lib_a-memcmp.o)
                              _build/nrf52840_xxaa/ble_advdata.c.o (memcmp)
c:/program files (x86)/gnu tools arm embedded/9 2019-q4-major/bin/../lib/gcc/arm-none-eabi/9.2.1/../../../../arm-none-eabi/lib/thumb/v7e-m+fp/hard\libc_nano.a(lib_a-memcpy-stub.o)
                              _build/nrf52840_xxaa/nrf_log_frontend.c.o (memcpy)
c:/program files (x86)/gnu tools arm embedded/9 2019-q4-major/bin/../lib/gcc/arm-none-eabi/9.2.1/../../../../arm-none-eabi/lib/thumb/v7e-m+fp/hard\libc_nano.a(lib_a-memset.o)
                              c:/program files (x86)/gnu tools arm embedded/9 2019-q4-major/bin/../lib/gcc/arm-none-eabi/9.2.1/../../../../arm-none-eabi/lib/thumb/v7e-m+fp/hard/crt0.o (memset)
c:/program files (x86)/gnu tools arm embedded/9 2019-q4-major/bin/../lib/gcc/arm-none-eabi/9.2.1/../../../../arm-none-eabi/lib/thumb/v7e-m+fp/hard\libc_nano.a(lib_a-strcpy.o)
                              _build/nrf52840_xxaa/SEGGER_RTT.c.o (strcpy)
c:/program files (x86)/gnu tools arm embedded/9 2019-q4-major/bin/../lib/gcc/arm-none-eabi/9.2.1/../../../../arm-none-eabi/lib/thumb/v7e-m+fp/hard\libc_nano.a(lib_a-strlen.o)
                              _build/nrf52840_xxaa/nrf_log_frontend.c.o (strlen)
c:/program files (x86)/gnu tools arm embedded/9 2019-q4-major/bin/../lib/gcc/arm-none-eabi/9.2.1/../../../../arm-none-eabi/lib/thumb/v7e-m+fp/hard\libnosys.a(_exit.o)
                              c:/program files (x86)/gnu tools arm embedded/9 2019-q4-major/bin/../lib/gcc/arm-none-eabi/9.2.1/../../../../arm-none-eabi/lib/thumb/v7e-m+fp/hard\libc_nano.a(lib_a-exit.o) (_exit)

Allocating common symbols
Common symbol       size              file

nrf_nvic_state      0xc               _build/nrf52840_xxaa/app_util_platform.c.o
nrf_drv_uart_use_easy_dma
                    0x2               _build/nrf52840_xxaa/nrf_drv_uart.c.o
_SEGGER_RTT         0x78              _build/nrf52840_xxaa/SEGGER_RTT.c.o

Discarded input sections

 .text          0x00000000        0x0 c:/program files (x86)/gnu tools arm embedded/9 2019-q4-major/bin/../lib/gcc/arm-none-eabi/9.2.1/thumb/v7e-m+fp/hard/crti.o
 .data          0x00000000        0x0 c:/program files (x86)/gnu tools arm embedded/9 2019-q4-major/bin/../lib/gcc/arm-none-eabi/9.2.1/thumb/v7e-m+fp/hard/crti.o
 .bss           0x00000000        0x0 c:/program files (x86)/gnu tools arm embedded/9 2019-q4-major/bin/../lib/gcc/arm-none-eabi/9.2.1/thumb/v7e-m+fp/hard/crti.o
 .data          0x00000000        0x4 c:/program files (x86)/gnu tools arm embedded/9 2019-q4-major/bin/../lib/gcc/arm-none-eabi/9.2.1/thumb/v7e-m+fp/hard/crtbegin.o
 .data          0x00000000        0x0 c:/program files (x86)/gnu tools arm embedded/9 2019-q4-major/bin/../lib/gcc/arm-none-eabi/9.2.1/../../../../arm-none-eabi/lib/thumb/v7e-m+fp/hard/crt0.o
 .bss           0x00000000        0x0 c:/program files (x86)/gnu tools arm embedded/9 2019-q4-major/bin/../lib/gcc/arm-none-eabi/9.2.1/../../../../arm-none-eabi/lib/thumb/v7e-m+fp/hard/crt0.o
 .ARM.extab     0x00000000        0x0 c:/program files (x86)/gnu tools arm embedded/9 2019-q4-major/bin/../lib/gcc/arm-none-eabi/9.2.1/../../../../arm-none-eabi/lib/thumb/v7e-m+fp/hard/crt0.o
 .data          0x00000000        0x0 _build/nrf52840_xxaa/gcc_startup_nrf52840.S.o
 .bss           0x00000000        0x0 _build/nrf52840_xxaa/gcc_startup_nrf52840.S.o
[...]
Memory Configuration

Name             Origin             Length             Attributes
FLASH            0x00026000         0x000ce000         xr
RAM              0x20002300         0x0003dd00         xrw
*default*        0x00000000         0xffffffff

Linker script and memory map


.text           0x00026000     0x6c18
 *(.isr_vector)
 .isr_vector    0x00026000      0x200 _build/nrf52840_xxaa/gcc_startup_nrf52840.S.o
                0x00026000                __isr_vector
 *(.text*)
 .text          0x00026200       0x40 c:/program files (x86)/gnu tools arm embedded/9 2019-q4-major/bin/../lib/gcc/arm-none-eabi/9.2.1/thumb/v7e-m+fp/hard/crtbegin.o
 .text          0x00026240       0x74 c:/program files (x86)/gnu tools arm embedded/9 2019-q4-major/bin/../lib/gcc/arm-none-eabi/9.2.1/../../../../arm-none-eabi/lib/thumb/v7e-m+fp/hard/crt0.o
                0x00026240                _start
                0x00026240                _mainCRTStartup
 .text          0x000262b4       0x3c _build/nrf52840_xxaa/gcc_startup_nrf52840.S.o
                0x000262b4                Reset_Handler
                0x000262dc                NMI_Handler
                0x000262de                HardFault_Handler
                0x000262e0                MemoryManagement_Handler
                0x000262e2                BusFault_Handler
                0x000262e4                UsageFault_Handler
                0x000262e6                SVC_Handler
                0x000262e8                DebugMon_Handler
                0x000262ea                PendSV_Handler
                0x000262ec                SysTick_Handler
                0x000262ee                PDM_IRQHandler
                0x000262ee                TEMP_IRQHandler
                0x000262ee                QDEC_IRQHandler
                0x000262ee                TIMER3_IRQHandler
                0x000262ee                PWM3_IRQHandler
                0x000262ee                RTC0_IRQHandler
                0x000262ee                USBD_IRQHandler
                0x000262ee                SPIM0_SPIS0_TWIM0_TWIS0_SPI0_TWI0_IRQHandler
                0x000262ee                PWM1_IRQHandler
                0x000262ee                TIMER4_IRQHandler
                0x000262ee                RADIO_IRQHandler
                0x000262ee                I2S_IRQHandler
                0x000262ee                SWI4_EGU4_IRQHandler
                0x000262ee                FPU_IRQHandler
                0x000262ee                TIMER2_IRQHandler
                0x000262ee                UARTE1_IRQHandler
                0x000262ee                TIMER1_IRQHandler
                0x000262ee                SPIM3_IRQHandler
                0x000262ee                PWM2_IRQHandler
                0x000262ee                ECB_IRQHandler
                0x000262ee                SPIM1_SPIS1_TWIM1_TWIS1_SPI1_TWI1_IRQHandler
                0x000262ee                Default_Handler
                0x000262ee                SAADC_IRQHandler
                0x000262ee                CCM_AAR_IRQHandler
                0x000262ee                WDT_IRQHandler
                0x000262ee                CRYPTOCELL_IRQHandler
                0x000262ee                SWI5_EGU5_IRQHandler
                0x000262ee                RNG_IRQHandler
                0x000262ee                RTC2_IRQHandler
                0x000262ee                PWM0_IRQHandler
                0x000262ee                SWI3_EGU3_IRQHandler
                0x000262ee                SWI1_EGU1_IRQHandler
                0x000262ee                SPIM2_SPIS2_SPI2_IRQHandler
                0x000262ee                NFCT_IRQHandler
                0x000262ee                SWI0_EGU0_IRQHandler
                0x000262ee                MWU_IRQHandler
                0x000262ee                TIMER0_IRQHandler
                0x000262ee                QSPI_IRQHandler
                0x000262ee                COMP_LPCOMP_IRQHandler
 .text.nrf_log_backend_serial_put
                0x000262f0       0xd8 _build/nrf52840_xxaa/nrf_log_backend_serial.c.o
                0x000262f0                nrf_log_backend_serial_put
 .text.uart_evt_handler
                0x000263c8        0xc _build/nrf52840_xxaa/nrf_log_backend_uart.c.o
 .text.nrf_log_backend_uart_flush
                0x000263d4        0x4 _build/nrf52840_xxaa/nrf_log_backend_uart.c.o
 .text.nrf_log_backend_uart_put
                0x000263d8       0x20 _build/nrf52840_xxaa/nrf_log_backend_uart.c.o
 .text.serial_tx
                0x000263f8       0x4c _build/nrf52840_xxaa/nrf_log_backend_uart.c.o
 .text.nrf_log_backend_uart_panic_set
                0x00026444       0x7c _build/nrf52840_xxaa/nrf_log_backend_uart.c.o
 .text.nrf_log_backend_uart_init
                0x000264c0       0x68 _build/nrf52840_xxaa/nrf_log_backend_uart.c.o
                0x000264c0                nrf_log_backend_uart_init
 .text.nrf_log_default_backends_init
                0x00026528       0x20 _build/nrf52840_xxaa/nrf_log_default_backends.c.o
                0x00026528                nrf_log_default_backends_init
 .text.nrf_log_init
                0x00026548       0x40 _build/nrf52840_xxaa/nrf_log_frontend.c.o
                0x00026548                nrf_log_init
 .text.nrf_log_module_name_get
                0x00026588       0x48 _build/nrf52840_xxaa/nrf_log_frontend.c.o
                0x00026588                nrf_log_module_name_get
 .text.nrf_log_color_id_get
                0x000265d0       0x2c _build/nrf52840_xxaa/nrf_log_frontend.c.o
                0x000265d0                nrf_log_color_id_get
 .text.nrf_log_frontend_dequeue
                0x000265fc      0x274 _build/nrf52840_xxaa/nrf_log_frontend.c.o
                0x000265fc                nrf_log_frontend_dequeue
 .text.nrf_log_frontend_std_0
                0x00026870      0x1a0 _build/nrf52840_xxaa/nrf_log_frontend.c.o
                0x00026870                nrf_log_frontend_std_0
 .text.nrf_log_frontend_std_1
                0x00026a10      0x1b0 _build/nrf52840_xxaa/nrf_log_frontend.c.o
                0x00026a10                nrf_log_frontend_std_1
 .text.nrf_log_frontend_std_2
                0x00026bc0      0x1c0 _build/nrf52840_xxaa/nrf_log_frontend.c.o
                0x00026bc0                nrf_log_frontend_std_2
 .text.nrf_log_backend_add
                0x00026d80       0x5c _build/nrf52840_xxaa/nrf_log_frontend.c.o
                0x00026d80                nrf_log_backend_add
 .text.nrf_log_panic
                0x00026ddc       0x2c _build/nrf52840_xxaa/nrf_log_frontend.c.o
                0x00026ddc                nrf_log_panic
 .text.prefix_process
                0x00026e08       0x80 _build/nrf52840_xxaa/nrf_log_str_formatter.c.o
 .text.nrf_log_std_entry_process
                0x00026e88       0xf0 _build/nrf52840_xxaa/nrf_log_str_formatter.c.o
                0x00026e88                nrf_log_std_entry_process
 .text.nrf_log_hexdump_entry_process
                0x00026f78       0xfc _build/nrf52840_xxaa/nrf_log_str_formatter.c.o
                0x00026f78                nrf_log_hexdump_entry_process
 .text.gpiote_event_handler
                0x00027074       0x74 _build/nrf52840_xxaa/app_button.c.o
 .text.detection_delay_timeout_handler
                0x000270e8      0x264 _build/nrf52840_xxaa/app_button.c.o
 .text.app_button_init
                0x0002734c       0xc0 _build/nrf52840_xxaa/app_button.c.o
                0x0002734c                app_button_init
 .text.app_button_enable
                0x0002740c       0x2c _build/nrf52840_xxaa/app_button.c.o
                0x0002740c                app_button_enable
 .text.app_button_disable
                0x00027438       0x5c _build/nrf52840_xxaa/app_button.c.o
                0x00027438                app_button_disable
 .text.app_error_handler_bare
                0x00027494       0x20 _build/nrf52840_xxaa/app_error.c.o
                0x00027494                app_error_handler_bare
 .text.app_error_fault_handler
                0x000274b4       0x70 _build/nrf52840_xxaa/app_error_weak.c.o
                0x000274b4                app_error_fault_handler
 .text.compare_func
                0x00027524       0x18 _build/nrf52840_xxaa/app_timer2.c.o
 .text.rtc_irq  0x0002753c      0x318 _build/nrf52840_xxaa/app_timer2.c.o
 .text.app_timer_init
                0x00027854       0x6c _build/nrf52840_xxaa/app_timer2.c.o
                0x00027854                app_timer_init
 .text.app_timer_create
                0x000278c0       0x1c _build/nrf52840_xxaa/app_timer2.c.o
                0x000278c0                app_timer_create
 .text.app_timer_start
                0x000278dc       0x8c _build/nrf52840_xxaa/app_timer2.c.o
                0x000278dc                app_timer_start
 .text.app_timer_stop
                0x00027968       0x44 _build/nrf52840_xxaa/app_timer2.c.o
                0x00027968                app_timer_stop
 .text.app_util_critical_region_enter
                0x000279ac       0x4c _build/nrf52840_xxaa/app_util_platform.c.o
                0x000279ac                app_util_critical_region_enter
 .text.app_util_critical_region_exit
                0x000279f8       0x30 _build/nrf52840_xxaa/app_util_platform.c.o
                0x000279f8                app_util_critical_region_exit
 .text.drv_rtc_init
                0x00027a28       0xbc _build/nrf52840_xxaa/drv_rtc.c.o
                0x00027a28                drv_rtc_init
 .text.drv_rtc_start
                0x00027ae4        0x8 _build/nrf52840_xxaa/drv_rtc.c.o
                0x00027ae4                drv_rtc_start
 .text.drv_rtc_stop
                0x00027aec        0x8 _build/nrf52840_xxaa/drv_rtc.c.o
                0x00027aec                drv_rtc_stop
 .text.drv_rtc_compare_set
                0x00027af4       0x4c _build/nrf52840_xxaa/drv_rtc.c.o
                0x00027af4                drv_rtc_compare_set
 .text.drv_rtc_windowed_compare_set
                0x00027b40       0xf8 _build/nrf52840_xxaa/drv_rtc.c.o
                0x00027b40                drv_rtc_windowed_compare_set
 .text.drv_rtc_overflow_enable
                0x00027c38       0x14 _build/nrf52840_xxaa/drv_rtc.c.o
                0x00027c38                drv_rtc_overflow_enable
 .text.drv_rtc_overflow_pending
                0x00027c4c       0x20 _build/nrf52840_xxaa/drv_rtc.c.o
                0x00027c4c                drv_rtc_overflow_pending
 .text.drv_rtc_compare_disable
                0x00027c6c       0x18 _build/nrf52840_xxaa/drv_rtc.c.o
                0x00027c6c                drv_rtc_compare_disable
 .text.drv_rtc_compare_pending
                0x00027c84       0x20 _build/nrf52840_xxaa/drv_rtc.c.o
                0x00027c84                drv_rtc_compare_pending
 .text.drv_rtc_counter_get
                0x00027ca4        0x8 _build/nrf52840_xxaa/drv_rtc.c.o
                0x00027ca4                drv_rtc_counter_get
 .text.drv_rtc_irq_trigger
                0x00027cac       0x20 _build/nrf52840_xxaa/drv_rtc.c.o
                0x00027cac                drv_rtc_irq_trigger
 .text.RTC1_IRQHandler
                0x00027ccc       0x14 _build/nrf52840_xxaa/drv_rtc.c.o
                0x00027ccc                RTC1_IRQHandler
 .text.nrf_atfifo_init
                0x00027ce0       0x30 _build/nrf52840_xxaa/nrf_atfifo.c.o
                0x00027ce0                nrf_atfifo_init
 .text.nrf_atfifo_item_alloc
                0x00027d10       0x5c _build/nrf52840_xxaa/nrf_atfifo.c.o
                0x00027d10                nrf_atfifo_item_alloc
 .text.nrf_atfifo_item_put
                0x00027d6c       0x20 _build/nrf52840_xxaa/nrf_atfifo.c.o
                0x00027d6c                nrf_atfifo_item_put
 .text.nrf_atfifo_item_get
                0x00027d8c       0x60 _build/nrf52840_xxaa/nrf_atfifo.c.o
                0x00027d8c                nrf_atfifo_item_get
 .text.nrf_atfifo_item_free
                0x00027dec       0x20 _build/nrf52840_xxaa/nrf_atfifo.c.o
                0x00027dec                nrf_atfifo_item_free
 .text.nrf_atflags_set
                0x00027e0c       0x14 _build/nrf52840_xxaa/nrf_atflags.c.o
                0x00027e0c                nrf_atflags_set
 .text.nrf_atflags_clear
                0x00027e20       0x14 _build/nrf52840_xxaa/nrf_atflags.c.o
                0x00027e20                nrf_atflags_clear
 .text.nrf_atflags_get
                0x00027e34       0x14 _build/nrf52840_xxaa/nrf_atflags.c.o
                0x00027e34                nrf_atflags_get
 .text.nrf_atomic_u32_fetch_store
                0x00027e48       0x1c _build/nrf52840_xxaa/nrf_atomic.c.o
                0x00027e48                nrf_atomic_u32_fetch_store
 .text.nrf_atomic_u32_or
                0x00027e64       0x1c _build/nrf52840_xxaa/nrf_atomic.c.o
                0x00027e64                nrf_atomic_u32_or
 .text.nrf_atomic_u32_and
                0x00027e80       0x1c _build/nrf52840_xxaa/nrf_atomic.c.o
                0x00027e80                nrf_atomic_u32_and
 .text.nrf_atomic_u32_add
                0x00027e9c       0x1c _build/nrf52840_xxaa/nrf_atomic.c.o
                0x00027e9c                nrf_atomic_u32_add
 .text.nrf_atomic_u32_sub
                0x00027eb8       0x1c _build/nrf52840_xxaa/nrf_atomic.c.o
                0x00027eb8                nrf_atomic_u32_sub
 .text.nrf_atomic_flag_set
                0x00027ed4       0x20 _build/nrf52840_xxaa/nrf_atomic.c.o
                0x00027ed4                nrf_atomic_flag_set
 .text.nrf_atomic_flag_clear_fetch
                0x00027ef4       0x20 _build/nrf52840_xxaa/nrf_atomic.c.o
                0x00027ef4                nrf_atomic_flag_clear_fetch
 .text.nrf_balloc_init
                0x00027f14       0x38 _build/nrf52840_xxaa/nrf_balloc.c.o
                0x00027f14                nrf_balloc_init
 .text.nrf_balloc_alloc
                0x00027f4c       0x50 _build/nrf52840_xxaa/nrf_balloc.c.o
                0x00027f4c                nrf_balloc_alloc
 .text.nrf_balloc_free
                0x00027f9c       0x38 _build/nrf52840_xxaa/nrf_balloc.c.o
                0x00027f9c                nrf_balloc_free
 .text.nrf_fprintf_buffer_flush
                0x00027fd4       0x18 _build/nrf52840_xxaa/nrf_fprintf.c.o
                0x00027fd4                nrf_fprintf_buffer_flush
 .text.nrf_fprintf
                0x00027fec       0x20 _build/nrf52840_xxaa/nrf_fprintf.c.o
                0x00027fec                nrf_fprintf
 .text.unsigned_print
                0x0002800c      0x14c _build/nrf52840_xxaa/nrf_fprintf_format.c.o
 .text.nrf_fprintf_fmt
                0x00028158      0x5cc _build/nrf52840_xxaa/nrf_fprintf_format.c.o
                0x00028158                nrf_fprintf_fmt
 .text.nrf_memobj_pool_init
                0x00028724        0x4 _build/nrf52840_xxaa/nrf_memobj.c.o
                0x00028724                nrf_memobj_pool_init
 .text.nrf_memobj_alloc
                0x00028728       0x94 _build/nrf52840_xxaa/nrf_memobj.c.o
                0x00028728                nrf_memobj_alloc
 .text.nrf_memobj_get
                0x000287bc        0x8 _build/nrf52840_xxaa/nrf_memobj.c.o
                0x000287bc                nrf_memobj_get
 .text.nrf_memobj_put
                0x000287c4       0x58 _build/nrf52840_xxaa/nrf_memobj.c.o
                0x000287c4                nrf_memobj_put
 .text.nrf_memobj_write
                0x0002881c       0x68 _build/nrf52840_xxaa/nrf_memobj.c.o
                0x0002881c                nrf_memobj_write
 .text.nrf_memobj_read
                0x00028884       0x68 _build/nrf52840_xxaa/nrf_memobj.c.o
                0x00028884                nrf_memobj_read
 .text.sd_app_evt_wait
                0x000288ec        0x4 _build/nrf52840_xxaa/nrf_pwr_mgmt.c.o
 .text.nrf_pwr_mgmt_init
                0x000288f0       0x2c _build/nrf52840_xxaa/nrf_pwr_mgmt.c.o
                0x000288f0                nrf_pwr_mgmt_init
 .text.nrf_pwr_mgmt_run
                0x0002891c       0x54 _build/nrf52840_xxaa/nrf_pwr_mgmt.c.o
                0x0002891c                nrf_pwr_mgmt_run
 .text.nrf_ringbuf_init
                0x00028970       0x1c _build/nrf52840_xxaa/nrf_ringbuf.c.o
                0x00028970                nrf_ringbuf_init
 .text.nrf_section_iter_init
                0x0002898c       0x14 _build/nrf52840_xxaa/nrf_section_iter.c.o
                0x0002898c                nrf_section_iter_init
 .text.nrf_section_iter_next
                0x000289a0       0x18 _build/nrf52840_xxaa/nrf_section_iter.c.o
                0x000289a0                nrf_section_iter_next
 .text.nrf_sortlist_add
                0x000289b8       0x28 _build/nrf52840_xxaa/nrf_sortlist.c.o
                0x000289b8                nrf_sortlist_add
 .text.nrf_sortlist_pop
                0x000289e0        0xc _build/nrf52840_xxaa/nrf_sortlist.c.o
                0x000289e0                nrf_sortlist_pop
 .text.nrf_sortlist_peek
                0x000289ec        0x8 _build/nrf52840_xxaa/nrf_sortlist.c.o
                0x000289ec                nrf_sortlist_peek
 .text.nrf_sortlist_remove
                0x000289f4       0x1c _build/nrf52840_xxaa/nrf_sortlist.c.o
                0x000289f4                nrf_sortlist_remove
 .text.nrf_strerror_get
                0x00028a10       0x50 _build/nrf52840_xxaa/nrf_strerror.c.o
                0x00028a10                nrf_strerror_get
 .text.NVIC_SystemReset
                0x00028a60       0x24 _build/nrf52840_xxaa/system_nrf52840.c.o
 .text.SystemInit
                0x00028a84      0x1e8 _build/nrf52840_xxaa/system_nrf52840.c.o
                0x00028a84                SystemInit
 .text.bsp_board_led_on
                0x00028c6c       0x24 _build/nrf52840_xxaa/boards.c.o
                0x00028c6c                bsp_board_led_on
 .text.bsp_board_led_off
                0x00028c90       0x24 _build/nrf52840_xxaa/boards.c.o
                0x00028c90                bsp_board_led_off
 .text.bsp_board_init
                0x00028cb4       0x48 _build/nrf52840_xxaa/boards.c.o
                0x00028cb4                bsp_board_init
 .text.clock_irq_handler
                0x00028cfc       0x44 _build/nrf52840_xxaa/nrf_drv_clock.c.o
 .text.soc_evt_handler
                0x00028d40       0x28 _build/nrf52840_xxaa/nrf_drv_clock.c.o
 .text.sd_state_evt_handler
                0x00028d68       0xa8 _build/nrf52840_xxaa/nrf_drv_clock.c.o
 .text.uarte_evt_handler
                0x00028e10       0x34 _build/nrf52840_xxaa/nrf_drv_uart.c.o
 .text.uart_evt_handler
                0x00028e44       0x34 _build/nrf52840_xxaa/nrf_drv_uart.c.o
 .text.nrf_drv_uart_init
                0x00028e78       0x88 _build/nrf52840_xxaa/nrf_drv_uart.c.o
                0x00028e78                nrf_drv_uart_init
 .text.nrfx_clock_init
                0x00028f00       0x18 _build/nrf52840_xxaa/nrfx_clock.c.o
                0x00028f00                nrfx_clock_init
 .text.nrfx_clock_enable
                0x00028f18       0x24 _build/nrf52840_xxaa/nrfx_clock.c.o
                0x00028f18                nrfx_clock_enable
 .text.nrfx_clock_lfclk_stop
                0x00028f3c       0x18 _build/nrf52840_xxaa/nrfx_clock.c.o
                0x00028f3c                nrfx_clock_lfclk_stop
 .text.POWER_CLOCK_IRQHandler
                0x00028f54       0x6c _build/nrf52840_xxaa/nrfx_clock.c.o
                0x00028f54                POWER_CLOCK_IRQHandler
 .text.nrfx_gpiote_init
                0x00028fc0       0x9c _build/nrf52840_xxaa/nrfx_gpiote.c.o
                0x00028fc0                nrfx_gpiote_init
 .text.nrfx_gpiote_is_init
                0x0002905c       0x14 _build/nrf52840_xxaa/nrfx_gpiote.c.o
                0x0002905c                nrfx_gpiote_is_init
 .text.nrfx_gpiote_in_init
                0x00029070      0x1e4 _build/nrf52840_xxaa/nrfx_gpiote.c.o
                0x00029070                nrfx_gpiote_in_init
 .text.nrfx_gpiote_in_event_enable
                0x00029254       0xd8 _build/nrf52840_xxaa/nrfx_gpiote.c.o
                0x00029254                nrfx_gpiote_in_event_enable
 .text.nrfx_gpiote_in_event_disable
                0x0002932c       0x74 _build/nrf52840_xxaa/nrfx_gpiote.c.o
                0x0002932c                nrfx_gpiote_in_event_disable
 .text.nrfx_gpiote_in_is_set
                0x000293a0       0x20 _build/nrf52840_xxaa/nrfx_gpiote.c.o
                0x000293a0                nrfx_gpiote_in_is_set
 .text.GPIOTE_IRQHandler
                0x000293c0      0x5a0 _build/nrf52840_xxaa/nrfx_gpiote.c.o
                0x000293c0                GPIOTE_IRQHandler
 .text.UARTE0_UART0_IRQHandler
                0x00029960        0xc _build/nrf52840_xxaa/nrfx_prs.c.o
                0x00029960                UARTE0_UART0_IRQHandler
 .text.nrfx_prs_acquire
                0x0002996c       0x50 _build/nrf52840_xxaa/nrfx_prs.c.o
                0x0002996c                nrfx_prs_acquire
 .text.nrfx_prs_release
                0x000299bc       0x18 _build/nrf52840_xxaa/nrfx_prs.c.o
                0x000299bc                nrfx_prs_release
 .text.nrfx_uart_0_irq_handler
                0x000299d4      0x1c4 _build/nrf52840_xxaa/nrfx_uart.c.o
                0x000299d4                nrfx_uart_0_irq_handler
 .text.nrfx_uart_init
                0x00029b98      0x1e8 _build/nrf52840_xxaa/nrfx_uart.c.o
                0x00029b98                nrfx_uart_init
 .text.nrfx_uart_uninit
                0x00029d80       0xfc _build/nrf52840_xxaa/nrfx_uart.c.o
                0x00029d80                nrfx_uart_uninit
 .text.nrfx_uart_tx
                0x00029e7c       0xd0 _build/nrf52840_xxaa/nrfx_uart.c.o
                0x00029e7c                nrfx_uart_tx
 .text.nrfx_uarte_0_irq_handler
                0x00029f4c      0x168 _build/nrf52840_xxaa/nrfx_uarte.c.o
                0x00029f4c                nrfx_uarte_0_irq_handler
 .text.nrfx_uarte_init
                0x0002a0b4      0x220 _build/nrf52840_xxaa/nrfx_uarte.c.o
                0x0002a0b4                nrfx_uarte_init
 .text.nrfx_uarte_uninit
                0x0002a2d4      0x138 _build/nrf52840_xxaa/nrfx_uarte.c.o
                0x0002a2d4                nrfx_uarte_uninit
 .text.nrfx_uarte_tx
                0x0002a40c       0xb4 _build/nrf52840_xxaa/nrfx_uarte.c.o
                0x0002a40c                nrfx_uarte_tx
 .text.sd_ble_gap_adv_set_configure
                0x0002a4c0        0x4 _build/nrf52840_xxaa/main.c.o
 .text.sd_ble_gap_adv_start
                0x0002a4c4        0x4 _build/nrf52840_xxaa/main.c.o
 .text.sd_ble_gap_disconnect
                0x0002a4c8        0x4 _build/nrf52840_xxaa/main.c.o
 .text.sd_ble_gap_ppcp_set
                0x0002a4cc        0x4 _build/nrf52840_xxaa/main.c.o
 .text.sd_ble_gap_device_name_set
                0x0002a4d0        0x4 _build/nrf52840_xxaa/main.c.o
 .text.sd_ble_gap_sec_params_reply
                0x0002a4d4        0x4 _build/nrf52840_xxaa/main.c.o
 .text.sd_ble_gap_phy_update
                0x0002a4d8        0x4 _build/nrf52840_xxaa/main.c.o
 .text.sd_ble_gatts_sys_attr_set
                0x0002a4dc        0x4 _build/nrf52840_xxaa/main.c.o
 .text.nrf_qwr_error_handler
                0x0002a4e0        0x4 _build/nrf52840_xxaa/main.c.o
 .text.on_conn_params_evt
                0x0002a4e4       0x24 _build/nrf52840_xxaa/main.c.o
 .text.button_event_handler
                0x0002a508       0x60 _build/nrf52840_xxaa/main.c.o
 .text.led_write_handler
                0x0002a568       0x40 _build/nrf52840_xxaa/main.c.o
 .text.conn_params_error_handler
                0x0002a5a8        0x4 _build/nrf52840_xxaa/main.c.o
 .text.ble_evt_handler
                0x0002a5ac      0x134 _build/nrf52840_xxaa/main.c.o
 .text.startup.main
                0x0002a6e0      0x280 _build/nrf52840_xxaa/main.c.o
                0x0002a6e0                main
 .text.sd_ble_gap_addr_get
                0x0002a960        0x4 _build/nrf52840_xxaa/ble_advdata.c.o
 .text.sd_ble_gap_appearance_get
                0x0002a964        0x4 _build/nrf52840_xxaa/ble_advdata.c.o
 .text.sd_ble_gap_device_name_get
                0x0002a968        0x4 _build/nrf52840_xxaa/ble_advdata.c.o
 .text.sd_ble_uuid_encode
                0x0002a96c        0x4 _build/nrf52840_xxaa/ble_advdata.c.o
 .text.uuid_list_sized_encode.isra.0
                0x0002a970       0xf0 _build/nrf52840_xxaa/ble_advdata.c.o
 .text.ble_advdata_encode
                0x0002aa60      0x40c _build/nrf52840_xxaa/ble_advdata.c.o
                0x0002aa60                ble_advdata_encode
 .text.sd_ble_gap_conn_param_update
                0x0002ae6c        0x4 _build/nrf52840_xxaa/ble_conn_params.c.o
 .text.sd_ble_gap_disconnect
                0x0002ae70        0x4 _build/nrf52840_xxaa/ble_conn_params.c.o
 .text.sd_ble_gap_ppcp_set
                0x0002ae74        0x4 _build/nrf52840_xxaa/ble_conn_params.c.o
 .text.sd_ble_gap_ppcp_get
                0x0002ae78        0x4 _build/nrf52840_xxaa/ble_conn_params.c.o
 .text.update_timeout_handler
                0x0002ae7c       0x78 _build/nrf52840_xxaa/ble_conn_params.c.o
 .text.ble_evt_handler
                0x0002aef4      0x1d4 _build/nrf52840_xxaa/ble_conn_params.c.o
 .text.ble_conn_params_init
                0x0002b0c8       0x78 _build/nrf52840_xxaa/ble_conn_params.c.o
                0x0002b0c8                ble_conn_params_init
 .text.ble_evt_handler
                0x0002b140      0x160 _build/nrf52840_xxaa/ble_conn_state.c.o
 .text.sd_ble_gatts_characteristic_add
                0x0002b2a0        0x4 _build/nrf52840_xxaa/ble_srv_common.c.o
 .text.ble_srv_is_notification_enabled
                0x0002b2a4        0x8 _build/nrf52840_xxaa/ble_srv_common.c.o
                0x0002b2a4                ble_srv_is_notification_enabled
 .text.characteristic_add
                0x0002b2ac      0x278 _build/nrf52840_xxaa/ble_srv_common.c.o
                0x0002b2ac                characteristic_add
 .text.sd_ble_gap_data_length_update
                0x0002b524        0x4 _build/nrf52840_xxaa/nrf_ble_gatt.c.o
 .text.sd_ble_gattc_exchange_mtu_request
                0x0002b528        0x4 _build/nrf52840_xxaa/nrf_ble_gatt.c.o
 .text.sd_ble_gatts_exchange_mtu_reply
                0x0002b52c        0x4 _build/nrf52840_xxaa/nrf_ble_gatt.c.o
 .text.data_length_update.constprop.0
                0x0002b530       0x8c _build/nrf52840_xxaa/nrf_ble_gatt.c.o
 .text.nrf_ble_gatt_init
                0x0002b5bc       0x28 _build/nrf52840_xxaa/nrf_ble_gatt.c.o
                0x0002b5bc                nrf_ble_gatt_init
 .text.nrf_ble_gatt_on_ble_evt
                0x0002b5e4      0x1c8 _build/nrf52840_xxaa/nrf_ble_gatt.c.o
                0x0002b5e4                nrf_ble_gatt_on_ble_evt
 .text.sd_ble_gatts_rw_authorize_reply
                0x0002b7ac        0x4 _build/nrf52840_xxaa/nrf_ble_qwr.c.o
 .text.sd_ble_user_mem_reply
                0x0002b7b0        0x4 _build/nrf52840_xxaa/nrf_ble_qwr.c.o
 .text.nrf_ble_qwr_init
                0x0002b7b4       0x24 _build/nrf52840_xxaa/nrf_ble_qwr.c.o
                0x0002b7b4                nrf_ble_qwr_init
 .text.nrf_ble_qwr_conn_handle_assign
                0x0002b7d8       0x18 _build/nrf52840_xxaa/nrf_ble_qwr.c.o
                0x0002b7d8                nrf_ble_qwr_conn_handle_assign
 .text.nrf_ble_qwr_on_ble_evt
                0x0002b7f0       0xf4 _build/nrf52840_xxaa/nrf_ble_qwr.c.o
                0x0002b7f0                nrf_ble_qwr_on_ble_evt
 .text.sd_ble_gatts_service_add
                0x0002b8e4        0x4 _build/nrf52840_xxaa/ble_lbs.c.o
 .text.sd_ble_gatts_hvx
                0x0002b8e8        0x4 _build/nrf52840_xxaa/ble_lbs.c.o
 .text.sd_ble_uuid_vs_add
                0x0002b8ec        0x4 _build/nrf52840_xxaa/ble_lbs.c.o
 .text.ble_lbs_on_ble_evt
                0x0002b8f0       0x30 _build/nrf52840_xxaa/ble_lbs.c.o
                0x0002b8f0                ble_lbs_on_ble_evt
 .text.ble_lbs_init
                0x0002b920       0xd0 _build/nrf52840_xxaa/ble_lbs.c.o
                0x0002b920                ble_lbs_init
 .text.ble_lbs_on_button_change
                0x0002b9f0       0x40 _build/nrf52840_xxaa/ble_lbs.c.o
                0x0002b9f0                ble_lbs_on_button_change
 .text.sd_softdevice_enable
                0x0002ba30        0x4 _build/nrf52840_xxaa/nrf_sdh.c.o
 .text.nrf_sdh_enable_request
                0x0002ba34      0x118 _build/nrf52840_xxaa/nrf_sdh.c.o
                0x0002ba34                nrf_sdh_enable_request
 .text.nrf_sdh_is_enabled
                0x0002bb4c        0xc _build/nrf52840_xxaa/nrf_sdh.c.o
                0x0002bb4c                nrf_sdh_is_enabled
 .text.SWI2_EGU2_IRQHandler
                0x0002bb58       0x2c _build/nrf52840_xxaa/nrf_sdh.c.o
                0x0002bb58                SWI2_EGU2_IRQHandler
 .text.sd_ble_enable
                0x0002bb84        0x4 _build/nrf52840_xxaa/nrf_sdh_ble.c.o
 .text.sd_ble_cfg_set
                0x0002bb88        0x4 _build/nrf52840_xxaa/nrf_sdh_ble.c.o
 .text.sd_ble_evt_get
                0x0002bb8c        0x4 _build/nrf52840_xxaa/nrf_sdh_ble.c.o
 .text.nrf_sdh_ble_evts_poll
                0x0002bb90       0x5c _build/nrf52840_xxaa/nrf_sdh_ble.c.o
 .text.nrf_sdh_ble_default_cfg_set
                0x0002bbec      0x17c _build/nrf52840_xxaa/nrf_sdh_ble.c.o
                0x0002bbec                nrf_sdh_ble_default_cfg_set
 .text.nrf_sdh_ble_enable
                0x0002bd68       0xa0 _build/nrf52840_xxaa/nrf_sdh_ble.c.o
                0x0002bd68                nrf_sdh_ble_enable
 .text.sd_evt_get
                0x0002be08        0x4 _build/nrf52840_xxaa/nrf_sdh_soc.c.o
 .text.nrf_sdh_soc_evts_poll
                0x0002be0c       0x4c _build/nrf52840_xxaa/nrf_sdh_soc.c.o
 .text.exit     0x0002be58       0x28 c:/program files (x86)/gnu tools arm embedded/9 2019-q4-major/bin/../lib/gcc/arm-none-eabi/9.2.1/../../../../arm-none-eabi/lib/thumb/v7e-m+fp/hard\libc_nano.a(lib_a-exit.o)
                0x0002be58                exit
 .text.__libc_init_array
                0x0002be80       0x48 c:/program files (x86)/gnu tools arm embedded/9 2019-q4-major/bin/../lib/gcc/arm-none-eabi/9.2.1/../../../../arm-none-eabi/lib/thumb/v7e-m+fp/hard\libc_nano.a(lib_a-init.o)
                0x0002be80                __libc_init_array
 .text.memcpy   0x0002bec8       0x1c c:/program files (x86)/gnu tools arm embedded/9 2019-q4-major/bin/../lib/gcc/arm-none-eabi/9.2.1/../../../../arm-none-eabi/lib/thumb/v7e-m+fp/hard\libc_nano.a(lib_a-memcpy-stub.o)
                0x0002bec8                memcpy
 .text.memset   0x0002bee4       0x10 c:/program files (x86)/gnu tools arm embedded/9 2019-q4-major/bin/../lib/gcc/arm-none-eabi/9.2.1/../../../../arm-none-eabi/lib/thumb/v7e-m+fp/hard\libc_nano.a(lib_a-memset.o)
                0x0002bee4                memset
 .text          0x0002bef4       0x10 c:/program files (x86)/gnu tools arm embedded/9 2019-q4-major/bin/../lib/gcc/arm-none-eabi/9.2.1/../../../../arm-none-eabi/lib/thumb/v7e-m+fp/hard\libc_nano.a(lib_a-strlen.o)
                0x0002bef4                strlen
 .text._exit    0x0002bf04        0x4 c:/program files (x86)/gnu tools arm embedded/9 2019-q4-major/bin/../lib/gcc/arm-none-eabi/9.2.1/../../../../arm-none-eabi/lib/thumb/v7e-m+fp/hard\libnosys.a(_exit.o)
                0x0002bf04                _exit
 *(.init)
 .init          0x0002bf08        0x4 c:/program files (x86)/gnu tools arm embedded/9 2019-q4-major/bin/../lib/gcc/arm-none-eabi/9.2.1/thumb/v7e-m+fp/hard/crti.o
                0x0002bf08                _init
 .init          0x0002bf0c        0x8 c:/program files (x86)/gnu tools arm embedded/9 2019-q4-major/bin/../lib/gcc/arm-none-eabi/9.2.1/thumb/v7e-m+fp/hard/crtn.o
 *(.fini)
 .fini          0x0002bf14        0x4 c:/program files (x86)/gnu tools arm embedded/9 2019-q4-major/bin/../lib/gcc/arm-none-eabi/9.2.1/thumb/v7e-m+fp/hard/crti.o
                0x0002bf14                _fini
 .fini          0x0002bf18        0x8 c:/program files (x86)/gnu tools arm embedded/9 2019-q4-major/bin/../lib/gcc/arm-none-eabi/9.2.1/thumb/v7e-m+fp/hard/crtn.o
 *crtbegin.o(.ctors)
 *crtbegin?.o(.ctors)
 *(EXCLUDE_FILE(*crtend.o *crtend?.o) .ctors)
 *(SORT_BY_NAME(.ctors.*))
 *(.ctors)
 *crtbegin.o(.dtors)
 *crtbegin?.o(.dtors)
 *(EXCLUDE_FILE(*crtend.o *crtend?.o) .dtors)
 *(SORT_BY_NAME(.dtors.*))
 *(.dtors)
 *(.rodata*)
 .rodata        0x0002bf20       0x20 _build/nrf52840_xxaa/nrf_log_backend_uart.c.o
 .rodata.nrf_log_backend_uart_api
                0x0002bf40        0xc _build/nrf52840_xxaa/nrf_log_backend_uart.c.o
                0x0002bf40                nrf_log_backend_uart_api
 .rodata.str1.4
                0x0002bf4c       0x11 _build/nrf52840_xxaa/nrf_log_default_backends.c.o
 *fill*         0x0002bf5d        0x3 
 .rodata.nrf_log_frontend_dequeue.str1.4
                0x0002bf60       0x11 _build/nrf52840_xxaa/nrf_log_frontend.c.o
 *fill*         0x0002bf71        0x3 
 .rodata.str1.4
                0x0002bf74        0x4 _build/nrf52840_xxaa/nrf_log_frontend.c.o
 .rodata.m_log_push_ringbuf
                0x0002bf78        0xc _build/nrf52840_xxaa/nrf_log_frontend.c.o
 .rodata.prefix_process.str1.4
                0x0002bf84       0x36 _build/nrf52840_xxaa/nrf_log_str_formatter.c.o
 *fill*         0x0002bfba        0x2 
 .rodata.nrf_log_std_entry_process.str1.4
                0x0002bfbc        0x3 _build/nrf52840_xxaa/nrf_log_str_formatter.c.o
 *fill*         0x0002bfbf        0x1 
 .rodata.nrf_log_hexdump_entry_process.str1.4
                0x0002bfc0       0x13 _build/nrf52840_xxaa/nrf_log_str_formatter.c.o
                                 0x16 (size before relaxing)
 *fill*         0x0002bfd3        0x1 
 .rodata.str1.4
                0x0002bfd4       0x56 _build/nrf52840_xxaa/nrf_log_str_formatter.c.o
 *fill*         0x0002c02a        0x2 
 .rodata.m_colors
                0x0002c02c       0x24 _build/nrf52840_xxaa/nrf_log_str_formatter.c.o
 .rodata.severity_names
                0x0002c050       0x14 _build/nrf52840_xxaa/nrf_log_str_formatter.c.o
 .rodata.str1.4
                0x0002c064        0xb _build/nrf52840_xxaa/app_button.c.o
 *fill*         0x0002c06f        0x1 
 .rodata.m_detection_delay_timer_id
                0x0002c070        0x4 _build/nrf52840_xxaa/app_button.c.o
 .rodata.app_error_fault_handler.str1.4
                0x0002c074       0x19 _build/nrf52840_xxaa/app_error_weak.c.o
 *fill*         0x0002c08d        0x3 
 .rodata.str1.4
                0x0002c090        0xa _build/nrf52840_xxaa/app_timer2.c.o
 *fill*         0x0002c09a        0x2 
 .rodata        0x0002c09c        0x4 _build/nrf52840_xxaa/app_timer2.c.o
 .rodata.m_app_timer_sortlist
                0x0002c0a0        0xc _build/nrf52840_xxaa/app_timer2.c.o
 .rodata.drv_rtc_init.str1.4
                0x0002c0ac       0x36 _build/nrf52840_xxaa/drv_rtc.c.o
 *fill*         0x0002c0e2        0xe 
 .rodata.delay_machine_code.8746
                0x0002c0f0        0x6 _build/nrf52840_xxaa/drv_rtc.c.o
 *fill*         0x0002c0f6        0x2 
 .rodata._aV2C.7806
                0x0002c0f8       0x10 _build/nrf52840_xxaa/nrf_fprintf_format.c.o
 .rodata.str1.4
                0x0002c108        0x9 _build/nrf52840_xxaa/nrf_pwr_mgmt.c.o
 *fill*         0x0002c111        0x3 
 .rodata.pwr_mgmt_data
                0x0002c114        0xc _build/nrf52840_xxaa/nrf_pwr_mgmt.c.o
 .rodata.str1.4
                0x0002c120        0x9 _build/nrf52840_xxaa/nrf_sortlist.c.o
 *fill*         0x0002c129        0x3 
 .rodata.str1.4
                0x0002c12c      0x3e9 _build/nrf52840_xxaa/nrf_strerror.c.o
 *fill*         0x0002c515        0x3 
 .rodata.m_unknown_str
                0x0002c518       0x13 _build/nrf52840_xxaa/nrf_strerror.c.o
 *fill*         0x0002c52b        0x1 
 .rodata.nrf_strerror_array
                0x0002c52c      0x128 _build/nrf52840_xxaa/nrf_strerror.c.o
 .rodata.m_board_led_list
                0x0002c654        0x2 _build/nrf52840_xxaa/boards.c.o
 *fill*         0x0002c656        0x2 
 .rodata.str1.4
                0x0002c658        0x6 _build/nrf52840_xxaa/nrf_drv_clock.c.o
 *fill*         0x0002c65e        0x2 
 .rodata.str1.4
                0x0002c660        0x6 _build/nrf52840_xxaa/nrfx_clock.c.o
 *fill*         0x0002c666        0x2 
 .rodata.str1.4
                0x0002c668        0x7 _build/nrf52840_xxaa/nrfx_gpiote.c.o
 *fill*         0x0002c66f        0x1 
 .rodata.str1.4
                0x0002c670        0x4 _build/nrf52840_xxaa/nrfx_prs.c.o
 .rodata.str1.4
                0x0002c674        0x5 _build/nrf52840_xxaa/nrfx_uart.c.o
 *fill*         0x0002c679        0x3 
 .rodata.str1.4
                0x0002c67c        0x6 _build/nrf52840_xxaa/nrfx_uarte.c.o
 *fill*         0x0002c682        0x2 
 .rodata.button_event_handler.str1.4
                0x0002c684       0x1a _build/nrf52840_xxaa/main.c.o
 *fill*         0x0002c69e        0x2 
 .rodata.led_write_handler.str1.4
                0x0002c6a0       0x26 _build/nrf52840_xxaa/main.c.o
 *fill*         0x0002c6c6        0x2 
 .rodata.ble_evt_handler.str1.4
                0x0002c6c8       0x19 _build/nrf52840_xxaa/main.c.o
 *fill*         0x0002c6e1        0x3 
 .rodata.main.str1.4
                0x0002c6e4       0x28 _build/nrf52840_xxaa/main.c.o
 .rodata.data_length_update.constprop.0.str1.4
                0x0002c70c       0xe2 _build/nrf52840_xxaa/nrf_ble_gatt.c.o
 *fill*         0x0002c7ee        0x2 
 .rodata.nrf_ble_gatt_on_ble_evt.str1.4
                0x0002c7f0       0x63 _build/nrf52840_xxaa/nrf_ble_gatt.c.o
 *fill*         0x0002c853        0x1 
 .rodata.str1.4
                0x0002c854        0xd _build/nrf52840_xxaa/nrf_ble_gatt.c.o
 *fill*         0x0002c861        0x3 
 .rodata        0x0002c864       0x10 _build/nrf52840_xxaa/ble_lbs.c.o
 .rodata.str1.4
                0x0002c874        0x8 _build/nrf52840_xxaa/nrf_sdh.c.o
 .rodata        0x0002c87c        0x4 _build/nrf52840_xxaa/nrf_sdh.c.o
 .rodata.sdh_req_observers
                0x0002c880        0xc _build/nrf52840_xxaa/nrf_sdh.c.o
 .rodata.sdh_stack_observers
                0x0002c88c        0xc _build/nrf52840_xxaa/nrf_sdh.c.o
 .rodata.sdh_state_observers
                0x0002c898        0xc _build/nrf52840_xxaa/nrf_sdh.c.o
 .rodata.nrf_sdh_ble_default_cfg_set.str1.4
                0x0002c8a4      0x187 _build/nrf52840_xxaa/nrf_sdh_ble.c.o
 *fill*         0x0002ca2b        0x1 
 .rodata.nrf_sdh_ble_enable.str1.4
                0x0002ca2c       0xad _build/nrf52840_xxaa/nrf_sdh_ble.c.o
 *fill*         0x0002cad9        0x3 
 .rodata.str1.4
                0x0002cadc        0xc _build/nrf52840_xxaa/nrf_sdh_ble.c.o
 .rodata.sdh_ble_observers
                0x0002cae8        0xc _build/nrf52840_xxaa/nrf_sdh_ble.c.o
 .rodata.str1.4
                0x0002caf4        0xc _build/nrf52840_xxaa/nrf_sdh_soc.c.o
 .rodata.sdh_soc_observers
                0x0002cb00        0xc _build/nrf52840_xxaa/nrf_sdh_soc.c.o
 .rodata._ctype_
                0x0002cb0c      0x101 c:/program files (x86)/gnu tools arm embedded/9 2019-q4-major/bin/../lib/gcc/arm-none-eabi/9.2.1/../../../../arm-none-eabi/lib/thumb/v7e-m+fp/hard\libc_nano.a(lib_a-ctype_.o)
                0x0002cb0c                _ctype_
 *fill*         0x0002cc0d        0x3 
 .rodata._global_impure_ptr
                0x0002cc10        0x4 c:/program files (x86)/gnu tools arm embedded/9 2019-q4-major/bin/../lib/gcc/arm-none-eabi/9.2.1/../../../../arm-none-eabi/lib/thumb/v7e-m+fp/hard\libc_nano.a(lib_a-impure.o)
                0x0002cc10                _global_impure_ptr
 *(.eh_frame*)
 .eh_frame      0x0002cc14        0x0 c:/program files (x86)/gnu tools arm embedded/9 2019-q4-major/bin/../lib/gcc/arm-none-eabi/9.2.1/thumb/v7e-m+fp/hard/crtbegin.o
 .eh_frame      0x0002cc14        0x4 c:/program files (x86)/gnu tools arm embedded/9 2019-q4-major/bin/../lib/gcc/arm-none-eabi/9.2.1/thumb/v7e-m+fp/hard/crtend.o

.glue_7         0x0002cc18        0x0
 .glue_7        0x0002cc18        0x0 linker stubs

.glue_7t        0x0002cc18        0x0
 .glue_7t       0x0002cc18        0x0 linker stubs

.vfp11_veneer   0x0002cc18        0x0
 .vfp11_veneer  0x0002cc18        0x0 linker stubs

.v4_bx          0x0002cc18        0x0
 .v4_bx         0x0002cc18        0x0 linker stubs

.iplt           0x0002cc18        0x0
 .iplt          0x0002cc18        0x0 c:/program files (x86)/gnu tools arm embedded/9 2019-q4-major/bin/../lib/gcc/arm-none-eabi/9.2.1/thumb/v7e-m+fp/hard/crtbegin.o

.mem_section_dummy_rom

.sdh_soc_observers
                0x0002cc18        0x8
                0x0002cc18                PROVIDE (__start_sdh_soc_observers = .)
 *(SORT_BY_NAME(.sdh_soc_observers*))
 .sdh_soc_observers0
                0x0002cc18        0x8 _build/nrf52840_xxaa/nrf_drv_clock.c.o
                0x0002cc20                PROVIDE (__stop_sdh_soc_observers = .)

.pwr_mgmt_data  0x0002cc20        0x0
                0x0002cc20                PROVIDE (__start_pwr_mgmt_data = .)
 *(SORT_BY_NAME(.pwr_mgmt_data*))
                0x0002cc20                PROVIDE (__stop_pwr_mgmt_data = .)

.sdh_ble_observers
                0x0002cc20       0x30
                0x0002cc20                PROVIDE (__start_sdh_ble_observers = .)
 *(SORT_BY_NAME(.sdh_ble_observers*))
 .sdh_ble_observers0
                0x0002cc20        0x8 _build/nrf52840_xxaa/ble_conn_state.c.o
 .sdh_ble_observers1
                0x0002cc28        0x8 _build/nrf52840_xxaa/main.c.o
 .sdh_ble_observers1
                0x0002cc30        0x8 _build/nrf52840_xxaa/ble_conn_params.c.o
 .sdh_ble_observers2
                0x0002cc38       0x10 _build/nrf52840_xxaa/main.c.o
 .sdh_ble_observers3
                0x0002cc48        0x8 _build/nrf52840_xxaa/main.c.o
                0x0002cc50                PROVIDE (__stop_sdh_ble_observers = .)

.sdh_state_observers
                0x0002cc50        0x8
                0x0002cc50                PROVIDE (__start_sdh_state_observers = .)
 *(SORT_BY_NAME(.sdh_state_observers*))
 .sdh_state_observers0
                0x0002cc50        0x8 _build/nrf52840_xxaa/nrf_drv_clock.c.o
                0x0002cc58                PROVIDE (__stop_sdh_state_observers = .)

.sdh_stack_observers
                0x0002cc58       0x10
                0x0002cc58                PROVIDE (__start_sdh_stack_observers = .)
 *(SORT_BY_NAME(.sdh_stack_observers*))
 .sdh_stack_observers0
                0x0002cc58        0x8 _build/nrf52840_xxaa/nrf_sdh_ble.c.o
 .sdh_stack_observers0
                0x0002cc60        0x8 _build/nrf52840_xxaa/nrf_sdh_soc.c.o
                0x0002cc68                PROVIDE (__stop_sdh_stack_observers = .)

.sdh_req_observers
                0x0002cc68        0x0
                0x0002cc68                PROVIDE (__start_sdh_req_observers = .)
 *(SORT_BY_NAME(.sdh_req_observers*))
                0x0002cc68                PROVIDE (__stop_sdh_req_observers = .)

.nrf_queue      0x0002cc68        0x0
                [!provide]                PROVIDE (__start_nrf_queue = .)
 *(.nrf_queue)
                [!provide]                PROVIDE (__stop_nrf_queue = .)

.nrf_balloc     0x0002cc68       0x14
                [!provide]                PROVIDE (__start_nrf_balloc = .)
 *(.nrf_balloc)
 .nrf_balloc    0x0002cc68       0x14 _build/nrf52840_xxaa/nrf_log_frontend.c.o
                0x0002cc68                log_mempool
                [!provide]                PROVIDE (__stop_nrf_balloc = .)

.cli_command    0x0002cc7c        0x0
                [!provide]                PROVIDE (__start_cli_command = .)
 *(.cli_command)
                [!provide]                PROVIDE (__stop_cli_command = .)

.crypto_data    0x0002cc7c        0x0
                [!provide]                PROVIDE (__start_crypto_data = .)
 *(SORT_BY_NAME(.crypto_data*))
                [!provide]                PROVIDE (__stop_crypto_data = .)

.log_const_data
                0x0002cc7c       0x78
                0x0002cc7c                PROVIDE (__start_log_const_data = .)
 *(SORT_BY_NAME(.log_const_data*))
 .log_const_data_CLOCK
                0x0002cc7c        0x8 _build/nrf52840_xxaa/nrfx_clock.c.o
                0x0002cc7c                m_nrf_log_CLOCK_logs_data_const
 .log_const_data_GPIOTE
                0x0002cc84        0x8 _build/nrf52840_xxaa/nrfx_gpiote.c.o
                0x0002cc84                m_nrf_log_GPIOTE_logs_data_const
 .log_const_data_PRS
                0x0002cc8c        0x8 _build/nrf52840_xxaa/nrfx_prs.c.o
                0x0002cc8c                m_nrf_log_PRS_logs_data_const
 .log_const_data_UART
                0x0002cc94        0x8 _build/nrf52840_xxaa/nrfx_uart.c.o
                0x0002cc94                m_nrf_log_UART_logs_data_const
 .log_const_data_UARTE
                0x0002cc9c        0x8 _build/nrf52840_xxaa/nrfx_uarte.c.o
                0x0002cc9c                m_nrf_log_UARTE_logs_data_const
 .log_const_data_app
                0x0002cca4        0x8 _build/nrf52840_xxaa/nrf_log_frontend.c.o
                0x0002cca4                m_nrf_log_app_logs_data_const
 .log_const_data_app_button
                0x0002ccac        0x8 _build/nrf52840_xxaa/app_button.c.o
                0x0002ccac                m_nrf_log_app_button_logs_data_const
 .log_const_data_app_timer
                0x0002ccb4        0x8 _build/nrf52840_xxaa/app_timer2.c.o
                0x0002ccb4                m_nrf_log_app_timer_logs_data_const
 .log_const_data_clock
                0x0002ccbc        0x8 _build/nrf52840_xxaa/nrf_drv_clock.c.o
                0x0002ccbc                m_nrf_log_clock_logs_data_const
 .log_const_data_nrf_ble_gatt
                0x0002ccc4        0x8 _build/nrf52840_xxaa/nrf_ble_gatt.c.o
                0x0002ccc4                m_nrf_log_nrf_ble_gatt_logs_data_const
 .log_const_data_nrf_sdh
                0x0002cccc        0x8 _build/nrf52840_xxaa/nrf_sdh.c.o
                0x0002cccc                m_nrf_log_nrf_sdh_logs_data_const
 .log_const_data_nrf_sdh_ble
                0x0002ccd4        0x8 _build/nrf52840_xxaa/nrf_sdh_ble.c.o
                0x0002ccd4                m_nrf_log_nrf_sdh_ble_logs_data_const
 .log_const_data_nrf_sdh_soc
                0x0002ccdc        0x8 _build/nrf52840_xxaa/nrf_sdh_soc.c.o
                0x0002ccdc                m_nrf_log_nrf_sdh_soc_logs_data_const
 .log_const_data_pwr_mgmt
                0x0002cce4        0x8 _build/nrf52840_xxaa/nrf_pwr_mgmt.c.o
                0x0002cce4                m_nrf_log_pwr_mgmt_logs_data_const
 .log_const_data_sortlist
                0x0002ccec        0x8 _build/nrf52840_xxaa/nrf_sortlist.c.o
                0x0002ccec                m_nrf_log_sortlist_logs_data_const
                0x0002ccf4                PROVIDE (__stop_log_const_data = .)

.log_backends   0x0002ccf4       0x10
                [!provide]                PROVIDE (__start_log_backends = .)
 *(SORT_BY_NAME(.log_backends*))
 .log_backends  0x0002ccf4       0x10 _build/nrf52840_xxaa/nrf_log_default_backends.c.o
                [!provide]                PROVIDE (__stop_log_backends = .)

.ARM.extab
 *(.ARM.extab* .gnu.linkonce.armextab.*)
                0x0002cd04                __exidx_start = .

.ARM.exidx      0x0002cd04        0x8
 *(.ARM.exidx* .gnu.linkonce.armexidx.*)
 .ARM.exidx     0x0002cd04        0x8 c:/program files (x86)/gnu tools arm embedded/9 2019-q4-major/bin/../lib/gcc/arm-none-eabi/9.2.1/../../../../arm-none-eabi/lib/thumb/v7e-m+fp/hard/crt0.o
                0x0002cd0c                __exidx_end = .
                0x0002cd0c                __etext = .

.rel.dyn        0x0002cd0c        0x0
 .rel.iplt      0x0002cd0c        0x0 c:/program files (x86)/gnu tools arm embedded/9 2019-q4-major/bin/../lib/gcc/arm-none-eabi/9.2.1/thumb/v7e-m+fp/hard/crtbegin.o

.data           0x20002300       0xac load address 0x0002cd0c
                0x20002300                __data_start__ = .
 *(vtable)
 *(.data*)
 .data.m_uart   0x20002300       0x14 _build/nrf52840_xxaa/nrf_log_backend_uart.c.o
                0x20002300                m_uart
 .data.log_backend_cb_uart_log_backend
                0x20002314        0x8 _build/nrf52840_xxaa/nrf_log_default_backends.c.o
 .data.m_rtc_inst
                0x2000231c        0x8 _build/nrf52840_xxaa/app_timer2.c.o
 .data.SystemCoreClock
                0x20002324        0x4 _build/nrf52840_xxaa/system_nrf52840.c.o
                0x20002324                SystemCoreClock
 .data.buttons.11738
                0x20002328        0x8 _build/nrf52840_xxaa/main.c.o
 .data.m_adv_data
                0x20002330       0x10 _build/nrf52840_xxaa/main.c.o
 .data.m_adv_handle
                0x20002340        0x1 _build/nrf52840_xxaa/main.c.o
 *fill*         0x20002341        0x1 
 .data.m_conn_handle
                0x20002342        0x2 _build/nrf52840_xxaa/main.c.o
 .data.impure_data
                0x20002344       0x60 c:/program files (x86)/gnu tools arm embedded/9 2019-q4-major/bin/../lib/gcc/arm-none-eabi/9.2.1/../../../../arm-none-eabi/lib/thumb/v7e-m+fp/hard\libc_nano.a(lib_a-impure.o)
                0x200023a4                . = ALIGN (0x4)
                0x200023a4                PROVIDE (__preinit_array_start = .)
 *(.preinit_array)
                0x200023a4                PROVIDE (__preinit_array_end = .)
                0x200023a4                . = ALIGN (0x4)
                0x200023a4                PROVIDE (__init_array_start = .)
 *(SORT_BY_NAME(.init_array.*))
 *(.init_array)
 .init_array    0x200023a4        0x4 c:/program files (x86)/gnu tools arm embedded/9 2019-q4-major/bin/../lib/gcc/arm-none-eabi/9.2.1/thumb/v7e-m+fp/hard/crtbegin.o
                0x200023a8                PROVIDE (__init_array_end = .)
                0x200023a8                . = ALIGN (0x4)
                [!provide]                PROVIDE (__fini_array_start = .)
 *(SORT_BY_NAME(.fini_array.*))
 *(.fini_array)
 .fini_array    0x200023a8        0x4 c:/program files (x86)/gnu tools arm embedded/9 2019-q4-major/bin/../lib/gcc/arm-none-eabi/9.2.1/thumb/v7e-m+fp/hard/crtbegin.o
                [!provide]                PROVIDE (__fini_array_end = .)
 *(.jcr*)
                0x200023ac                . = ALIGN (0x4)
                0x200023ac                __data_end__ = .
LOAD c:/program files (x86)/gnu tools arm embedded/9 2019-q4-major/bin/../lib/gcc/arm-none-eabi/9.2.1/thumb/v7e-m+fp/hard/crti.o
LOAD c:/program files (x86)/gnu tools arm embedded/9 2019-q4-major/bin/../lib/gcc/arm-none-eabi/9.2.1/thumb/v7e-m+fp/hard/crtbegin.o
LOAD c:/program files (x86)/gnu tools arm embedded/9 2019-q4-major/bin/../lib/gcc/arm-none-eabi/9.2.1/../../../../arm-none-eabi/lib/thumb/v7e-m+fp/hard/crt0.o
LOAD _build/nrf52840_xxaa/gcc_startup_nrf52840.S.o
LOAD _build/nrf52840_xxaa/nrf_log_backend_rtt.c.o
LOAD _build/nrf52840_xxaa/nrf_log_backend_serial.c.o
LOAD _build/nrf52840_xxaa/nrf_log_backend_uart.c.o
LOAD _build/nrf52840_xxaa/nrf_log_default_backends.c.o
LOAD _build/nrf52840_xxaa/nrf_log_frontend.c.o
LOAD _build/nrf52840_xxaa/nrf_log_str_formatter.c.o
LOAD _build/nrf52840_xxaa/app_button.c.o
LOAD _build/nrf52840_xxaa/app_error.c.o
LOAD _build/nrf52840_xxaa/app_error_handler_gcc.c.o
LOAD _build/nrf52840_xxaa/app_error_weak.c.o
LOAD _build/nrf52840_xxaa/app_scheduler.c.o
LOAD _build/nrf52840_xxaa/app_timer2.c.o
LOAD _build/nrf52840_xxaa/app_util_platform.c.o
LOAD _build/nrf52840_xxaa/drv_rtc.c.o
LOAD _build/nrf52840_xxaa/hardfault_implementation.c.o
LOAD _build/nrf52840_xxaa/nrf_assert.c.o
LOAD _build/nrf52840_xxaa/nrf_atfifo.c.o
LOAD _build/nrf52840_xxaa/nrf_atflags.c.o
LOAD _build/nrf52840_xxaa/nrf_atomic.c.o
LOAD _build/nrf52840_xxaa/nrf_balloc.c.o
LOAD _build/nrf52840_xxaa/nrf_fprintf.c.o
LOAD _build/nrf52840_xxaa/nrf_fprintf_format.c.o
LOAD _build/nrf52840_xxaa/nrf_memobj.c.o
LOAD _build/nrf52840_xxaa/nrf_pwr_mgmt.c.o
LOAD _build/nrf52840_xxaa/nrf_ringbuf.c.o
LOAD _build/nrf52840_xxaa/nrf_section_iter.c.o
LOAD _build/nrf52840_xxaa/nrf_sortlist.c.o
LOAD _build/nrf52840_xxaa/nrf_strerror.c.o
LOAD _build/nrf52840_xxaa/system_nrf52840.c.o
LOAD _build/nrf52840_xxaa/boards.c.o
LOAD _build/nrf52840_xxaa/nrf_drv_clock.c.o
LOAD _build/nrf52840_xxaa/nrf_drv_uart.c.o
LOAD _build/nrf52840_xxaa/nrfx_atomic.c.o
LOAD _build/nrf52840_xxaa/nrfx_clock.c.o
LOAD _build/nrf52840_xxaa/nrfx_gpiote.c.o
LOAD _build/nrf52840_xxaa/nrfx_prs.c.o
LOAD _build/nrf52840_xxaa/nrfx_uart.c.o
LOAD _build/nrf52840_xxaa/nrfx_uarte.c.o
LOAD _build/nrf52840_xxaa/main.c.o
LOAD _build/nrf52840_xxaa/SEGGER_RTT.c.o
LOAD _build/nrf52840_xxaa/SEGGER_RTT_Syscalls_GCC.c.o
LOAD _build/nrf52840_xxaa/SEGGER_RTT_printf.c.o
LOAD _build/nrf52840_xxaa/ble_advdata.c.o
LOAD _build/nrf52840_xxaa/ble_conn_params.c.o
LOAD _build/nrf52840_xxaa/ble_conn_state.c.o
LOAD _build/nrf52840_xxaa/ble_srv_common.c.o
LOAD _build/nrf52840_xxaa/nrf_ble_gatt.c.o
LOAD _build/nrf52840_xxaa/nrf_ble_qwr.c.o
LOAD _build/nrf52840_xxaa/utf.c.o
LOAD _build/nrf52840_xxaa/ble_lbs.c.o
LOAD _build/nrf52840_xxaa/nrf_sdh.c.o
LOAD _build/nrf52840_xxaa/nrf_sdh_ble.c.o
LOAD _build/nrf52840_xxaa/nrf_sdh_soc.c.o
LOAD c:/program files (x86)/gnu tools arm embedded/9 2019-q4-major/bin/../lib/gcc/arm-none-eabi/9.2.1/../../../../arm-none-eabi/lib/thumb/v7e-m+fp/hard\libc_nano.a
LOAD c:/program files (x86)/gnu tools arm embedded/9 2019-q4-major/bin/../lib/gcc/arm-none-eabi/9.2.1/../../../../arm-none-eabi/lib/thumb/v7e-m+fp/hard\libnosys.a
LOAD c:/program files (x86)/gnu tools arm embedded/9 2019-q4-major/bin/../lib/gcc/arm-none-eabi/9.2.1/../../../../arm-none-eabi/lib/thumb/v7e-m+fp/hard\libm.a
START GROUP
LOAD c:/program files (x86)/gnu tools arm embedded/9 2019-q4-major/bin/../lib/gcc/arm-none-eabi/9.2.1/thumb/v7e-m+fp/hard\libgcc.a
LOAD c:/program files (x86)/gnu tools arm embedded/9 2019-q4-major/bin/../lib/gcc/arm-none-eabi/9.2.1/../../../../arm-none-eabi/lib/thumb/v7e-m+fp/hard\libg_nano.a
LOAD c:/program files (x86)/gnu tools arm embedded/9 2019-q4-major/bin/../lib/gcc/arm-none-eabi/9.2.1/../../../../arm-none-eabi/lib/thumb/v7e-m+fp/hard\libc_nano.a
END GROUP
START GROUP
LOAD c:/program files (x86)/gnu tools arm embedded/9 2019-q4-major/bin/../lib/gcc/arm-none-eabi/9.2.1/thumb/v7e-m+fp/hard\libgcc.a
LOAD c:/program files (x86)/gnu tools arm embedded/9 2019-q4-major/bin/../lib/gcc/arm-none-eabi/9.2.1/../../../../arm-none-eabi/lib/thumb/v7e-m+fp/hard\libc_nano.a
END GROUP
LOAD c:/program files (x86)/gnu tools arm embedded/9 2019-q4-major/bin/../lib/gcc/arm-none-eabi/9.2.1/thumb/v7e-m+fp/hard/crtend.o
LOAD c:/program files (x86)/gnu tools arm embedded/9 2019-q4-major/bin/../lib/gcc/arm-none-eabi/9.2.1/thumb/v7e-m+fp/hard/crtn.o
START GROUP
LOAD c:/program files (x86)/gnu tools arm embedded/9 2019-q4-major/bin/../lib/gcc/arm-none-eabi/9.2.1/thumb/v7e-m+fp/hard\libgcc.a
LOAD c:/program files (x86)/gnu tools arm embedded/9 2019-q4-major/bin/../lib/gcc/arm-none-eabi/9.2.1/../../../../arm-none-eabi/lib/thumb/v7e-m+fp/hard\libc.a
LOAD c:/program files (x86)/gnu tools arm embedded/9 2019-q4-major/bin/../lib/gcc/arm-none-eabi/9.2.1/../../../../arm-none-eabi/lib/thumb/v7e-m+fp/hard\libnosys.a
END GROUP

.igot.plt       0x200023ac        0x0 load address 0x0002cdb8
 .igot.plt      0x200023ac        0x0 c:/program files (x86)/gnu tools arm embedded/9 2019-q4-major/bin/../lib/gcc/arm-none-eabi/9.2.1/thumb/v7e-m+fp/hard/crtbegin.o
                0x200023ac                . = ALIGN (0x4)

.mem_section_dummy_ram

.cli_sorted_cmd_ptrs
                0x200023ac        0x0
                [!provide]                PROVIDE (__start_cli_sorted_cmd_ptrs = .)
 *(.cli_sorted_cmd_ptrs)
                [!provide]                PROVIDE (__stop_cli_sorted_cmd_ptrs = .)

.fs_data        0x200023ac        0x0
                [!provide]                PROVIDE (__start_fs_data = .)
 *(.fs_data)
                [!provide]                PROVIDE (__stop_fs_data = .)

.log_dynamic_data
                0x200023ac        0x0
                0x200023ac                PROVIDE (__start_log_dynamic_data = .)
 *(SORT_BY_NAME(.log_dynamic_data*))
                [!provide]                PROVIDE (__stop_log_dynamic_data = .)

.log_filter_data
                0x200023ac        0x0
                [!provide]                PROVIDE (__start_log_filter_data = .)
 *(SORT_BY_NAME(.log_filter_data*))
                [!provide]                PROVIDE (__stop_log_filter_data = .)

.bss            0x200023b0      0x950 load address 0x0002cdc0
                0x200023b0                . = ALIGN (0x4)
                0x200023b0                __bss_start__ = .
 *(.bss*)
 .bss           0x200023b0       0x1c c:/program files (x86)/gnu tools arm embedded/9 2019-q4-major/bin/../lib/gcc/arm-none-eabi/9.2.1/thumb/v7e-m+fp/hard/crtbegin.o
 .bss.m_async_mode
                0x200023cc        0x1 _build/nrf52840_xxaa/nrf_log_backend_uart.c.o
 *fill*         0x200023cd        0x3 
 .bss.m_string_buff
                0x200023d0       0x40 _build/nrf52840_xxaa/nrf_log_backend_uart.c.o
 .bss.m_xfer_done
                0x20002410        0x1 _build/nrf52840_xxaa/nrf_log_backend_uart.c.o
 *fill*         0x20002411        0x3 
 .bss.log_mempool_nrf_balloc_cb
                0x20002414        0x8 _build/nrf52840_xxaa/nrf_log_frontend.c.o
 .bss.log_mempool_nrf_balloc_pool_mem
                0x2000241c       0xc0 _build/nrf52840_xxaa/nrf_log_frontend.c.o
 .bss.log_mempool_nrf_balloc_pool_stack
                0x200024dc        0x8 _build/nrf52840_xxaa/nrf_log_frontend.c.o
 *fill*         0x200024e4        0x4 
 .bss.m_log_data
                0x200024e8      0x424 _build/nrf52840_xxaa/nrf_log_frontend.c.o
 .bss.m_log_push_ringbuf_buf
                0x2000290c       0x80 _build/nrf52840_xxaa/nrf_log_frontend.c.o
 .bss.m_log_push_ringbuf_cb
                0x2000298c       0x18 _build/nrf52840_xxaa/nrf_log_frontend.c.o
 .bss.m_button_count
                0x200029a4        0x1 _build/nrf52840_xxaa/app_button.c.o
 *fill*         0x200029a5        0x3 
 .bss.m_detection_delay
                0x200029a8        0x4 _build/nrf52840_xxaa/app_button.c.o
 *fill*         0x200029ac        0x4 
 .bss.m_detection_delay_timer_id_data
                0x200029b0       0x20 _build/nrf52840_xxaa/app_button.c.o
 .bss.m_pin_active
                0x200029d0        0x8 _build/nrf52840_xxaa/app_button.c.o
 .bss.m_pin_states
                0x200029d8       0x20 _build/nrf52840_xxaa/app_button.c.o
 .bss.mp_buttons
                0x200029f8        0x4 _build/nrf52840_xxaa/app_button.c.o
 .bss.m_app_timer_sortlist_sortlist_cb
                0x200029fc        0x4 _build/nrf52840_xxaa/app_timer2.c.o
 .bss.m_base_counter
                0x20002a00        0x8 _build/nrf52840_xxaa/app_timer2.c.o
 .bss.m_global_active
                0x20002a08        0x1 _build/nrf52840_xxaa/app_timer2.c.o
 *fill*         0x20002a09        0x3 
 .bss.m_req_fifo_data
                0x20002a0c       0x58 _build/nrf52840_xxaa/app_timer2.c.o
 .bss.m_req_fifo_inst
                0x20002a64       0x10 _build/nrf52840_xxaa/app_timer2.c.o
 *fill*         0x20002a74        0x4 
 .bss.m_stamp64
                0x20002a78        0x8 _build/nrf52840_xxaa/app_timer2.c.o
 .bss.mp_active_timer
                0x20002a80        0x4 _build/nrf52840_xxaa/app_timer2.c.o
 .bss.m_cb      0x20002a84        0x8 _build/nrf52840_xxaa/drv_rtc.c.o
 .bss.m_handlers
                0x20002a8c        0x4 _build/nrf52840_xxaa/drv_rtc.c.o
 .bss.m_handlers_iter
                0x20002a90        0x8 _build/nrf52840_xxaa/nrf_pwr_mgmt.c.o
 .bss.m_shutdown_started
                0x20002a98        0x1 _build/nrf52840_xxaa/nrf_pwr_mgmt.c.o
 *fill*         0x20002a99        0x3 
 .bss.m_sysoff_mtx
                0x20002a9c        0x4 _build/nrf52840_xxaa/nrf_pwr_mgmt.c.o
 .bss.m_clock_cb
                0x20002aa0       0x14 _build/nrf52840_xxaa/nrf_drv_clock.c.o
 .bss.m_contexts
                0x20002ab4        0x8 _build/nrf52840_xxaa/nrf_drv_uart.c.o
 .bss.m_handlers
                0x20002abc        0x8 _build/nrf52840_xxaa/nrf_drv_uart.c.o
 .bss.m_clock_cb
                0x20002ac4        0x8 _build/nrf52840_xxaa/nrfx_clock.c.o
 *fill*         0x20002acc        0x4 
 .bss.m_cb      0x20002ad0       0x6c _build/nrf52840_xxaa/nrfx_gpiote.c.o
 .bss.m_prs_box_4
                0x20002b3c        0x8 _build/nrf52840_xxaa/nrfx_prs.c.o
 *fill*         0x20002b44        0x4 
 .bss.m_cb      0x20002b48       0x2c _build/nrf52840_xxaa/nrfx_uart.c.o
 *fill*         0x20002b74        0x4 
 .bss.m_cb      0x20002b78       0x24 _build/nrf52840_xxaa/nrfx_uarte.c.o
 .bss.m_enc_advdata
                0x20002b9c       0x1f _build/nrf52840_xxaa/main.c.o
 *fill*         0x20002bbb        0x1 
 .bss.m_enc_scan_response_data
                0x20002bbc       0x1f _build/nrf52840_xxaa/main.c.o
 *fill*         0x20002bdb        0x1 
 .bss.m_gatt    0x20002bdc       0x14 _build/nrf52840_xxaa/main.c.o
 .bss.m_lbs     0x20002bf0       0x18 _build/nrf52840_xxaa/main.c.o
 .bss.m_qwr     0x20002c08        0xc _build/nrf52840_xxaa/main.c.o
 .bss.m_conn_params_config
                0x20002c14       0x1c _build/nrf52840_xxaa/ble_conn_params.c.o
 .bss.m_conn_params_instances
                0x20002c30       0x14 _build/nrf52840_xxaa/ble_conn_params.c.o
 .bss.m_preferred_conn_params
                0x20002c44        0x8 _build/nrf52840_xxaa/ble_conn_params.c.o
 *fill*         0x20002c4c        0x4 
 .bss.m_timer_data
                0x20002c50       0x20 _build/nrf52840_xxaa/ble_conn_params.c.o
 .bss.m_bcs     0x20002c70       0x7c _build/nrf52840_xxaa/ble_conn_state.c.o
 .bss.m_nrf_sdh_continue
                0x20002cec        0x1 _build/nrf52840_xxaa/nrf_sdh.c.o
 .bss.m_nrf_sdh_enabled
                0x20002ced        0x1 _build/nrf52840_xxaa/nrf_sdh.c.o
 .bss.m_nrf_sdh_suspended
                0x20002cee        0x1 _build/nrf52840_xxaa/nrf_sdh.c.o
 .bss.m_stack_is_enabled
                0x20002cef        0x1 _build/nrf52840_xxaa/nrf_sdh_ble.c.o
 *(COMMON)
 COMMON         0x20002cf0        0xc _build/nrf52840_xxaa/app_util_platform.c.o
                0x20002cf0                nrf_nvic_state
 COMMON         0x20002cfc        0x2 _build/nrf52840_xxaa/nrf_drv_uart.c.o
                0x20002cfc                nrf_drv_uart_use_easy_dma
                0x20002d00                . = ALIGN (0x4)
 *fill*         0x20002cfe        0x2 
                0x20002d00                __bss_end__ = .

.heap           0x20002d00     0x2000
                0x20002d00                __HeapBase = .
                0x20002d00                __end__ = .
                [!provide]                PROVIDE (end = .)
 *(.heap*)
 .heap          0x20002d00     0x2000 _build/nrf52840_xxaa/gcc_startup_nrf52840.S.o
                0x20004d00                __HeapLimit = .

.stack_dummy    0x20002d00     0x2000
 *(.stack*)
 .stack         0x20002d00     0x2000 _build/nrf52840_xxaa/gcc_startup_nrf52840.S.o
                0x20040000                __StackTop = (ORIGIN (RAM) + LENGTH (RAM))
                0x2003e000                __StackLimit = (__StackTop - SIZEOF (.stack_dummy))
                0x20040000                PROVIDE (__stack = __StackTop)
                0x00000001                ASSERT ((__StackLimit >= __HeapLimit), region RAM overflowed with stack)
                0x000000b0                DataInitFlashUsed = (__bss_start__ - __data_start__)
                0x00006d0c                CodeFlashUsed = (__etext - ORIGIN (FLASH))
                0x00006dbc                TotalFlashUsed = (CodeFlashUsed + DataInitFlashUsed)
                0x00000001                ASSERT ((TotalFlashUsed <= LENGTH (FLASH)), region FLASH overflowed with .data and user data)
OUTPUT(_build/nrf52840_xxaa.out elf32-littlearm)

.ARM.attributes
                0x00000000       0x30
 .ARM.attributes
                0x00000000       0x1e c:/program files (x86)/gnu tools arm embedded/9 2019-q4-major/bin/../lib/gcc/arm-none-eabi/9.2.1/thumb/v7e-m+fp/hard/crti.o
 .ARM.attributes
                0x0000001e       0x34 c:/program files (x86)/gnu tools arm embedded/9 2019-q4-major/bin/../lib/gcc/arm-none-eabi/9.2.1/thumb/v7e-m+fp/hard/crtbegin.o
 .ARM.attributes
                0x00000052       0x1c c:/program files (x86)/gnu tools arm embedded/9 2019-q4-major/bin/../lib/gcc/arm-none-eabi/9.2.1/../../../../arm-none-eabi/lib/thumb/v7e-m+fp/hard/crt0.o
 .ARM.attributes
                0x0000006e       0x20 _build/nrf52840_xxaa/gcc_startup_nrf52840.S.o
 .ARM.attributes
                0x0000008e       0x34 _build/nrf52840_xxaa/nrf_log_backend_serial.c.o
 .ARM.attributes
                0x000000c2       0x34 _build/nrf52840_xxaa/nrf_log_backend_uart.c.o
 .ARM.attributes
                0x000000f6       0x34 _build/nrf52840_xxaa/nrf_log_default_backends.c.o
 .ARM.attributes
                0x0000012a       0x34 _build/nrf52840_xxaa/nrf_log_frontend.c.o
 .ARM.attributes
                0x0000015e       0x34 _build/nrf52840_xxaa/nrf_log_str_formatter.c.o
 .ARM.attributes
                0x00000192       0x34 _build/nrf52840_xxaa/app_button.c.o
 .ARM.attributes
                0x000001c6       0x34 _build/nrf52840_xxaa/app_error.c.o
 .ARM.attributes
                0x000001fa       0x34 _build/nrf52840_xxaa/app_error_weak.c.o
 .ARM.attributes
                0x0000022e       0x34 _build/nrf52840_xxaa/app_timer2.c.o
 .ARM.attributes
                0x00000262       0x34 _build/nrf52840_xxaa/app_util_platform.c.o
 .ARM.attributes
                0x00000296       0x34 _build/nrf52840_xxaa/drv_rtc.c.o
 .ARM.attributes
                0x000002ca       0x34 _build/nrf52840_xxaa/nrf_atfifo.c.o
 .ARM.attributes
                0x000002fe       0x34 _build/nrf52840_xxaa/nrf_atflags.c.o
 .ARM.attributes
                0x00000332       0x34 _build/nrf52840_xxaa/nrf_atomic.c.o
 .ARM.attributes
                0x00000366       0x34 _build/nrf52840_xxaa/nrf_balloc.c.o
 .ARM.attributes
                0x0000039a       0x34 _build/nrf52840_xxaa/nrf_fprintf.c.o
 .ARM.attributes
                0x000003ce       0x34 _build/nrf52840_xxaa/nrf_fprintf_format.c.o
 .ARM.attributes
                0x00000402       0x34 _build/nrf52840_xxaa/nrf_memobj.c.o
 .ARM.attributes
                0x00000436       0x34 _build/nrf52840_xxaa/nrf_pwr_mgmt.c.o
 .ARM.attributes
                0x0000046a       0x34 _build/nrf52840_xxaa/nrf_ringbuf.c.o
 .ARM.attributes
                0x0000049e       0x34 _build/nrf52840_xxaa/nrf_section_iter.c.o
 .ARM.attributes
                0x000004d2       0x34 _build/nrf52840_xxaa/nrf_sortlist.c.o
 .ARM.attributes
                0x00000506       0x34 _build/nrf52840_xxaa/nrf_strerror.c.o
 .ARM.attributes
                0x0000053a       0x34 _build/nrf52840_xxaa/system_nrf52840.c.o
 .ARM.attributes
                0x0000056e       0x34 _build/nrf52840_xxaa/boards.c.o
 .ARM.attributes
                0x000005a2       0x34 _build/nrf52840_xxaa/nrf_drv_clock.c.o
 .ARM.attributes
                0x000005d6       0x34 _build/nrf52840_xxaa/nrf_drv_uart.c.o
 .ARM.attributes
                0x0000060a       0x34 _build/nrf52840_xxaa/nrfx_clock.c.o
 .ARM.attributes
                0x0000063e       0x34 _build/nrf52840_xxaa/nrfx_gpiote.c.o
 .ARM.attributes
                0x00000672       0x34 _build/nrf52840_xxaa/nrfx_prs.c.o
 .ARM.attributes
                0x000006a6       0x34 _build/nrf52840_xxaa/nrfx_uart.c.o
 .ARM.attributes
                0x000006da       0x34 _build/nrf52840_xxaa/nrfx_uarte.c.o
 .ARM.attributes
                0x0000070e       0x34 _build/nrf52840_xxaa/main.c.o
 .ARM.attributes
                0x00000742       0x34 _build/nrf52840_xxaa/ble_advdata.c.o
 .ARM.attributes
                0x00000776       0x34 _build/nrf52840_xxaa/ble_conn_params.c.o
 .ARM.attributes
                0x000007aa       0x34 _build/nrf52840_xxaa/ble_conn_state.c.o
 .ARM.attributes
                0x000007de       0x34 _build/nrf52840_xxaa/ble_srv_common.c.o
 .ARM.attributes
                0x00000812       0x34 _build/nrf52840_xxaa/nrf_ble_gatt.c.o
 .ARM.attributes
                0x00000846       0x34 _build/nrf52840_xxaa/nrf_ble_qwr.c.o
 .ARM.attributes
                0x0000087a       0x34 _build/nrf52840_xxaa/ble_lbs.c.o
 .ARM.attributes
                0x000008ae       0x34 _build/nrf52840_xxaa/nrf_sdh.c.o
 .ARM.attributes
                0x000008e2       0x34 _build/nrf52840_xxaa/nrf_sdh_ble.c.o
 .ARM.attributes
                0x00000916       0x34 _build/nrf52840_xxaa/nrf_sdh_soc.c.o
 .ARM.attributes
                0x0000094a       0x32 c:/program files (x86)/gnu tools arm embedded/9 2019-q4-major/bin/../lib/gcc/arm-none-eabi/9.2.1/../../../../arm-none-eabi/lib/thumb/v7e-m+fp/hard\libc_nano.a(lib_a-ctype_.o)
 .ARM.attributes
                0x0000097c       0x34 c:/program files (x86)/gnu tools arm embedded/9 2019-q4-major/bin/../lib/gcc/arm-none-eabi/9.2.1/../../../../arm-none-eabi/lib/thumb/v7e-m+fp/hard\libc_nano.a(lib_a-exit.o)
 .ARM.attributes
                0x000009b0       0x32 c:/program files (x86)/gnu tools arm embedded/9 2019-q4-major/bin/../lib/gcc/arm-none-eabi/9.2.1/../../../../arm-none-eabi/lib/thumb/v7e-m+fp/hard\libc_nano.a(lib_a-impure.o)
 .ARM.attributes
                0x000009e2       0x34 c:/program files (x86)/gnu tools arm embedded/9 2019-q4-major/bin/../lib/gcc/arm-none-eabi/9.2.1/../../../../arm-none-eabi/lib/thumb/v7e-m+fp/hard\libc_nano.a(lib_a-init.o)
 .ARM.attributes
                0x00000a16       0x34 c:/program files (x86)/gnu tools arm embedded/9 2019-q4-major/bin/../lib/gcc/arm-none-eabi/9.2.1/../../../../arm-none-eabi/lib/thumb/v7e-m+fp/hard\libc_nano.a(lib_a-memcpy-stub.o)
 .ARM.attributes
                0x00000a4a       0x34 c:/program files (x86)/gnu tools arm embedded/9 2019-q4-major/bin/../lib/gcc/arm-none-eabi/9.2.1/../../../../arm-none-eabi/lib/thumb/v7e-m+fp/hard\libc_nano.a(lib_a-memset.o)
 .ARM.attributes
                0x00000a7e       0x17 c:/program files (x86)/gnu tools arm embedded/9 2019-q4-major/bin/../lib/gcc/arm-none-eabi/9.2.1/../../../../arm-none-eabi/lib/thumb/v7e-m+fp/hard\libc_nano.a(lib_a-strlen.o)
 .ARM.attributes
                0x00000a95       0x34 c:/program files (x86)/gnu tools arm embedded/9 2019-q4-major/bin/../lib/gcc/arm-none-eabi/9.2.1/../../../../arm-none-eabi/lib/thumb/v7e-m+fp/hard\libnosys.a(_exit.o)
 .ARM.attributes
                0x00000ac9       0x32 c:/program files (x86)/gnu tools arm embedded/9 2019-q4-major/bin/../lib/gcc/arm-none-eabi/9.2.1/thumb/v7e-m+fp/hard/crtend.o
 .ARM.attributes
                0x00000afb       0x1e c:/program files (x86)/gnu tools arm embedded/9 2019-q4-major/bin/../lib/gcc/arm-none-eabi/9.2.1/thumb/v7e-m+fp/hard/crtn.o

.comment        0x00000000       0x79
 .comment       0x00000000       0x79 _build/nrf52840_xxaa/nrf_log_backend_serial.c.o
                                 0x7a (size before relaxing)
 .comment       0x00000079       0x7a _build/nrf52840_xxaa/nrf_log_backend_uart.c.o
 .comment       0x00000079       0x7a _build/nrf52840_xxaa/nrf_log_default_backends.c.o
 .comment       0x00000079       0x7a _build/nrf52840_xxaa/nrf_log_frontend.c.o
 .comment       0x00000079       0x7a _build/nrf52840_xxaa/nrf_log_str_formatter.c.o
 .comment       0x00000079       0x7a _build/nrf52840_xxaa/app_button.c.o
 .comment       0x00000079       0x7a _build/nrf52840_xxaa/app_error.c.o
 .comment       0x00000079       0x7a _build/nrf52840_xxaa/app_error_weak.c.o
 .comment       0x00000079       0x7a _build/nrf52840_xxaa/app_timer2.c.o
 .comment       0x00000079       0x7a _build/nrf52840_xxaa/app_util_platform.c.o
 .comment       0x00000079       0x7a _build/nrf52840_xxaa/drv_rtc.c.o
 .comment       0x00000079       0x7a _build/nrf52840_xxaa/nrf_atfifo.c.o
 .comment       0x00000079       0x7a _build/nrf52840_xxaa/nrf_atflags.c.o
 .comment       0x00000079       0x7a _build/nrf52840_xxaa/nrf_atomic.c.o
 .comment       0x00000079       0x7a _build/nrf52840_xxaa/nrf_balloc.c.o
 .comment       0x00000079       0x7a _build/nrf52840_xxaa/nrf_fprintf.c.o
 .comment       0x00000079       0x7a _build/nrf52840_xxaa/nrf_fprintf_format.c.o
 .comment       0x00000079       0x7a _build/nrf52840_xxaa/nrf_memobj.c.o
 .comment       0x00000079       0x7a _build/nrf52840_xxaa/nrf_pwr_mgmt.c.o
 .comment       0x00000079       0x7a _build/nrf52840_xxaa/nrf_ringbuf.c.o
 .comment       0x00000079       0x7a _build/nrf52840_xxaa/nrf_section_iter.c.o
 .comment       0x00000079       0x7a _build/nrf52840_xxaa/nrf_sortlist.c.o
 .comment       0x00000079       0x7a _build/nrf52840_xxaa/nrf_strerror.c.o
 .comment       0x00000079       0x7a _build/nrf52840_xxaa/system_nrf52840.c.o
 .comment       0x00000079       0x7a _build/nrf52840_xxaa/boards.c.o
 .comment       0x00000079       0x7a _build/nrf52840_xxaa/nrf_drv_clock.c.o
 .comment       0x00000079       0x7a _build/nrf52840_xxaa/nrf_drv_uart.c.o
 .comment       0x00000079       0x7a _build/nrf52840_xxaa/nrfx_clock.c.o
 .comment       0x00000079       0x7a _build/nrf52840_xxaa/nrfx_gpiote.c.o
 .comment       0x00000079       0x7a _build/nrf52840_xxaa/nrfx_prs.c.o
 .comment       0x00000079       0x7a _build/nrf52840_xxaa/nrfx_uart.c.o
 .comment       0x00000079       0x7a _build/nrf52840_xxaa/nrfx_uarte.c.o
 .comment       0x00000079       0x7a _build/nrf52840_xxaa/main.c.o
 .comment       0x00000079       0x7a _build/nrf52840_xxaa/ble_advdata.c.o
 .comment       0x00000079       0x7a _build/nrf52840_xxaa/ble_conn_params.c.o
 .comment       0x00000079       0x7a _build/nrf52840_xxaa/ble_conn_state.c.o
 .comment       0x00000079       0x7a _build/nrf52840_xxaa/ble_srv_common.c.o
 .comment       0x00000079       0x7a _build/nrf52840_xxaa/nrf_ble_gatt.c.o
 .comment       0x00000079       0x7a _build/nrf52840_xxaa/nrf_ble_qwr.c.o
 .comment       0x00000079       0x7a _build/nrf52840_xxaa/ble_lbs.c.o
 .comment       0x00000079       0x7a _build/nrf52840_xxaa/nrf_sdh.c.o
 .comment       0x00000079       0x7a _build/nrf52840_xxaa/nrf_sdh_ble.c.o
 .comment       0x00000079       0x7a _build/nrf52840_xxaa/nrf_sdh_soc.c.o

.debug_line     0x00000000    0x279f0
 .debug_line    0x00000000       0x89 _build/nrf52840_xxaa/gcc_startup_nrf52840.S.o
 .debug_line    0x00000089      0x95c _build/nrf52840_xxaa/nrf_log_backend_serial.c.o
 .debug_line    0x000009e5      0xc89 _build/nrf52840_xxaa/nrf_log_backend_uart.c.o
 .debug_line    0x0000166e      0x837 _build/nrf52840_xxaa/nrf_log_default_backends.c.o
 .debug_line    0x00001ea5     0x2d91 _build/nrf52840_xxaa/nrf_log_frontend.c.o
 .debug_line    0x00004c36      0xa93 _build/nrf52840_xxaa/nrf_log_str_formatter.c.o
 .debug_line    0x000056c9     0x133e _build/nrf52840_xxaa/app_button.c.o
 .debug_line    0x00006a07      0x5e7 _build/nrf52840_xxaa/app_error.c.o
 .debug_line    0x00006fee      0x93f _build/nrf52840_xxaa/app_error_weak.c.o
 .debug_line    0x0000792d     0x124f _build/nrf52840_xxaa/app_timer2.c.o
 .debug_line    0x00008b7c      0x825 _build/nrf52840_xxaa/app_util_platform.c.o
 .debug_line    0x000093a1     0x1563 _build/nrf52840_xxaa/drv_rtc.c.o
 .debug_line    0x0000a904      0xb0b _build/nrf52840_xxaa/nrf_atfifo.c.o
 .debug_line    0x0000b40f      0x8e8 _build/nrf52840_xxaa/nrf_atflags.c.o
 .debug_line    0x0000bcf7      0x953 _build/nrf52840_xxaa/nrf_atomic.c.o
 .debug_line    0x0000c64a      0x984 _build/nrf52840_xxaa/nrf_balloc.c.o
 .debug_line    0x0000cfce      0x60f _build/nrf52840_xxaa/nrf_fprintf.c.o
 .debug_line    0x0000d5dd      0xfe9 _build/nrf52840_xxaa/nrf_fprintf_format.c.o
 .debug_line    0x0000e5c6      0xc1e _build/nrf52840_xxaa/nrf_memobj.c.o
 .debug_line    0x0000f1e4      0xf77 _build/nrf52840_xxaa/nrf_pwr_mgmt.c.o
 .debug_line    0x0001015b      0xa7e _build/nrf52840_xxaa/nrf_ringbuf.c.o
 .debug_line    0x00010bd9      0x625 _build/nrf52840_xxaa/nrf_section_iter.c.o
 .debug_line    0x000111fe      0x811 _build/nrf52840_xxaa/nrf_sortlist.c.o
 .debug_line    0x00011a0f      0x676 _build/nrf52840_xxaa/nrf_strerror.c.o
 .debug_line    0x00012085      0x77d _build/nrf52840_xxaa/system_nrf52840.c.o
 .debug_line    0x00012802      0xe43 _build/nrf52840_xxaa/boards.c.o
 .debug_line    0x00013645     0x1249 _build/nrf52840_xxaa/nrf_drv_clock.c.o
 .debug_line    0x0001488e      0x91f _build/nrf52840_xxaa/nrf_drv_uart.c.o
 .debug_line    0x000151ad      0xfc8 _build/nrf52840_xxaa/nrfx_clock.c.o
 .debug_line    0x00016175     0x3475 _build/nrf52840_xxaa/nrfx_gpiote.c.o
 .debug_line    0x000195ea      0xa09 _build/nrf52840_xxaa/nrfx_prs.c.o
 .debug_line    0x00019ff3     0x1fe1 _build/nrf52840_xxaa/nrfx_uart.c.o
 .debug_line    0x0001bfd4     0x1ebc _build/nrf52840_xxaa/nrfx_uarte.c.o
 .debug_line    0x0001de90     0x152e _build/nrf52840_xxaa/main.c.o
 .debug_line    0x0001f3be     0x143c _build/nrf52840_xxaa/ble_advdata.c.o
 .debug_line    0x000207fa      0xf38 _build/nrf52840_xxaa/ble_conn_params.c.o
 .debug_line    0x00021732     0x1258 _build/nrf52840_xxaa/ble_conn_state.c.o
 .debug_line    0x0002298a      0xb2d _build/nrf52840_xxaa/ble_srv_common.c.o
 .debug_line    0x000234b7      0xdd5 _build/nrf52840_xxaa/nrf_ble_gatt.c.o
 .debug_line    0x0002428c      0x919 _build/nrf52840_xxaa/nrf_ble_qwr.c.o
 .debug_line    0x00024ba5      0x96b _build/nrf52840_xxaa/ble_lbs.c.o
 .debug_line    0x00025510     0x1073 _build/nrf52840_xxaa/nrf_sdh.c.o
 .debug_line    0x00026583      0xc00 _build/nrf52840_xxaa/nrf_sdh_ble.c.o
 .debug_line    0x00027183      0x86d _build/nrf52840_xxaa/nrf_sdh_soc.c.o

.debug_info     0x00000000    0x54f33
 .debug_info    0x00000000       0x26 _build/nrf52840_xxaa/gcc_startup_nrf52840.S.o
 .debug_info    0x00000026     0x124c _build/nrf52840_xxaa/nrf_log_backend_serial.c.o
 .debug_info    0x00001272     0x1cc5 _build/nrf52840_xxaa/nrf_log_backend_uart.c.o
 .debug_info    0x00002f37      0xd9e _build/nrf52840_xxaa/nrf_log_default_backends.c.o
 .debug_info    0x00003cd5     0x46b8 _build/nrf52840_xxaa/nrf_log_frontend.c.o
 .debug_info    0x0000838d     0x1431 _build/nrf52840_xxaa/nrf_log_str_formatter.c.o
 .debug_info    0x000097be     0x1d42 _build/nrf52840_xxaa/app_button.c.o
 .debug_info    0x0000b500      0xbac _build/nrf52840_xxaa/app_error.c.o
 .debug_info    0x0000c0ac     0x1026 _build/nrf52840_xxaa/app_error_weak.c.o
 .debug_info    0x0000d0d2     0x220f _build/nrf52840_xxaa/app_timer2.c.o
 .debug_info    0x0000f2e1     0x1319 _build/nrf52840_xxaa/app_util_platform.c.o
 .debug_info    0x000105fa     0x2ad7 _build/nrf52840_xxaa/drv_rtc.c.o
 .debug_info    0x000130d1     0x158b _build/nrf52840_xxaa/nrf_atfifo.c.o
 .debug_info    0x0001465c      0xf4f _build/nrf52840_xxaa/nrf_atflags.c.o
 .debug_info    0x000155ab     0x13e4 _build/nrf52840_xxaa/nrf_atomic.c.o
 .debug_info    0x0001698f      0xea4 _build/nrf52840_xxaa/nrf_balloc.c.o
 .debug_info    0x00017833      0xb51 _build/nrf52840_xxaa/nrf_fprintf.c.o
 .debug_info    0x00018384     0x157d _build/nrf52840_xxaa/nrf_fprintf_format.c.o
 .debug_info    0x00019901     0x161b _build/nrf52840_xxaa/nrf_memobj.c.o
 .debug_info    0x0001af1c     0x1ee2 _build/nrf52840_xxaa/nrf_pwr_mgmt.c.o
 .debug_info    0x0001cdfe      0xf8b _build/nrf52840_xxaa/nrf_ringbuf.c.o
 .debug_info    0x0001dd89      0xac1 _build/nrf52840_xxaa/nrf_section_iter.c.o
 .debug_info    0x0001e84a      0xd6d _build/nrf52840_xxaa/nrf_sortlist.c.o
 .debug_info    0x0001f5b7      0xb76 _build/nrf52840_xxaa/nrf_strerror.c.o
 .debug_info    0x0002012d     0x1502 _build/nrf52840_xxaa/system_nrf52840.c.o
 .debug_info    0x0002162f     0x1874 _build/nrf52840_xxaa/boards.c.o
 .debug_info    0x00022ea3     0x2156 _build/nrf52840_xxaa/nrf_drv_clock.c.o
 .debug_info    0x00024ff9     0x1b27 _build/nrf52840_xxaa/nrf_drv_uart.c.o
 .debug_info    0x00026b20     0x1ce7 _build/nrf52840_xxaa/nrfx_clock.c.o
 .debug_info    0x00028807     0x4685 _build/nrf52840_xxaa/nrfx_gpiote.c.o
 .debug_info    0x0002ce8c     0x1200 _build/nrf52840_xxaa/nrfx_prs.c.o
 .debug_info    0x0002e08c     0x42d3 _build/nrf52840_xxaa/nrfx_uart.c.o
 .debug_info    0x0003235f     0x41dd _build/nrf52840_xxaa/nrfx_uarte.c.o
 .debug_info    0x0003653c     0x492e _build/nrf52840_xxaa/main.c.o
 .debug_info    0x0003ae6a     0x2964 _build/nrf52840_xxaa/ble_advdata.c.o
 .debug_info    0x0003d7ce     0x372d _build/nrf52840_xxaa/ble_conn_params.c.o
 .debug_info    0x00040efb     0x39c9 _build/nrf52840_xxaa/ble_conn_state.c.o
 .debug_info    0x000448c4     0x1702 _build/nrf52840_xxaa/ble_srv_common.c.o
 .debug_info    0x00045fc6     0x33ff _build/nrf52840_xxaa/nrf_ble_gatt.c.o
 .debug_info    0x000493c5     0x29b7 _build/nrf52840_xxaa/nrf_ble_qwr.c.o
 .debug_info    0x0004bd7c     0x2bb0 _build/nrf52840_xxaa/ble_lbs.c.o
 .debug_info    0x0004e92c     0x2077 _build/nrf52840_xxaa/nrf_sdh.c.o
 .debug_info    0x000509a3     0x360a _build/nrf52840_xxaa/nrf_sdh_ble.c.o
 .debug_info    0x00053fad      0xf86 _build/nrf52840_xxaa/nrf_sdh_soc.c.o

.debug_abbrev   0x00000000     0xad4b
 .debug_abbrev  0x00000000       0x14 _build/nrf52840_xxaa/gcc_startup_nrf52840.S.o
 .debug_abbrev  0x00000014      0x2cc _build/nrf52840_xxaa/nrf_log_backend_serial.c.o
 .debug_abbrev  0x000002e0      0x41d _build/nrf52840_xxaa/nrf_log_backend_uart.c.o
 .debug_abbrev  0x000006fd      0x294 _build/nrf52840_xxaa/nrf_log_default_backends.c.o
 .debug_abbrev  0x00000991      0x61e _build/nrf52840_xxaa/nrf_log_frontend.c.o
 .debug_abbrev  0x00000faf      0x320 _build/nrf52840_xxaa/nrf_log_str_formatter.c.o
 .debug_abbrev  0x000012cf      0x46d _build/nrf52840_xxaa/app_button.c.o
 .debug_abbrev  0x0000173c      0x276 _build/nrf52840_xxaa/app_error.c.o
 .debug_abbrev  0x000019b2      0x2e9 _build/nrf52840_xxaa/app_error_weak.c.o
 .debug_abbrev  0x00001c9b      0x58f _build/nrf52840_xxaa/app_timer2.c.o
 .debug_abbrev  0x0000222a      0x3df _build/nrf52840_xxaa/app_util_platform.c.o
 .debug_abbrev  0x00002609      0x5b0 _build/nrf52840_xxaa/drv_rtc.c.o
 .debug_abbrev  0x00002bb9      0x3b9 _build/nrf52840_xxaa/nrf_atfifo.c.o
 .debug_abbrev  0x00002f72      0x367 _build/nrf52840_xxaa/nrf_atflags.c.o
 .debug_abbrev  0x000032d9      0x378 _build/nrf52840_xxaa/nrf_atomic.c.o
 .debug_abbrev  0x00003651      0x34d _build/nrf52840_xxaa/nrf_balloc.c.o
 .debug_abbrev  0x0000399e      0x27d _build/nrf52840_xxaa/nrf_fprintf.c.o
 .debug_abbrev  0x00003c1b      0x3fa _build/nrf52840_xxaa/nrf_fprintf_format.c.o
 .debug_abbrev  0x00004015      0x397 _build/nrf52840_xxaa/nrf_memobj.c.o
 .debug_abbrev  0x000043ac      0x4ff _build/nrf52840_xxaa/nrf_pwr_mgmt.c.o
 .debug_abbrev  0x000048ab      0x2b2 _build/nrf52840_xxaa/nrf_ringbuf.c.o
 .debug_abbrev  0x00004b5d      0x206 _build/nrf52840_xxaa/nrf_section_iter.c.o
 .debug_abbrev  0x00004d63      0x284 _build/nrf52840_xxaa/nrf_sortlist.c.o
 .debug_abbrev  0x00004fe7      0x29c _build/nrf52840_xxaa/nrf_strerror.c.o
 .debug_abbrev  0x00005283      0x23e _build/nrf52840_xxaa/system_nrf52840.c.o
 .debug_abbrev  0x000054c1      0x46e _build/nrf52840_xxaa/boards.c.o
 .debug_abbrev  0x0000592f      0x5e9 _build/nrf52840_xxaa/nrf_drv_clock.c.o
 .debug_abbrev  0x00005f18      0x2da _build/nrf52840_xxaa/nrf_drv_uart.c.o
 .debug_abbrev  0x000061f2      0x537 _build/nrf52840_xxaa/nrfx_clock.c.o
 .debug_abbrev  0x00006729      0x5b2 _build/nrf52840_xxaa/nrfx_gpiote.c.o
 .debug_abbrev  0x00006cdb      0x362 _build/nrf52840_xxaa/nrfx_prs.c.o
 .debug_abbrev  0x0000703d      0x576 _build/nrf52840_xxaa/nrfx_uart.c.o
 .debug_abbrev  0x000075b3      0x54a _build/nrf52840_xxaa/nrfx_uarte.c.o
 .debug_abbrev  0x00007afd      0x4fc _build/nrf52840_xxaa/main.c.o
 .debug_abbrev  0x00007ff9      0x4a6 _build/nrf52840_xxaa/ble_advdata.c.o
 .debug_abbrev  0x0000849f      0x587 _build/nrf52840_xxaa/ble_conn_params.c.o
 .debug_abbrev  0x00008a26      0x5c2 _build/nrf52840_xxaa/ble_conn_state.c.o
 .debug_abbrev  0x00008fe8      0x3be _build/nrf52840_xxaa/ble_srv_common.c.o
 .debug_abbrev  0x000093a6      0x4da _build/nrf52840_xxaa/nrf_ble_gatt.c.o
 .debug_abbrev  0x00009880      0x3ee _build/nrf52840_xxaa/nrf_ble_qwr.c.o
 .debug_abbrev  0x00009c6e      0x3df _build/nrf52840_xxaa/ble_lbs.c.o
 .debug_abbrev  0x0000a04d      0x55c _build/nrf52840_xxaa/nrf_sdh.c.o
 .debug_abbrev  0x0000a5a9      0x4b1 _build/nrf52840_xxaa/nrf_sdh_ble.c.o
 .debug_abbrev  0x0000aa5a      0x2f1 _build/nrf52840_xxaa/nrf_sdh_soc.c.o

.debug_aranges  0x00000000      0xf30
 .debug_aranges
                0x00000000       0x20 _build/nrf52840_xxaa/gcc_startup_nrf52840.S.o
 .debug_aranges
                0x00000020       0x20 _build/nrf52840_xxaa/nrf_log_backend_serial.c.o
 .debug_aranges
                0x00000040       0x48 _build/nrf52840_xxaa/nrf_log_backend_uart.c.o
 .debug_aranges
                0x00000088       0x20 _build/nrf52840_xxaa/nrf_log_default_backends.c.o
 .debug_aranges
                0x000000a8       0xb8 _build/nrf52840_xxaa/nrf_log_frontend.c.o
 .debug_aranges
                0x00000160       0x38 _build/nrf52840_xxaa/nrf_log_str_formatter.c.o
 .debug_aranges
                0x00000198       0x50 _build/nrf52840_xxaa/app_button.c.o
 .debug_aranges
                0x000001e8       0x28 _build/nrf52840_xxaa/app_error.c.o
 .debug_aranges
                0x00000210       0x20 _build/nrf52840_xxaa/app_error_weak.c.o
 .debug_aranges
                0x00000230       0x70 _build/nrf52840_xxaa/app_timer2.c.o
 .debug_aranges
                0x000002a0       0x48 _build/nrf52840_xxaa/app_util_platform.c.o
 .debug_aranges
                0x000002e8       0xa8 _build/nrf52840_xxaa/drv_rtc.c.o
 .debug_aranges
                0x00000390       0x58 _build/nrf52840_xxaa/nrf_atfifo.c.o
 .debug_aranges
                0x000003e8       0x58 _build/nrf52840_xxaa/nrf_atflags.c.o
 .debug_aranges
                0x00000440       0xb0 _build/nrf52840_xxaa/nrf_atomic.c.o
 .debug_aranges
                0x000004f0       0x30 _build/nrf52840_xxaa/nrf_balloc.c.o
 .debug_aranges
                0x00000520       0x28 _build/nrf52840_xxaa/nrf_fprintf.c.o
 .debug_aranges
                0x00000548       0x28 _build/nrf52840_xxaa/nrf_fprintf_format.c.o
 .debug_aranges
                0x00000570       0x50 _build/nrf52840_xxaa/nrf_memobj.c.o
 .debug_aranges
                0x000005c0       0x48 _build/nrf52840_xxaa/nrf_pwr_mgmt.c.o
 .debug_aranges
                0x00000608       0x50 _build/nrf52840_xxaa/nrf_ringbuf.c.o
 .debug_aranges
                0x00000658       0x28 _build/nrf52840_xxaa/nrf_section_iter.c.o
 .debug_aranges
                0x00000680       0x40 _build/nrf52840_xxaa/nrf_sortlist.c.o
 .debug_aranges
                0x000006c0       0x28 _build/nrf52840_xxaa/nrf_strerror.c.o
 .debug_aranges
                0x000006e8       0x30 _build/nrf52840_xxaa/system_nrf52840.c.o
 .debug_aranges
                0x00000718       0x78 _build/nrf52840_xxaa/boards.c.o
 .debug_aranges
                0x00000790       0xa8 _build/nrf52840_xxaa/nrf_drv_clock.c.o
 .debug_aranges
                0x00000838       0x30 _build/nrf52840_xxaa/nrf_drv_uart.c.o
 .debug_aranges
                0x00000868       0x78 _build/nrf52840_xxaa/nrfx_clock.c.o
 .debug_aranges
                0x000008e0       0xd8 _build/nrf52840_xxaa/nrfx_gpiote.c.o
 .debug_aranges
                0x000009b8       0x30 _build/nrf52840_xxaa/nrfx_prs.c.o
 .debug_aranges
                0x000009e8       0x78 _build/nrf52840_xxaa/nrfx_uart.c.o
 .debug_aranges
                0x00000a60       0x68 _build/nrf52840_xxaa/nrfx_uarte.c.o
 .debug_aranges
                0x00000ac8       0x90 _build/nrf52840_xxaa/main.c.o
 .debug_aranges
                0x00000b58       0x78 _build/nrf52840_xxaa/ble_advdata.c.o
 .debug_aranges
                0x00000bd0       0x60 _build/nrf52840_xxaa/ble_conn_params.c.o
 .debug_aranges
                0x00000c30       0xc8 _build/nrf52840_xxaa/ble_conn_state.c.o
 .debug_aranges
                0x00000cf8       0x58 _build/nrf52840_xxaa/ble_srv_common.c.o
 .debug_aranges
                0x00000d50       0x70 _build/nrf52840_xxaa/nrf_ble_gatt.c.o
 .debug_aranges
                0x00000dc0       0x40 _build/nrf52840_xxaa/nrf_ble_qwr.c.o
 .debug_aranges
                0x00000e00       0x48 _build/nrf52840_xxaa/ble_lbs.c.o
 .debug_aranges
                0x00000e48       0x70 _build/nrf52840_xxaa/nrf_sdh.c.o
 .debug_aranges
                0x00000eb8       0x50 _build/nrf52840_xxaa/nrf_sdh_ble.c.o
 .debug_aranges
                0x00000f08       0x28 _build/nrf52840_xxaa/nrf_sdh_soc.c.o

.debug_str      0x00000000    0xad6db
 .debug_str     0x00000000       0xe8 _build/nrf52840_xxaa/gcc_startup_nrf52840.S.o
 .debug_str     0x000000e8    0x8abaa _build/nrf52840_xxaa/nrf_log_backend_serial.c.o
                              0x8d3cc (size before relaxing)
 .debug_str     0x0008ac92     0x8591 _build/nrf52840_xxaa/nrf_log_backend_uart.c.o
                              0x95453 (size before relaxing)
 .debug_str     0x00093223      0x11c _build/nrf52840_xxaa/nrf_log_default_backends.c.o
                              0x8d183 (size before relaxing)
 .debug_str     0x0009333f     0x136b _build/nrf52840_xxaa/nrf_log_frontend.c.o
                              0x8e63a (size before relaxing)
 .debug_str     0x000946aa      0x6a6 _build/nrf52840_xxaa/nrf_log_str_formatter.c.o
                              0x8d8ee (size before relaxing)
 .debug_str     0x00094d50     0x1a92 _build/nrf52840_xxaa/app_button.c.o
                              0x951da (size before relaxing)
 .debug_str     0x000967e2       0xf4 _build/nrf52840_xxaa/app_error.c.o
                              0x7812e (size before relaxing)
 .debug_str     0x000968d6      0xa52 _build/nrf52840_xxaa/app_error_weak.c.o
                              0x8e1c5 (size before relaxing)
 .debug_str     0x00097328     0x113b _build/nrf52840_xxaa/app_timer2.c.o
                              0x94ecb (size before relaxing)
 .debug_str     0x00098463      0x298 _build/nrf52840_xxaa/app_util_platform.c.o
                              0x7955e (size before relaxing)
 .debug_str     0x000986fb      0x7ad _build/nrf52840_xxaa/drv_rtc.c.o
                              0x9482a (size before relaxing)
 .debug_str     0x00098ea8      0x15c _build/nrf52840_xxaa/nrf_atfifo.c.o
                              0x8b118 (size before relaxing)
 .debug_str     0x00099004      0x3c4 _build/nrf52840_xxaa/nrf_atflags.c.o
                              0x884de (size before relaxing)
 .debug_str     0x000993c8      0x65b _build/nrf52840_xxaa/nrf_atomic.c.o
                              0x88839 (size before relaxing)
 .debug_str     0x00099a23      0x154 _build/nrf52840_xxaa/nrf_balloc.c.o
                              0x8d17d (size before relaxing)
 .debug_str     0x00099b77      0x144 _build/nrf52840_xxaa/nrf_fprintf.c.o
                              0x88492 (size before relaxing)
 .debug_str     0x00099cbb      0x511 _build/nrf52840_xxaa/nrf_fprintf_format.c.o
                              0x8897b (size before relaxing)
 .debug_str     0x0009a1cc      0x1a5 _build/nrf52840_xxaa/nrf_memobj.c.o
                              0x8b535 (size before relaxing)
 .debug_str     0x0009a371     0x17c2 _build/nrf52840_xxaa/nrf_pwr_mgmt.c.o
                              0x96765 (size before relaxing)
 .debug_str     0x0009bb33       0xdc _build/nrf52840_xxaa/nrf_ringbuf.c.o
                              0x89c27 (size before relaxing)
 .debug_str     0x0009bc0f       0x54 _build/nrf52840_xxaa/nrf_section_iter.c.o
                              0x88661 (size before relaxing)
 .debug_str     0x0009bc63       0xc5 _build/nrf52840_xxaa/nrf_sortlist.c.o
                              0x8ad67 (size before relaxing)
 .debug_str     0x0009bd28       0xed _build/nrf52840_xxaa/nrf_strerror.c.o
                              0x881fe (size before relaxing)
 .debug_str     0x0009be15      0x487 _build/nrf52840_xxaa/system_nrf52840.c.o
                              0x73d5e (size before relaxing)
 .debug_str     0x0009c29c     0x1596 _build/nrf52840_xxaa/boards.c.o
                              0x91e6c (size before relaxing)
 .debug_str     0x0009d832      0xea5 _build/nrf52840_xxaa/nrf_drv_clock.c.o
                              0x9541f (size before relaxing)
 .debug_str     0x0009e6d7      0x45c _build/nrf52840_xxaa/nrf_drv_uart.c.o
                              0x91c30 (size before relaxing)
 .debug_str     0x0009eb33      0x79f _build/nrf52840_xxaa/nrfx_clock.c.o
                              0x9475f (size before relaxing)
 .debug_str     0x0009f2d2      0xce2 _build/nrf52840_xxaa/nrfx_gpiote.c.o
                              0x95a0b (size before relaxing)
 .debug_str     0x0009ffb4      0x334 _build/nrf52840_xxaa/nrfx_prs.c.o
                              0x93ea6 (size before relaxing)
 .debug_str     0x000a02e8      0x6a7 _build/nrf52840_xxaa/nrfx_uart.c.o
                              0x9507e (size before relaxing)
 .debug_str     0x000a098f      0x96a _build/nrf52840_xxaa/nrfx_uarte.c.o
                              0x95512 (size before relaxing)
 .debug_str     0x000a12f9     0x98ce _build/nrf52840_xxaa/main.c.o
                              0xa0707 (size before relaxing)
 .debug_str     0x000aabc7      0x56f _build/nrf52840_xxaa/ble_advdata.c.o
                              0x8f701 (size before relaxing)
 .debug_str     0x000ab136      0x37a _build/nrf52840_xxaa/ble_conn_params.c.o
                              0x92593 (size before relaxing)
 .debug_str     0x000ab4b0      0x861 _build/nrf52840_xxaa/ble_conn_state.c.o
                              0x911d8 (size before relaxing)
 .debug_str     0x000abd11      0x47c _build/nrf52840_xxaa/ble_srv_common.c.o
                              0x868dd (size before relaxing)
 .debug_str     0x000ac18d      0x4d2 _build/nrf52840_xxaa/nrf_ble_gatt.c.o
                              0x92018 (size before relaxing)
 .debug_str     0x000ac65f      0x209 _build/nrf52840_xxaa/nrf_ble_qwr.c.o
                              0x901c4 (size before relaxing)
 .debug_str     0x000ac868      0x105 _build/nrf52840_xxaa/ble_lbs.c.o
                              0x90781 (size before relaxing)
 .debug_str     0x000ac96d      0x4f4 _build/nrf52840_xxaa/nrf_sdh.c.o
                              0x8dbf1 (size before relaxing)
 .debug_str     0x000ace61      0x6f6 _build/nrf52840_xxaa/nrf_sdh_ble.c.o
                              0x92c68 (size before relaxing)
 .debug_str     0x000ad557      0x184 _build/nrf52840_xxaa/nrf_sdh_soc.c.o
                              0x8cbf6 (size before relaxing)

.debug_loc      0x00000000    0x1c759
 .debug_loc     0x00000000      0x186 _build/nrf52840_xxaa/nrf_log_backend_serial.c.o
 .debug_loc     0x00000186      0x334 _build/nrf52840_xxaa/nrf_log_backend_uart.c.o
 .debug_loc     0x000004ba       0x17 _build/nrf52840_xxaa/nrf_log_default_backends.c.o
 .debug_loc     0x000004d1     0x4d6c _build/nrf52840_xxaa/nrf_log_frontend.c.o
 .debug_loc     0x0000523d      0x486 _build/nrf52840_xxaa/nrf_log_str_formatter.c.o
 .debug_loc     0x000056c3      0xcbe _build/nrf52840_xxaa/app_button.c.o
 .debug_loc     0x00006381       0xc8 _build/nrf52840_xxaa/app_error.c.o
 .debug_loc     0x00006449       0x6f _build/nrf52840_xxaa/app_error_weak.c.o